******************************************************************************
                  MSP430 Linker PC v15.12.3                    
******************************************************************************
>> Linked Thu Jun 08 16:49:42 2017

OUTPUT FILE NAME:   <BMI160_Complete.out>
ENTRY POINT SYMBOL: "_c_int00_noargs_noexit"  address: 0000cfd4


MEMORY CONFIGURATION

         name            origin    length      used     unused   attr    fill
----------------------  --------  ---------  --------  --------  ----  --------
  SFR                   00000000   00000010  00000000  00000010  RWIX
  PERIPHERALS_8BIT      00000010   000000f0  00000000  000000f0  RWIX
  PERIPHERALS_16BIT     00000100   00000100  00000000  00000100  RWIX
  RAM                   00000200   00000200  0000019d  00000063  RWIX
  INFOD                 00001000   00000040  00000000  00000040  RWIX
  INFOC                 00001040   00000040  00000000  00000040  RWIX
  INFOB                 00001080   00000040  00000000  00000040  RWIX
  INFOA                 000010c0   00000040  00000000  00000040  RWIX
  FLASH                 0000c000   00003fde  000010dc  00002f02  RWIX
  BSLSIGNATURE          0000ffde   00000002  00000002  00000000  RWIX  ffff 
  INT00                 0000ffe0   00000002  00000002  00000000  RWIX
  INT01                 0000ffe2   00000002  00000000  00000002  RWIX
  INT02                 0000ffe4   00000002  00000002  00000000  RWIX
  INT03                 0000ffe6   00000002  00000002  00000000  RWIX
  INT04                 0000ffe8   00000002  00000000  00000002  RWIX
  INT05                 0000ffea   00000002  00000002  00000000  RWIX
  INT06                 0000ffec   00000002  00000002  00000000  RWIX
  INT07                 0000ffee   00000002  00000002  00000000  RWIX
  INT08                 0000fff0   00000002  00000002  00000000  RWIX
  INT09                 0000fff2   00000002  00000002  00000000  RWIX
  INT10                 0000fff4   00000002  00000002  00000000  RWIX
  INT11                 0000fff6   00000002  00000002  00000000  RWIX
  INT12                 0000fff8   00000002  00000002  00000000  RWIX
  INT13                 0000fffa   00000002  00000002  00000000  RWIX
  INT14                 0000fffc   00000002  00000002  00000000  RWIX
  RESET                 0000fffe   00000002  00000002  00000000  RWIX


SECTION ALLOCATION MAP

 output                                  attributes/
section   page    origin      length       input sections
--------  ----  ----------  ----------   ----------------
.bss       0    00000200    00000121     UNINITIALIZED
                  00000200    00000100     (.common:rxPackArray)
                  00000300    00000006     (.common:accelorameter_raw)
                  00000306    00000006     (.common:gyroscope_raw)
                  0000030c    00000004     (.common:ay)
                  00000310    00000004     (.common:az)
                  00000314    00000002     (.common:ax_char)
                  00000316    00000002     (.common:ay_char)
                  00000318    00000002     (.common:az_char)
                  0000031a    00000002     (.common:pitch_char)
                  0000031c    00000002     (.common:roll_char)
                  0000031e    00000002     (.common:yaw_char)
                  00000320    00000001     (.common:received_ch)

.data      0    00000322    0000002c     UNINITIALIZED
                  00000322    0000002c     main.obj (.data)

.stack     0    000003b0    00000050     UNINITIALIZED
                  000003b0    00000002     rts430_eabi.lib : boot.obj (.stack)
                  000003b2    0000004e     --HOLE--

.text      0    0000c000    000010a6     
                  0000c000    00000220     main.obj (.text:Init_BMI160)
                  0000c220    000001ac     main.obj (.text:Get_Fifo)
                  0000c3cc    00000148     main.obj (.text:Initialization)
                  0000c514    00000132     rts430_eabi.lib : fs_add.obj (.text)
                  0000c646    00000104     main.obj (.text:main)
                  0000c74a    000000d8     main.obj (.text:Read_Accelorameter)
                  0000c822    000000d8     main.obj (.text:Read_Gyroscope)
                  0000c8fa    000000cc     main.obj (.text:Init)
                  0000c9c6    000000c4     rts430_eabi.lib : fs_mpy.obj (.text)
                  0000ca8a    000000a0     main.obj (.text:Uart_TransmitTxPack)
                  0000cb2a    0000009c     rts430_eabi.lib : fs_div.obj (.text)
                  0000cbc6    0000008e     main.obj (.text:USCI0RX_ISR)
                  0000cc54    00000080     main.obj (.text:Float_to_Char_array)
                  0000ccd4    00000074     main.obj (.text:Timer_A)
                  0000cd48    0000006e     rts430_eabi.lib : autoinit.obj (.text:_auto_init)
                  0000cdb6    00000068                     : fs_toi.obj (.text)
                  0000ce1e    00000064                     : copy_decompress_rle.obj (.text:__TI_decompress_rle_core)
                  0000ce82    0000005a                     : cpy_tbl.obj (.text:copy_in)
                  0000cedc    0000004a                     : fs_cmp.obj (.text)
                  0000cf26    00000048     main.obj (.text:SPI_Transceive)
                  0000cf6e    00000036     rts430_eabi.lib : fs_itof.obj (.text)
                  0000cfa4    00000030     main.obj (.text:Port_2)
                  0000cfd4    0000001a     rts430_eabi.lib : boot_special.obj (.text:_c_int00_noargs_noexit)
                  0000cfee    00000018     main.obj (.text:Uart_putchar)
                  0000d006    00000016     main.obj (.text:PackCRC)
                  0000d01c    00000014     rts430_eabi.lib : mult16.obj (.text)
                  0000d030    00000012     main.obj (.text:SPI_Read)
                  0000d042    00000012     rts430_eabi.lib : copy_decompress_none.obj (.text:decompress:none:__TI_decompress_none)
                  0000d054    00000012                     : memcpy.obj (.text:memcpy)
                  0000d066    00000010     main.obj (.text:Port_1)
                  0000d076    00000010     rts430_eabi.lib : epilog.obj (.text)
                  0000d086    00000008                     : isr_trap.obj (.text:_isr:__TI_ISR_TRAP)
                  0000d08e    00000006     main.obj (.text:SPI_Write)
                  0000d094    00000006     rts430_eabi.lib : exit.obj (.text:abort)
                  0000d09a    00000006                     : copy_decompress_rle.obj (.text:decompress:rle24:__TI_decompress_rle24)
                  0000d0a0    00000004                     : pre_init.obj (.text:_system_pre_init)
                  0000d0a4    00000002                     : startup.obj (.text:_system_post_cinit)

.binit     0    0000c000    00000000     

.const     0    0000d0a6    00000008     
                  0000d0a6    00000008     main.obj (.const)

.cinit     0    0000d0ae    0000002e     
                  0000d0ae    00000015     (.cinit..data.load) [load image, compression = rle]
                  0000d0c3    00000001     --HOLE-- [fill = 0]
                  0000d0c4    0000000b     (.cinit..bss.load) [load image, compression = rle]
                  0000d0cf    00000001     --HOLE-- [fill = 0]
                  0000d0d0    00000004     (__TI_handler_table)
                  0000d0d4    00000008     (__TI_cinit_table)

.init_array 
*          0    0000c000    00000000     UNINITIALIZED

TRAPINT    0    0000ffe0    00000002     
                  0000ffe0    00000002     rts430_eabi.lib : int00.obj (.int00)

PORT1      0    0000ffe4    00000002     
                  0000ffe4    00000002     main.obj (.int02)

PORT2      0    0000ffe6    00000002     
                  0000ffe6    00000002     main.obj (.int03)

$fill000   0    0000ffde    00000002     
                  0000ffde    00000002     --HOLE-- [fill = ffff]

ADC10      0    0000ffea    00000002     
                  0000ffea    00000002     rts430_eabi.lib : int05.obj (.int05)

USCIAB0TX 
*          0    0000ffec    00000002     
                  0000ffec    00000002     rts430_eabi.lib : int06.obj (.int06)

USCIAB0RX 
*          0    0000ffee    00000002     
                  0000ffee    00000002     main.obj (.int07)

TIMER0_A1 
*          0    0000fff0    00000002     
                  0000fff0    00000002     main.obj (.int08)

TIMER0_A0 
*          0    0000fff2    00000002     
                  0000fff2    00000002     rts430_eabi.lib : int09.obj (.int09)

WDT        0    0000fff4    00000002     
                  0000fff4    00000002     rts430_eabi.lib : int10.obj (.int10)

COMPARATORA 
*          0    0000fff6    00000002     
                  0000fff6    00000002     rts430_eabi.lib : int11.obj (.int11)

TIMER1_A1 
*          0    0000fff8    00000002     
                  0000fff8    00000002     rts430_eabi.lib : int12.obj (.int12)

TIMER1_A0 
*          0    0000fffa    00000002     
                  0000fffa    00000002     rts430_eabi.lib : int13.obj (.int13)

NMI        0    0000fffc    00000002     
                  0000fffc    00000002     rts430_eabi.lib : int14.obj (.int14)

.reset     0    0000fffe    00000002     
                  0000fffe    00000002     rts430_eabi.lib : boot.obj (.reset)

MODULE SUMMARY

       Module                     code   ro data   rw data
       ------                     ----   -------   -------
    .\
       main.obj                   2948   16        333    
    +--+--------------------------+------+---------+---------+
       Total:                     2948   16        333    
                                                          
    C:\ti\ccsv6\tools\compiler\msp430_15.12.3.LTS\lib\rts430_eabi.lib
       fs_add.obj                 306    0         0      
       fs_mpy.obj                 196    0         0      
       fs_div.obj                 156    0         0      
       autoinit.obj               110    0         0      
       copy_decompress_rle.obj    106    0         0      
       fs_toi.obj                 104    0         0      
       cpy_tbl.obj                90     0         0      
       fs_cmp.obj                 74     0         0      
       fs_itof.obj                54     0         0      
       boot_special.obj           26     0         0      
       mult16.obj                 20     0         0      
       copy_decompress_none.obj   18     0         0      
       memcpy.obj                 18     0         0      
       epilog.obj                 16     0         0      
       isr_trap.obj               8      0         0      
       exit.obj                   6      0         0      
       pre_init.obj               4      0         0      
       boot.obj                   0      2         0      
       int00.obj                  0      2         0      
       int05.obj                  0      2         0      
       int06.obj                  0      2         0      
       int09.obj                  0      2         0      
       int10.obj                  0      2         0      
       int11.obj                  0      2         0      
       int12.obj                  0      2         0      
       int13.obj                  0      2         0      
       int14.obj                  0      2         0      
       startup.obj                2      0         0      
    +--+--------------------------+------+---------+---------+
       Total:                     1314   20        0      
                                                          
       Stack:                     0      0         80     
       Linker Generated:          0      44        0      
    +--+--------------------------+------+---------+---------+
       Grand Total:               4262   80        413    


LINKER GENERATED COPY TABLES

__TI_cinit_table @ 0000d0d4 records: 2, size/record: 4, table size: 8
	.data: load addr=0000d0ae, load size=00000015 bytes, run addr=00000322, run size=0000002c bytes, compression=rle
	.bss: load addr=0000d0c4, load size=0000000b bytes, run addr=00000200, run size=00000121 bytes, compression=rle


LINKER GENERATED HANDLER TABLE

__TI_handler_table @ 0000d0d0 records: 2, size/record: 2, table size: 4
	index: 0, handler: __TI_decompress_rle24
	index: 1, handler: __TI_decompress_none


GLOBAL SYMBOLS: SORTED ALPHABETICALLY BY Name 

address   name                    
-------   ----                    
0000004a  ADC10AE0                
000001b0  ADC10CTL0               
000001b2  ADC10CTL1               
00000048  ADC10DTC0               
00000049  ADC10DTC1               
000001b4  ADC10MEM                
000001bc  ADC10SA                 
00000057  BCSCTL1                 
00000058  BCSCTL2                 
00000053  BCSCTL3                 
0000d094  C$$EXIT                 
00000059  CACTL1                  
0000005a  CACTL2                  
000010fb  CALBC1_12MHZ            
000010f9  CALBC1_16MHZ            
000010ff  CALBC1_1MHZ             
000010fd  CALBC1_8MHZ             
000010fa  CALDCO_12MHZ            
000010f8  CALDCO_16MHZ            
000010fe  CALDCO_1MHZ             
000010fc  CALDCO_8MHZ             
0000005b  CAPD                    
00000056  DCOCTL                  
00000128  FCTL1                   
0000012a  FCTL2                   
0000012c  FCTL3                   
0000cc54  Float_to_Char_array     
0000c220  Get_Fifo                
00000000  IE1                     
00000001  IE2                     
00000002  IFG1                    
00000003  IFG2                    
0000c8fa  Init                    
0000c000  Init_BMI160             
0000c3cc  Initialization          
00000022  P1DIR                   
00000025  P1IE                    
00000024  P1IES                   
00000023  P1IFG                   
00000020  P1IN                    
00000021  P1OUT                   
00000027  P1REN                   
00000026  P1SEL                   
00000041  P1SEL2                  
0000002a  P2DIR                   
0000002d  P2IE                    
0000002c  P2IES                   
0000002b  P2IFG                   
00000028  P2IN                    
00000029  P2OUT                   
0000002f  P2REN                   
0000002e  P2SEL                   
00000042  P2SEL2                  
0000001a  P3DIR                   
00000018  P3IN                    
00000019  P3OUT                   
00000010  P3REN                   
0000001b  P3SEL                   
00000043  P3SEL2                  
0000d006  PackCRC                 
0000d066  Port_1                  
0000cfa4  Port_2                  
0000c74a  Read_Accelorameter      
0000c822  Read_Gyroscope          
0000d030  SPI_Read                
0000cf26  SPI_Transceive          
0000d08e  SPI_Write               
00000172  TA0CCR0                 
00000174  TA0CCR1                 
00000176  TA0CCR2                 
00000162  TA0CCTL0                
00000164  TA0CCTL1                
00000166  TA0CCTL2                
00000160  TA0CTL                  
0000012e  TA0IV                   
00000170  TA0R                    
00000192  TA1CCR0                 
00000194  TA1CCR1                 
00000196  TA1CCR2                 
00000182  TA1CCTL0                
00000184  TA1CCTL1                
00000186  TA1CCTL2                
00000180  TA1CTL                  
0000011e  TA1IV                   
00000190  TA1R                    
000010db  TLV_ADC10_1_LEN         
000010da  TLV_ADC10_1_TAG         
000010c0  TLV_CHECKSUM            
000010f7  TLV_DCO_30_LEN          
000010f6  TLV_DCO_30_TAG          
0000ccd4  Timer_A                 
0000005d  UCA0ABCTL               
00000062  UCA0BR0                 
00000063  UCA0BR1                 
00000060  UCA0CTL0                
00000061  UCA0CTL1                
0000005f  UCA0IRRCTL              
0000005e  UCA0IRTCTL              
00000064  UCA0MCTL                
00000066  UCA0RXBUF               
00000065  UCA0STAT                
00000067  UCA0TXBUF               
0000006a  UCB0BR0                 
0000006b  UCB0BR1                 
00000068  UCB0CTL0                
00000069  UCB0CTL1                
0000006c  UCB0I2CIE               
00000118  UCB0I2COA               
0000011a  UCB0I2CSA               
0000006e  UCB0RXBUF               
0000006d  UCB0STAT                
0000006f  UCB0TXBUF               
0000cbc6  USCI0RX_ISR             
0000ca8a  Uart_TransmitTxPack     
0000cfee  Uart_putchar            
00000120  WDTCTL                  
00000334  X_Calibrate             
00000336  Y_Calibrate             
00000338  Z_Calibrate             
00000400  __STACK_END             
00000050  __STACK_SIZE            
UNDEFED   __TI_BINIT_Base         
UNDEFED   __TI_BINIT_Limit        
0000d0d4  __TI_CINIT_Base         
0000d0dc  __TI_CINIT_Limit        
0000d0d0  __TI_Handler_Table_Base 
0000d0d4  __TI_Handler_Table_Limit
UNDEFED   __TI_INITARRAY_Base     
UNDEFED   __TI_INITARRAY_Limit    
0000d086  __TI_ISR_TRAP           
0000d042  __TI_decompress_none    
0000d09a  __TI_decompress_rle24   
0000ffe0  __TI_int00              
0000ffe4  __TI_int02              
0000ffe6  __TI_int03              
0000ffea  __TI_int05              
0000ffec  __TI_int06              
0000ffee  __TI_int07              
0000fff0  __TI_int08              
0000fff2  __TI_int09              
0000fff4  __TI_int10              
0000fff6  __TI_int11              
0000fff8  __TI_int12              
0000fffa  __TI_int13              
0000fffc  __TI_int14              
ffffffff  __TI_pprof_out_hndl     
ffffffff  __TI_prof_data_size     
ffffffff  __TI_prof_data_start    
ffffffff  __c_args__              
0000c51a  __mspabi_addf           
0000cedc  __mspabi_cmpf           
0000cb2a  __mspabi_divf           
0000cdb6  __mspabi_fixfi          
0000cf6e  __mspabi_fltif          
0000d082  __mspabi_func_epilog_1  
0000d080  __mspabi_func_epilog_2  
0000d07e  __mspabi_func_epilog_3  
0000d07c  __mspabi_func_epilog_4  
0000d07a  __mspabi_func_epilog_5  
0000d078  __mspabi_func_epilog_6  
0000d076  __mspabi_func_epilog_7  
0000c9c6  __mspabi_mpyf           
0000d01c  __mspabi_mpyi           
0000d01c  __mspabi_mpyi_sw        
0000c514  __mspabi_subf           
0000cd48  _auto_init              
0000cfd4  _c_int00_noargs_noexit  
0000fffe  _reset_vector           
000003b0  _stack                  
0000d0a4  _system_post_cinit      
0000d0a0  _system_pre_init        
0000d0a6  aRes                    
0000d094  abort                   
00000300  accelorameter_raw       
0000033e  ax                      
00000314  ax_char                 
0000030c  ay                      
00000316  ay_char                 
00000310  az                      
00000318  az_char                 
0000ce82  copy_in                 
0000d0aa  gRes                    
00000346  g_Rate                  
0000033a  gyro_status             
00000306  gyroscope_raw           
0000034a  gz_offset               
0000c646  main                    
0000d054  memcpy                  
00000332  nomotion_gyro_counter   
0000031a  pitch_char              
00000327  rec_LEN                 
00000320  received_ch             
0000031c  roll_char               
00000200  rxPackArray             
00000328  rx_ACK                  
00000325  rx_CMD                  
00000324  rx_CRC                  
00000326  rx_LEN                  
00000322  rx_REC                  
00000323  rx_State                
0000032a  sensor                  
0000032c  status                  
0000033c  test1                   
0000032e  timer                   
00000330  timer_count             
00000329  uart_rx_received        
00000342  yaw                     
0000031e  yaw_char                


GLOBAL SYMBOLS: SORTED BY Symbol Address 

address   name                    
-------   ----                    
00000000  IE1                     
00000001  IE2                     
00000002  IFG1                    
00000003  IFG2                    
00000010  P3REN                   
00000018  P3IN                    
00000019  P3OUT                   
0000001a  P3DIR                   
0000001b  P3SEL                   
00000020  P1IN                    
00000021  P1OUT                   
00000022  P1DIR                   
00000023  P1IFG                   
00000024  P1IES                   
00000025  P1IE                    
00000026  P1SEL                   
00000027  P1REN                   
00000028  P2IN                    
00000029  P2OUT                   
0000002a  P2DIR                   
0000002b  P2IFG                   
0000002c  P2IES                   
0000002d  P2IE                    
0000002e  P2SEL                   
0000002f  P2REN                   
00000041  P1SEL2                  
00000042  P2SEL2                  
00000043  P3SEL2                  
00000048  ADC10DTC0               
00000049  ADC10DTC1               
0000004a  ADC10AE0                
00000050  __STACK_SIZE            
00000053  BCSCTL3                 
00000056  DCOCTL                  
00000057  BCSCTL1                 
00000058  BCSCTL2                 
00000059  CACTL1                  
0000005a  CACTL2                  
0000005b  CAPD                    
0000005d  UCA0ABCTL               
0000005e  UCA0IRTCTL              
0000005f  UCA0IRRCTL              
00000060  UCA0CTL0                
00000061  UCA0CTL1                
00000062  UCA0BR0                 
00000063  UCA0BR1                 
00000064  UCA0MCTL                
00000065  UCA0STAT                
00000066  UCA0RXBUF               
00000067  UCA0TXBUF               
00000068  UCB0CTL0                
00000069  UCB0CTL1                
0000006a  UCB0BR0                 
0000006b  UCB0BR1                 
0000006c  UCB0I2CIE               
0000006d  UCB0STAT                
0000006e  UCB0RXBUF               
0000006f  UCB0TXBUF               
00000118  UCB0I2COA               
0000011a  UCB0I2CSA               
0000011e  TA1IV                   
00000120  WDTCTL                  
00000128  FCTL1                   
0000012a  FCTL2                   
0000012c  FCTL3                   
0000012e  TA0IV                   
00000160  TA0CTL                  
00000162  TA0CCTL0                
00000164  TA0CCTL1                
00000166  TA0CCTL2                
00000170  TA0R                    
00000172  TA0CCR0                 
00000174  TA0CCR1                 
00000176  TA0CCR2                 
00000180  TA1CTL                  
00000182  TA1CCTL0                
00000184  TA1CCTL1                
00000186  TA1CCTL2                
00000190  TA1R                    
00000192  TA1CCR0                 
00000194  TA1CCR1                 
00000196  TA1CCR2                 
000001b0  ADC10CTL0               
000001b2  ADC10CTL1               
000001b4  ADC10MEM                
000001bc  ADC10SA                 
00000200  rxPackArray             
00000300  accelorameter_raw       
00000306  gyroscope_raw           
0000030c  ay                      
00000310  az                      
00000314  ax_char                 
00000316  ay_char                 
00000318  az_char                 
0000031a  pitch_char              
0000031c  roll_char               
0000031e  yaw_char                
00000320  received_ch             
00000322  rx_REC                  
00000323  rx_State                
00000324  rx_CRC                  
00000325  rx_CMD                  
00000326  rx_LEN                  
00000327  rec_LEN                 
00000328  rx_ACK                  
00000329  uart_rx_received        
0000032a  sensor                  
0000032c  status                  
0000032e  timer                   
00000330  timer_count             
00000332  nomotion_gyro_counter   
00000334  X_Calibrate             
00000336  Y_Calibrate             
00000338  Z_Calibrate             
0000033a  gyro_status             
0000033c  test1                   
0000033e  ax                      
00000342  yaw                     
00000346  g_Rate                  
0000034a  gz_offset               
000003b0  _stack                  
00000400  __STACK_END             
000010c0  TLV_CHECKSUM            
000010da  TLV_ADC10_1_TAG         
000010db  TLV_ADC10_1_LEN         
000010f6  TLV_DCO_30_TAG          
000010f7  TLV_DCO_30_LEN          
000010f8  CALDCO_16MHZ            
000010f9  CALBC1_16MHZ            
000010fa  CALDCO_12MHZ            
000010fb  CALBC1_12MHZ            
000010fc  CALDCO_8MHZ             
000010fd  CALBC1_8MHZ             
000010fe  CALDCO_1MHZ             
000010ff  CALBC1_1MHZ             
0000c000  Init_BMI160             
0000c220  Get_Fifo                
0000c3cc  Initialization          
0000c514  __mspabi_subf           
0000c51a  __mspabi_addf           
0000c646  main                    
0000c74a  Read_Accelorameter      
0000c822  Read_Gyroscope          
0000c8fa  Init                    
0000c9c6  __mspabi_mpyf           
0000ca8a  Uart_TransmitTxPack     
0000cb2a  __mspabi_divf           
0000cbc6  USCI0RX_ISR             
0000cc54  Float_to_Char_array     
0000ccd4  Timer_A                 
0000cd48  _auto_init              
0000cdb6  __mspabi_fixfi          
0000ce82  copy_in                 
0000cedc  __mspabi_cmpf           
0000cf26  SPI_Transceive          
0000cf6e  __mspabi_fltif          
0000cfa4  Port_2                  
0000cfd4  _c_int00_noargs_noexit  
0000cfee  Uart_putchar            
0000d006  PackCRC                 
0000d01c  __mspabi_mpyi           
0000d01c  __mspabi_mpyi_sw        
0000d030  SPI_Read                
0000d042  __TI_decompress_none    
0000d054  memcpy                  
0000d066  Port_1                  
0000d076  __mspabi_func_epilog_7  
0000d078  __mspabi_func_epilog_6  
0000d07a  __mspabi_func_epilog_5  
0000d07c  __mspabi_func_epilog_4  
0000d07e  __mspabi_func_epilog_3  
0000d080  __mspabi_func_epilog_2  
0000d082  __mspabi_func_epilog_1  
0000d086  __TI_ISR_TRAP           
0000d08e  SPI_Write               
0000d094  C$$EXIT                 
0000d094  abort                   
0000d09a  __TI_decompress_rle24   
0000d0a0  _system_pre_init        
0000d0a4  _system_post_cinit      
0000d0a6  aRes                    
0000d0aa  gRes                    
0000d0d0  __TI_Handler_Table_Base 
0000d0d4  __TI_CINIT_Base         
0000d0d4  __TI_Handler_Table_Limit
0000d0dc  __TI_CINIT_Limit        
0000ffe0  __TI_int00              
0000ffe4  __TI_int02              
0000ffe6  __TI_int03              
0000ffea  __TI_int05              
0000ffec  __TI_int06              
0000ffee  __TI_int07              
0000fff0  __TI_int08              
0000fff2  __TI_int09              
0000fff4  __TI_int10              
0000fff6  __TI_int11              
0000fff8  __TI_int12              
0000fffa  __TI_int13              
0000fffc  __TI_int14              
0000fffe  _reset_vector           
ffffffff  __TI_pprof_out_hndl     
ffffffff  __TI_prof_data_size     
ffffffff  __TI_prof_data_start    
ffffffff  __c_args__              
UNDEFED   __TI_BINIT_Base         
UNDEFED   __TI_BINIT_Limit        
UNDEFED   __TI_INITARRAY_Base     
UNDEFED   __TI_INITARRAY_Limit    

[208 symbols]
