******************************************************************************
                  MSP430 Linker PC v16.9.4                     
******************************************************************************
>> Linked Mon Mar 05 16:18:52 2018

OUTPUT FILE NAME:   <BMI160_Complete.out>
ENTRY POINT SYMBOL: "_c_int00_noargs_noexit"  address: 0000d96a


MEMORY CONFIGURATION

         name            origin    length      used     unused   attr    fill
----------------------  --------  ---------  --------  --------  ----  --------
  SFR                   00000000   00000010  00000000  00000010  RWIX
  PERIPHERALS_8BIT      00000010   000000f0  00000000  000000f0  RWIX
  PERIPHERALS_16BIT     00000100   00000100  00000000  00000100  RWIX
  RAM                   00000200   00000200  000001a1  0000005f  RWIX
  INFOD                 00001000   00000040  00000000  00000040  RWIX
  INFOC                 00001040   00000040  00000000  00000040  RWIX
  INFOB                 00001080   00000040  00000000  00000040  RWIX
  INFOA                 000010c0   00000040  00000000  00000040  RWIX
  FLASH                 0000c000   00003fde  00001acc  00002512  RWIX
  BSLSIGNATURE          0000ffde   00000002  00000002  00000000  RWIX  ffff 
  INT00                 0000ffe0   00000002  00000002  00000000  RWIX
  INT01                 0000ffe2   00000002  00000000  00000002  RWIX
  INT02                 0000ffe4   00000002  00000002  00000000  RWIX
  INT03                 0000ffe6   00000002  00000002  00000000  RWIX
  INT04                 0000ffe8   00000002  00000000  00000002  RWIX
  INT05                 0000ffea   00000002  00000002  00000000  RWIX
  INT06                 0000ffec   00000002  00000002  00000000  RWIX
  INT07                 0000ffee   00000002  00000002  00000000  RWIX
  INT08                 0000fff0   00000002  00000002  00000000  RWIX
  INT09                 0000fff2   00000002  00000002  00000000  RWIX
  INT10                 0000fff4   00000002  00000002  00000000  RWIX
  INT11                 0000fff6   00000002  00000002  00000000  RWIX
  INT12                 0000fff8   00000002  00000002  00000000  RWIX
  INT13                 0000fffa   00000002  00000002  00000000  RWIX
  INT14                 0000fffc   00000002  00000002  00000000  RWIX
  RESET                 0000fffe   00000002  00000002  00000000  RWIX


SECTION ALLOCATION MAP

 output                                  attributes/
section   page    origin      length       input sections
--------  ----  ----------  ----------   ----------------
.bss       0    00000200    0000011d     UNINITIALIZED
                  00000200    00000100     (.common:rxPackArray)
                  00000300    00000006     (.common:accelorameter_raw)
                  00000306    00000006     (.common:gyroscope_raw)
                  0000030c    00000004     (.common:ay)
                  00000310    00000004     (.common:az)
                  00000314    00000004     (.common:pitch)
                  00000318    00000002     (.common:test_0)
                  0000031a    00000002     (.common:test_2)
                  0000031c    00000001     (.common:received_ch)

.data      0    0000031e    00000034     UNINITIALIZED
                  0000031e    00000032     main.obj (.data)
                  00000350    00000002     rts430_eabi.lib : errno.obj (.data)

.stack     0    000003b0    00000050     UNINITIALIZED
                  000003b0    00000002     rts430_eabi.lib : boot.obj (.stack)
                  000003b2    0000004e     --HOLE--

.text      0    0000c000    00001a6a     
                  0000c000    0000047c     main.obj (.text:main)
                  0000c47c    00000276     rts430_eabi.lib : s_atanf.obj (.text:atanf)
                  0000c6f2    00000240                     : e_atan2f.obj (.text:atan2f)
                  0000c932    00000228     main.obj (.text:Init_BMI160)
                  0000cb5a    000001f6     main.obj (.text:Get_Fifo)
                  0000cd50    0000018a     main.obj (.text:Initialization)
                  0000ceda    0000013c     rts430_eabi.lib : e_sqrtf.obj (.text:sqrtf)
                  0000d016    00000132                     : fs_add.obj (.text)
                  0000d148    000000d8     main.obj (.text:Read_Accelorameter)
                  0000d220    000000d8     main.obj (.text:Read_Gyroscope)
                  0000d2f8    000000d0     main.obj (.text:Init)
                  0000d3c8    000000c4     rts430_eabi.lib : fs_mpy.obj (.text)
                  0000d48c    0000009c                     : fs_div.obj (.text)
                  0000d528    0000007c                     : copy_decompress_lzss.obj (.text:decompress:lzss:__TI_decompress_lzss)
                  0000d5a4    00000076     main.obj (.text:Timer_A)
                  0000d61a    0000006e     rts430_eabi.lib : autoinit.obj (.text:_auto_init)
                  0000d688    0000005a     main.obj (.text:USCI0RX_ISR)
                  0000d6e2    0000005a     rts430_eabi.lib : cpy_tbl.obj (.text:copy_in)
                  0000d73c    0000004c                     : lsr16.obj (.text)
                  0000d788    0000004a                     : fs_cmp.obj (.text)
                  0000d7d2    00000048     main.obj (.text:SPI_Transceive)
                  0000d81a    00000038     main.obj (.text:Port_2)
                  0000d852    00000036     rts430_eabi.lib : fs_itof.obj (.text)
                  0000d888    00000030     main.obj (.text:TIMER1_A1_ISR)
                  0000d8b8    0000002e     main.obj (.text:Start_UART_Transmission)
                  0000d8e6    0000002c     rts430_eabi.lib : asr16.obj (.text)
                  0000d912    0000002c                     : div16s.obj (.text)
                  0000d93e    0000002c                     : lsl16.obj (.text)
                  0000d96a    0000001a                     : boot_special.obj (.text:_c_int00_noargs_noexit)
                  0000d984    00000018     main.obj (.text:Uart_putchar)
                  0000d99c    00000016     main.obj (.text:PackCRC)
                  0000d9b2    00000016     rts430_eabi.lib : div16u.obj (.text)
                  0000d9c8    00000014                     : copy_zero_init.obj (.text:decompress:ZI:__TI_zero_init)
                  0000d9dc    00000014                     : mult16.obj (.text)
                  0000d9f0    00000012     main.obj (.text:SPI_Read)
                  0000da02    00000012     rts430_eabi.lib : copy_decompress_none.obj (.text:decompress:none:__TI_decompress_none)
                  0000da14    00000012                     : memcpy.obj (.text:memcpy)
                  0000da26    00000010     main.obj (.text:Port_1)
                  0000da36    00000010     rts430_eabi.lib : epilog.obj (.text)
                  0000da46    0000000a                     : fs_neg.obj (.text)
                  0000da50    00000008                     : isr_trap.obj (.text:_isr:__TI_ISR_TRAP)
                  0000da58    00000006     main.obj (.text:SPI_Write)
                  0000da5e    00000006     rts430_eabi.lib : exit.obj (.text:abort)
                  0000da64    00000004                     : pre_init.obj (.text:_system_pre_init)
                  0000da68    00000002                     : startup.obj (.text:_system_post_cinit)

.binit     0    0000c000    00000000     

.const     0    0000da6a    0000003c     
                  0000da6a    00000014     rts430_eabi.lib : s_atanf.obj (.const:aT)
                  0000da7e    00000010                     : s_atanf.obj (.const:atanhi)
                  0000da8e    00000010                     : s_atanf.obj (.const:atanlo)
                  0000da9e    00000008     main.obj (.const)

.cinit     0    0000daa6    00000026     
                  0000daa6    00000014     (.cinit..data.load) [load image, compression = lzss]
                  0000daba    00000006     (__TI_handler_table)
                  0000dac0    00000004     (.cinit..bss.load) [load image, compression = zero_init]
                  0000dac4    00000008     (__TI_cinit_table)

.init_array 
*          0    0000c000    00000000     UNINITIALIZED

TRAPINT    0    0000ffe0    00000002     
                  0000ffe0    00000002     rts430_eabi.lib : int00.obj (.int00)

PORT1      0    0000ffe4    00000002     
                  0000ffe4    00000002     main.obj (.int02)

PORT2      0    0000ffe6    00000002     
                  0000ffe6    00000002     main.obj (.int03)

$fill000   0    0000ffde    00000002     
                  0000ffde    00000002     --HOLE-- [fill = ffff]

ADC10      0    0000ffea    00000002     
                  0000ffea    00000002     rts430_eabi.lib : int05.obj (.int05)

USCIAB0TX 
*          0    0000ffec    00000002     
                  0000ffec    00000002     rts430_eabi.lib : int06.obj (.int06)

USCIAB0RX 
*          0    0000ffee    00000002     
                  0000ffee    00000002     main.obj (.int07)

TIMER0_A1 
*          0    0000fff0    00000002     
                  0000fff0    00000002     main.obj (.int08)

TIMER0_A0 
*          0    0000fff2    00000002     
                  0000fff2    00000002     rts430_eabi.lib : int09.obj (.int09)

WDT        0    0000fff4    00000002     
                  0000fff4    00000002     rts430_eabi.lib : int10.obj (.int10)

COMPARATORA 
*          0    0000fff6    00000002     
                  0000fff6    00000002     rts430_eabi.lib : int11.obj (.int11)

TIMER1_A1 
*          0    0000fff8    00000002     
                  0000fff8    00000002     main.obj (.int12)

TIMER1_A0 
*          0    0000fffa    00000002     
                  0000fffa    00000002     rts430_eabi.lib : int13.obj (.int13)

NMI        0    0000fffc    00000002     
                  0000fffc    00000002     rts430_eabi.lib : int14.obj (.int14)

.reset     0    0000fffe    00000002     
                  0000fffe    00000002     rts430_eabi.lib : boot.obj (.reset)

MODULE SUMMARY

       Module                     code   ro data   rw data
       ------                     ----   -------   -------
    .\
       main.obj                   3752   18        335    
    +--+--------------------------+------+---------+---------+
       Total:                     3752   18        335    
                                                          
    C:\ti\ccsv7\tools\compiler\ti-cgt-msp430_16.9.4.LTS\lib\rts430_eabi.lib
       s_atanf.obj                630    52        0      
       e_atan2f.obj               576    0         0      
       e_sqrtf.obj                316    0         0      
       fs_add.obj                 306    0         0      
       fs_mpy.obj                 196    0         0      
       fs_div.obj                 156    0         0      
       copy_decompress_lzss.obj   124    0         0      
       autoinit.obj               110    0         0      
       cpy_tbl.obj                90     0         0      
       lsr16.obj                  76     0         0      
       fs_cmp.obj                 74     0         0      
       fs_itof.obj                54     0         0      
       asr16.obj                  44     0         0      
       div16s.obj                 44     0         0      
       lsl16.obj                  44     0         0      
       boot_special.obj           26     0         0      
       div16u.obj                 22     0         0      
       copy_zero_init.obj         20     0         0      
       mult16.obj                 20     0         0      
       copy_decompress_none.obj   18     0         0      
       memcpy.obj                 18     0         0      
       epilog.obj                 16     0         0      
       fs_neg.obj                 10     0         0      
       isr_trap.obj               8      0         0      
       exit.obj                   6      0         0      
       pre_init.obj               4      0         0      
       boot.obj                   0      2         0      
       errno.obj                  0      0         2      
       int00.obj                  0      2         0      
       int05.obj                  0      2         0      
       int06.obj                  0      2         0      
       int09.obj                  0      2         0      
       int10.obj                  0      2         0      
       int11.obj                  0      2         0      
       int13.obj                  0      2         0      
       int14.obj                  0      2         0      
       startup.obj                2      0         0      
    +--+--------------------------+------+---------+---------+
       Total:                     3010   70        2      
                                                          
       Stack:                     0      0         80     
       Linker Generated:          0      38        0      
    +--+--------------------------+------+---------+---------+
       Grand Total:               6762   126       417    


LINKER GENERATED COPY TABLES

__TI_cinit_table @ 0000dac4 records: 2, size/record: 4, table size: 8
	.data: load addr=0000daa6, load size=00000014 bytes, run addr=0000031e, run size=00000034 bytes, compression=lzss
	.bss: load addr=0000dac0, load size=00000004 bytes, run addr=00000200, run size=0000011d bytes, compression=zero_init


LINKER GENERATED HANDLER TABLE

__TI_handler_table @ 0000daba records: 3, size/record: 2, table size: 6
	index: 0, handler: __TI_zero_init
	index: 1, handler: __TI_decompress_lzss
	index: 2, handler: __TI_decompress_none


GLOBAL SYMBOLS: SORTED ALPHABETICALLY BY Name 

address   name                    
-------   ----                    
0000004a  ADC10AE0                
000001b0  ADC10CTL0               
000001b2  ADC10CTL1               
00000048  ADC10DTC0               
00000049  ADC10DTC1               
000001b4  ADC10MEM                
000001bc  ADC10SA                 
00000057  BCSCTL1                 
00000058  BCSCTL2                 
00000053  BCSCTL3                 
0000da5e  C$$EXIT                 
00000059  CACTL1                  
0000005a  CACTL2                  
000010fb  CALBC1_12MHZ            
000010f9  CALBC1_16MHZ            
000010ff  CALBC1_1MHZ             
000010fd  CALBC1_8MHZ             
000010fa  CALDCO_12MHZ            
000010f8  CALDCO_16MHZ            
000010fe  CALDCO_1MHZ             
000010fc  CALDCO_8MHZ             
0000005b  CAPD                    
00000056  DCOCTL                  
00000128  FCTL1                   
0000012a  FCTL2                   
0000012c  FCTL3                   
0000cb5a  Get_Fifo                
00000000  IE1                     
00000001  IE2                     
00000002  IFG1                    
00000003  IFG2                    
0000d2f8  Init                    
0000c932  Init_BMI160             
0000cd50  Initialization          
00000022  P1DIR                   
00000025  P1IE                    
00000024  P1IES                   
00000023  P1IFG                   
00000020  P1IN                    
00000021  P1OUT                   
00000027  P1REN                   
00000026  P1SEL                   
00000041  P1SEL2                  
0000002a  P2DIR                   
0000002d  P2IE                    
0000002c  P2IES                   
0000002b  P2IFG                   
00000028  P2IN                    
00000029  P2OUT                   
0000002f  P2REN                   
0000002e  P2SEL                   
00000042  P2SEL2                  
0000001a  P3DIR                   
00000018  P3IN                    
00000019  P3OUT                   
00000010  P3REN                   
0000001b  P3SEL                   
00000043  P3SEL2                  
0000d99c  PackCRC                 
0000da26  Port_1                  
0000d81a  Port_2                  
0000d148  Read_Accelorameter      
0000d220  Read_Gyroscope          
0000d9f0  SPI_Read                
0000d7d2  SPI_Transceive          
0000da58  SPI_Write               
0000d8b8  Start_UART_Transmission 
00000172  TA0CCR0                 
00000174  TA0CCR1                 
00000176  TA0CCR2                 
00000162  TA0CCTL0                
00000164  TA0CCTL1                
00000166  TA0CCTL2                
00000160  TA0CTL                  
0000012e  TA0IV                   
00000170  TA0R                    
00000192  TA1CCR0                 
00000194  TA1CCR1                 
00000196  TA1CCR2                 
00000182  TA1CCTL0                
00000184  TA1CCTL1                
00000186  TA1CCTL2                
00000180  TA1CTL                  
0000011e  TA1IV                   
00000190  TA1R                    
0000d888  TIMER1_A1_ISR           
000010db  TLV_ADC10_1_LEN         
000010da  TLV_ADC10_1_TAG         
000010c0  TLV_CHECKSUM            
000010f7  TLV_DCO_30_LEN          
000010f6  TLV_DCO_30_TAG          
0000d5a4  Timer_A                 
0000005d  UCA0ABCTL               
00000062  UCA0BR0                 
00000063  UCA0BR1                 
00000060  UCA0CTL0                
00000061  UCA0CTL1                
0000005f  UCA0IRRCTL              
0000005e  UCA0IRTCTL              
00000064  UCA0MCTL                
00000066  UCA0RXBUF               
00000065  UCA0STAT                
00000067  UCA0TXBUF               
0000006a  UCB0BR0                 
0000006b  UCB0BR1                 
00000068  UCB0CTL0                
00000069  UCB0CTL1                
0000006c  UCB0I2CIE               
00000118  UCB0I2COA               
0000011a  UCB0I2CSA               
0000006e  UCB0RXBUF               
0000006d  UCB0STAT                
0000006f  UCB0TXBUF               
0000d688  USCI0RX_ISR             
0000d984  Uart_putchar            
00000120  WDTCTL                  
00000332  X_Calibrate             
00000334  Y_Calibrate             
00000336  Z_Calibrate             
00000400  __STACK_END             
00000050  __STACK_SIZE            
UNDEFED   __TI_BINIT_Base         
UNDEFED   __TI_BINIT_Limit        
0000dac4  __TI_CINIT_Base         
0000dacc  __TI_CINIT_Limit        
0000daba  __TI_Handler_Table_Base 
0000dac0  __TI_Handler_Table_Limit
UNDEFED   __TI_INITARRAY_Base     
UNDEFED   __TI_INITARRAY_Limit    
0000da50  __TI_ISR_TRAP           
0000d528  __TI_decompress_lzss    
0000da02  __TI_decompress_none    
0000ffe0  __TI_int00              
0000ffe4  __TI_int02              
0000ffe6  __TI_int03              
0000ffea  __TI_int05              
0000ffec  __TI_int06              
0000ffee  __TI_int07              
0000fff0  __TI_int08              
0000fff2  __TI_int09              
0000fff4  __TI_int10              
0000fff6  __TI_int11              
0000fff8  __TI_int12              
0000fffa  __TI_int13              
0000fffc  __TI_int14              
ffffffff  __TI_pprof_out_hndl     
ffffffff  __TI_prof_data_size     
ffffffff  __TI_prof_data_start    
0000d9c8  __TI_zero_init          
ffffffff  __c_args__              
0000d01c  __mspabi_addf           
0000d788  __mspabi_cmpf           
0000d48c  __mspabi_divf           
0000d912  __mspabi_divi           
0000d9b2  __mspabi_divu           
0000d852  __mspabi_fltif          
0000da42  __mspabi_func_epilog_1  
0000da40  __mspabi_func_epilog_2  
0000da3e  __mspabi_func_epilog_3  
0000da3c  __mspabi_func_epilog_4  
0000da3a  __mspabi_func_epilog_5  
0000da38  __mspabi_func_epilog_6  
0000da36  __mspabi_func_epilog_7  
0000d3c8  __mspabi_mpyf           
0000d9dc  __mspabi_mpyi           
0000d9dc  __mspabi_mpyi_sw        
0000da46  __mspabi_negf           
0000d912  __mspabi_remi           
0000d9b2  __mspabi_remu           
0000d93e  __mspabi_slli           
0000d966  __mspabi_slli_1         
0000d954  __mspabi_slli_10        
0000d952  __mspabi_slli_11        
0000d950  __mspabi_slli_12        
0000d94e  __mspabi_slli_13        
0000d94c  __mspabi_slli_14        
0000d94a  __mspabi_slli_15        
0000d964  __mspabi_slli_2         
0000d962  __mspabi_slli_3         
0000d960  __mspabi_slli_4         
0000d95e  __mspabi_slli_5         
0000d95c  __mspabi_slli_6         
0000d95a  __mspabi_slli_7         
0000d958  __mspabi_slli_8         
0000d956  __mspabi_slli_9         
0000d8e6  __mspabi_srai           
0000d90e  __mspabi_srai_1         
0000d8fc  __mspabi_srai_10        
0000d8fa  __mspabi_srai_11        
0000d8f8  __mspabi_srai_12        
0000d8f6  __mspabi_srai_13        
0000d8f4  __mspabi_srai_14        
0000d8f2  __mspabi_srai_15        
0000d90c  __mspabi_srai_2         
0000d90a  __mspabi_srai_3         
0000d908  __mspabi_srai_4         
0000d906  __mspabi_srai_5         
0000d904  __mspabi_srai_6         
0000d902  __mspabi_srai_7         
0000d900  __mspabi_srai_8         
0000d8fe  __mspabi_srai_9         
0000d73c  __mspabi_srli           
0000d782  __mspabi_srli_1         
0000d75e  __mspabi_srli_10        
0000d75a  __mspabi_srli_11        
0000d756  __mspabi_srli_12        
0000d752  __mspabi_srli_13        
0000d74e  __mspabi_srli_14        
0000d74a  __mspabi_srli_15        
0000d77e  __mspabi_srli_2         
0000d77a  __mspabi_srli_3         
0000d776  __mspabi_srli_4         
0000d772  __mspabi_srli_5         
0000d76e  __mspabi_srli_6         
0000d76a  __mspabi_srli_7         
0000d766  __mspabi_srli_8         
0000d762  __mspabi_srli_9         
0000d016  __mspabi_subf           
0000d61a  _auto_init              
0000d96a  _c_int00_noargs_noexit  
0000fffe  _reset_vector           
000003b0  _stack                  
0000da68  _system_post_cinit      
0000da64  _system_pre_init        
0000da9e  aRes                    
0000da5e  abort                   
00000300  accelorameter_raw       
0000c6f2  atan2f                  
0000c47c  atanf                   
00000340  ax                      
0000030c  ay                      
00000310  az                      
0000d6e2  copy_in                 
0000033a  data                    
00000350  errno                   
0000033c  fast_response           
0000daa2  gRes                    
00000348  g_Rate                  
00000338  gyro_status             
00000306  gyroscope_raw           
0000034c  gz_offset               
0000c000  main                    
0000da14  memcpy                  
00000330  nomotion_gyro_counter   
00000314  pitch                   
00000325  rec_LEN                 
0000031c  received_ch             
00000200  rxPackArray             
00000326  rx_ACK                  
00000323  rx_CMD                  
00000322  rx_CRC                  
00000324  rx_LEN                  
00000320  rx_REC                  
00000321  rx_State                
00000328  sensor                  
0000ceda  sqrtf                   
0000032a  status                  
0000033e  test1                   
00000318  test_0                  
0000031e  test_1                  
0000031a  test_2                  
0000032c  timer                   
0000032e  timer_count             
00000327  uart_rx_received        
00000344  yaw                     


GLOBAL SYMBOLS: SORTED BY Symbol Address 

address   name                    
-------   ----                    
00000000  IE1                     
00000001  IE2                     
00000002  IFG1                    
00000003  IFG2                    
00000010  P3REN                   
00000018  P3IN                    
00000019  P3OUT                   
0000001a  P3DIR                   
0000001b  P3SEL                   
00000020  P1IN                    
00000021  P1OUT                   
00000022  P1DIR                   
00000023  P1IFG                   
00000024  P1IES                   
00000025  P1IE                    
00000026  P1SEL                   
00000027  P1REN                   
00000028  P2IN                    
00000029  P2OUT                   
0000002a  P2DIR                   
0000002b  P2IFG                   
0000002c  P2IES                   
0000002d  P2IE                    
0000002e  P2SEL                   
0000002f  P2REN                   
00000041  P1SEL2                  
00000042  P2SEL2                  
00000043  P3SEL2                  
00000048  ADC10DTC0               
00000049  ADC10DTC1               
0000004a  ADC10AE0                
00000050  __STACK_SIZE            
00000053  BCSCTL3                 
00000056  DCOCTL                  
00000057  BCSCTL1                 
00000058  BCSCTL2                 
00000059  CACTL1                  
0000005a  CACTL2                  
0000005b  CAPD                    
0000005d  UCA0ABCTL               
0000005e  UCA0IRTCTL              
0000005f  UCA0IRRCTL              
00000060  UCA0CTL0                
00000061  UCA0CTL1                
00000062  UCA0BR0                 
00000063  UCA0BR1                 
00000064  UCA0MCTL                
00000065  UCA0STAT                
00000066  UCA0RXBUF               
00000067  UCA0TXBUF               
00000068  UCB0CTL0                
00000069  UCB0CTL1                
0000006a  UCB0BR0                 
0000006b  UCB0BR1                 
0000006c  UCB0I2CIE               
0000006d  UCB0STAT                
0000006e  UCB0RXBUF               
0000006f  UCB0TXBUF               
00000118  UCB0I2COA               
0000011a  UCB0I2CSA               
0000011e  TA1IV                   
00000120  WDTCTL                  
00000128  FCTL1                   
0000012a  FCTL2                   
0000012c  FCTL3                   
0000012e  TA0IV                   
00000160  TA0CTL                  
00000162  TA0CCTL0                
00000164  TA0CCTL1                
00000166  TA0CCTL2                
00000170  TA0R                    
00000172  TA0CCR0                 
00000174  TA0CCR1                 
00000176  TA0CCR2                 
00000180  TA1CTL                  
00000182  TA1CCTL0                
00000184  TA1CCTL1                
00000186  TA1CCTL2                
00000190  TA1R                    
00000192  TA1CCR0                 
00000194  TA1CCR1                 
00000196  TA1CCR2                 
000001b0  ADC10CTL0               
000001b2  ADC10CTL1               
000001b4  ADC10MEM                
000001bc  ADC10SA                 
00000200  rxPackArray             
00000300  accelorameter_raw       
00000306  gyroscope_raw           
0000030c  ay                      
00000310  az                      
00000314  pitch                   
00000318  test_0                  
0000031a  test_2                  
0000031c  received_ch             
0000031e  test_1                  
00000320  rx_REC                  
00000321  rx_State                
00000322  rx_CRC                  
00000323  rx_CMD                  
00000324  rx_LEN                  
00000325  rec_LEN                 
00000326  rx_ACK                  
00000327  uart_rx_received        
00000328  sensor                  
0000032a  status                  
0000032c  timer                   
0000032e  timer_count             
00000330  nomotion_gyro_counter   
00000332  X_Calibrate             
00000334  Y_Calibrate             
00000336  Z_Calibrate             
00000338  gyro_status             
0000033a  data                    
0000033c  fast_response           
0000033e  test1                   
00000340  ax                      
00000344  yaw                     
00000348  g_Rate                  
0000034c  gz_offset               
00000350  errno                   
000003b0  _stack                  
00000400  __STACK_END             
000010c0  TLV_CHECKSUM            
000010da  TLV_ADC10_1_TAG         
000010db  TLV_ADC10_1_LEN         
000010f6  TLV_DCO_30_TAG          
000010f7  TLV_DCO_30_LEN          
000010f8  CALDCO_16MHZ            
000010f9  CALBC1_16MHZ            
000010fa  CALDCO_12MHZ            
000010fb  CALBC1_12MHZ            
000010fc  CALDCO_8MHZ             
000010fd  CALBC1_8MHZ             
000010fe  CALDCO_1MHZ             
000010ff  CALBC1_1MHZ             
0000c000  main                    
0000c47c  atanf                   
0000c6f2  atan2f                  
0000c932  Init_BMI160             
0000cb5a  Get_Fifo                
0000cd50  Initialization          
0000ceda  sqrtf                   
0000d016  __mspabi_subf           
0000d01c  __mspabi_addf           
0000d148  Read_Accelorameter      
0000d220  Read_Gyroscope          
0000d2f8  Init                    
0000d3c8  __mspabi_mpyf           
0000d48c  __mspabi_divf           
0000d528  __TI_decompress_lzss    
0000d5a4  Timer_A                 
0000d61a  _auto_init              
0000d688  USCI0RX_ISR             
0000d6e2  copy_in                 
0000d73c  __mspabi_srli           
0000d74a  __mspabi_srli_15        
0000d74e  __mspabi_srli_14        
0000d752  __mspabi_srli_13        
0000d756  __mspabi_srli_12        
0000d75a  __mspabi_srli_11        
0000d75e  __mspabi_srli_10        
0000d762  __mspabi_srli_9         
0000d766  __mspabi_srli_8         
0000d76a  __mspabi_srli_7         
0000d76e  __mspabi_srli_6         
0000d772  __mspabi_srli_5         
0000d776  __mspabi_srli_4         
0000d77a  __mspabi_srli_3         
0000d77e  __mspabi_srli_2         
0000d782  __mspabi_srli_1         
0000d788  __mspabi_cmpf           
0000d7d2  SPI_Transceive          
0000d81a  Port_2                  
0000d852  __mspabi_fltif          
0000d888  TIMER1_A1_ISR           
0000d8b8  Start_UART_Transmission 
0000d8e6  __mspabi_srai           
0000d8f2  __mspabi_srai_15        
0000d8f4  __mspabi_srai_14        
0000d8f6  __mspabi_srai_13        
0000d8f8  __mspabi_srai_12        
0000d8fa  __mspabi_srai_11        
0000d8fc  __mspabi_srai_10        
0000d8fe  __mspabi_srai_9         
0000d900  __mspabi_srai_8         
0000d902  __mspabi_srai_7         
0000d904  __mspabi_srai_6         
0000d906  __mspabi_srai_5         
0000d908  __mspabi_srai_4         
0000d90a  __mspabi_srai_3         
0000d90c  __mspabi_srai_2         
0000d90e  __mspabi_srai_1         
0000d912  __mspabi_divi           
0000d912  __mspabi_remi           
0000d93e  __mspabi_slli           
0000d94a  __mspabi_slli_15        
0000d94c  __mspabi_slli_14        
0000d94e  __mspabi_slli_13        
0000d950  __mspabi_slli_12        
0000d952  __mspabi_slli_11        
0000d954  __mspabi_slli_10        
0000d956  __mspabi_slli_9         
0000d958  __mspabi_slli_8         
0000d95a  __mspabi_slli_7         
0000d95c  __mspabi_slli_6         
0000d95e  __mspabi_slli_5         
0000d960  __mspabi_slli_4         
0000d962  __mspabi_slli_3         
0000d964  __mspabi_slli_2         
0000d966  __mspabi_slli_1         
0000d96a  _c_int00_noargs_noexit  
0000d984  Uart_putchar            
0000d99c  PackCRC                 
0000d9b2  __mspabi_divu           
0000d9b2  __mspabi_remu           
0000d9c8  __TI_zero_init          
0000d9dc  __mspabi_mpyi           
0000d9dc  __mspabi_mpyi_sw        
0000d9f0  SPI_Read                
0000da02  __TI_decompress_none    
0000da14  memcpy                  
0000da26  Port_1                  
0000da36  __mspabi_func_epilog_7  
0000da38  __mspabi_func_epilog_6  
0000da3a  __mspabi_func_epilog_5  
0000da3c  __mspabi_func_epilog_4  
0000da3e  __mspabi_func_epilog_3  
0000da40  __mspabi_func_epilog_2  
0000da42  __mspabi_func_epilog_1  
0000da46  __mspabi_negf           
0000da50  __TI_ISR_TRAP           
0000da58  SPI_Write               
0000da5e  C$$EXIT                 
0000da5e  abort                   
0000da64  _system_pre_init        
0000da68  _system_post_cinit      
0000da9e  aRes                    
0000daa2  gRes                    
0000daba  __TI_Handler_Table_Base 
0000dac0  __TI_Handler_Table_Limit
0000dac4  __TI_CINIT_Base         
0000dacc  __TI_CINIT_Limit        
0000ffe0  __TI_int00              
0000ffe4  __TI_int02              
0000ffe6  __TI_int03              
0000ffea  __TI_int05              
0000ffec  __TI_int06              
0000ffee  __TI_int07              
0000fff0  __TI_int08              
0000fff2  __TI_int09              
0000fff4  __TI_int10              
0000fff6  __TI_int11              
0000fff8  __TI_int12              
0000fffa  __TI_int13              
0000fffc  __TI_int14              
0000fffe  _reset_vector           
ffffffff  __TI_pprof_out_hndl     
ffffffff  __TI_prof_data_size     
ffffffff  __TI_prof_data_start    
ffffffff  __c_args__              
UNDEFED   __TI_BINIT_Base         
UNDEFED   __TI_BINIT_Limit        
UNDEFED   __TI_INITARRAY_Base     
UNDEFED   __TI_INITARRAY_Limit    

[265 symbols]
