******************************************************************************
                  MSP430 Linker PC v16.9.4                     
******************************************************************************
>> Linked Fri Mar 02 10:45:37 2018

OUTPUT FILE NAME:   <BMI160_Complete.out>
ENTRY POINT SYMBOL: "_c_int00_noargs_noexit"  address: 0000d8ca


MEMORY CONFIGURATION

         name            origin    length      used     unused   attr    fill
----------------------  --------  ---------  --------  --------  ----  --------
  SFR                   00000000   00000010  00000000  00000010  RWIX
  PERIPHERALS_8BIT      00000010   000000f0  00000000  000000f0  RWIX
  PERIPHERALS_16BIT     00000100   00000100  00000000  00000100  RWIX
  RAM                   00000200   00000200  0000019f  00000061  RWIX
  INFOD                 00001000   00000040  00000000  00000040  RWIX
  INFOC                 00001040   00000040  00000000  00000040  RWIX
  INFOB                 00001080   00000040  00000000  00000040  RWIX
  INFOA                 000010c0   00000040  00000000  00000040  RWIX
  FLASH                 0000c000   00003fde  00001a2c  000025b2  RWIX
  BSLSIGNATURE          0000ffde   00000002  00000002  00000000  RWIX  ffff 
  INT00                 0000ffe0   00000002  00000002  00000000  RWIX
  INT01                 0000ffe2   00000002  00000000  00000002  RWIX
  INT02                 0000ffe4   00000002  00000002  00000000  RWIX
  INT03                 0000ffe6   00000002  00000002  00000000  RWIX
  INT04                 0000ffe8   00000002  00000000  00000002  RWIX
  INT05                 0000ffea   00000002  00000002  00000000  RWIX
  INT06                 0000ffec   00000002  00000002  00000000  RWIX
  INT07                 0000ffee   00000002  00000002  00000000  RWIX
  INT08                 0000fff0   00000002  00000002  00000000  RWIX
  INT09                 0000fff2   00000002  00000002  00000000  RWIX
  INT10                 0000fff4   00000002  00000002  00000000  RWIX
  INT11                 0000fff6   00000002  00000002  00000000  RWIX
  INT12                 0000fff8   00000002  00000002  00000000  RWIX
  INT13                 0000fffa   00000002  00000002  00000000  RWIX
  INT14                 0000fffc   00000002  00000002  00000000  RWIX
  RESET                 0000fffe   00000002  00000002  00000000  RWIX


SECTION ALLOCATION MAP

 output                                  attributes/
section   page    origin      length       input sections
--------  ----  ----------  ----------   ----------------
.bss       0    00000200    0000011d     UNINITIALIZED
                  00000200    00000100     (.common:rxPackArray)
                  00000300    00000006     (.common:accelorameter_raw)
                  00000306    00000006     (.common:gyroscope_raw)
                  0000030c    00000004     (.common:ay)
                  00000310    00000004     (.common:az)
                  00000314    00000004     (.common:pitch)
                  00000318    00000002     (.common:test_0)
                  0000031a    00000002     (.common:test_2)
                  0000031c    00000001     (.common:received_ch)

.data      0    0000031e    00000032     UNINITIALIZED
                  0000031e    00000030     main.obj (.data)
                  0000034e    00000002     rts430_eabi.lib : errno.obj (.data)

.stack     0    000003b0    00000050     UNINITIALIZED
                  000003b0    00000002     rts430_eabi.lib : boot.obj (.stack)
                  000003b2    0000004e     --HOLE--

.text      0    0000c000    000019ca     
                  0000c000    00000414     main.obj (.text:main)
                  0000c414    00000276     rts430_eabi.lib : s_atanf.obj (.text:atanf)
                  0000c68a    00000240                     : e_atan2f.obj (.text:atan2f)
                  0000c8ca    00000228     main.obj (.text:Init_BMI160)
                  0000caf2    000001f6     main.obj (.text:Get_Fifo)
                  0000cce8    0000018a     main.obj (.text:Initialization)
                  0000ce72    0000013c     rts430_eabi.lib : e_sqrtf.obj (.text:sqrtf)
                  0000cfae    00000132                     : fs_add.obj (.text)
                  0000d0e0    000000d8     main.obj (.text:Read_Accelorameter)
                  0000d1b8    000000d8     main.obj (.text:Read_Gyroscope)
                  0000d290    000000d0     main.obj (.text:Init)
                  0000d360    000000c4     rts430_eabi.lib : fs_mpy.obj (.text)
                  0000d424    0000009c                     : fs_div.obj (.text)
                  0000d4c0    0000007c                     : copy_decompress_lzss.obj (.text:decompress:lzss:__TI_decompress_lzss)
                  0000d53c    0000006e                     : autoinit.obj (.text:_auto_init)
                  0000d5aa    00000066     main.obj (.text:Timer_A)
                  0000d610    0000005a     rts430_eabi.lib : cpy_tbl.obj (.text:copy_in)
                  0000d66a    0000004c                     : lsr16.obj (.text)
                  0000d6b6    0000004a                     : fs_cmp.obj (.text)
                  0000d700    00000048     main.obj (.text:SPI_Transceive)
                  0000d748    00000048     main.obj (.text:TIMER1_A1_ISR)
                  0000d790    00000036     rts430_eabi.lib : fs_itof.obj (.text)
                  0000d7c6    00000030     main.obj (.text:Port_2)
                  0000d7f6    0000002e     main.obj (.text:Start_UART_Transmission)
                  0000d824    0000002c     rts430_eabi.lib : asr16.obj (.text)
                  0000d850    0000002c                     : div16s.obj (.text)
                  0000d87c    0000002c                     : lsl16.obj (.text)
                  0000d8a8    00000022     main.obj (.text:USCI0RX_ISR)
                  0000d8ca    0000001a     rts430_eabi.lib : boot_special.obj (.text:_c_int00_noargs_noexit)
                  0000d8e4    00000018     main.obj (.text:Uart_putchar)
                  0000d8fc    00000016     main.obj (.text:PackCRC)
                  0000d912    00000016     rts430_eabi.lib : div16u.obj (.text)
                  0000d928    00000014                     : copy_zero_init.obj (.text:decompress:ZI:__TI_zero_init)
                  0000d93c    00000014                     : mult16.obj (.text)
                  0000d950    00000012     main.obj (.text:SPI_Read)
                  0000d962    00000012     rts430_eabi.lib : copy_decompress_none.obj (.text:decompress:none:__TI_decompress_none)
                  0000d974    00000012                     : memcpy.obj (.text:memcpy)
                  0000d986    00000010     main.obj (.text:Port_1)
                  0000d996    00000010     rts430_eabi.lib : epilog.obj (.text)
                  0000d9a6    0000000a                     : fs_neg.obj (.text)
                  0000d9b0    00000008                     : isr_trap.obj (.text:_isr:__TI_ISR_TRAP)
                  0000d9b8    00000006     main.obj (.text:SPI_Write)
                  0000d9be    00000006     rts430_eabi.lib : exit.obj (.text:abort)
                  0000d9c4    00000004                     : pre_init.obj (.text:_system_pre_init)
                  0000d9c8    00000002                     : startup.obj (.text:_system_post_cinit)

.binit     0    0000c000    00000000     

.const     0    0000d9ca    0000003c     
                  0000d9ca    00000014     rts430_eabi.lib : s_atanf.obj (.const:aT)
                  0000d9de    00000010                     : s_atanf.obj (.const:atanhi)
                  0000d9ee    00000010                     : s_atanf.obj (.const:atanlo)
                  0000d9fe    00000008     main.obj (.const)

.cinit     0    0000da06    00000026     
                  0000da06    00000014     (.cinit..data.load) [load image, compression = lzss]
                  0000da1a    00000006     (__TI_handler_table)
                  0000da20    00000004     (.cinit..bss.load) [load image, compression = zero_init]
                  0000da24    00000008     (__TI_cinit_table)

.init_array 
*          0    0000c000    00000000     UNINITIALIZED

TRAPINT    0    0000ffe0    00000002     
                  0000ffe0    00000002     rts430_eabi.lib : int00.obj (.int00)

PORT1      0    0000ffe4    00000002     
                  0000ffe4    00000002     main.obj (.int02)

PORT2      0    0000ffe6    00000002     
                  0000ffe6    00000002     main.obj (.int03)

$fill000   0    0000ffde    00000002     
                  0000ffde    00000002     --HOLE-- [fill = ffff]

ADC10      0    0000ffea    00000002     
                  0000ffea    00000002     rts430_eabi.lib : int05.obj (.int05)

USCIAB0TX 
*          0    0000ffec    00000002     
                  0000ffec    00000002     rts430_eabi.lib : int06.obj (.int06)

USCIAB0RX 
*          0    0000ffee    00000002     
                  0000ffee    00000002     main.obj (.int07)

TIMER0_A1 
*          0    0000fff0    00000002     
                  0000fff0    00000002     main.obj (.int08)

TIMER0_A0 
*          0    0000fff2    00000002     
                  0000fff2    00000002     rts430_eabi.lib : int09.obj (.int09)

WDT        0    0000fff4    00000002     
                  0000fff4    00000002     rts430_eabi.lib : int10.obj (.int10)

COMPARATORA 
*          0    0000fff6    00000002     
                  0000fff6    00000002     rts430_eabi.lib : int11.obj (.int11)

TIMER1_A1 
*          0    0000fff8    00000002     
                  0000fff8    00000002     main.obj (.int12)

TIMER1_A0 
*          0    0000fffa    00000002     
                  0000fffa    00000002     rts430_eabi.lib : int13.obj (.int13)

NMI        0    0000fffc    00000002     
                  0000fffc    00000002     rts430_eabi.lib : int14.obj (.int14)

.reset     0    0000fffe    00000002     
                  0000fffe    00000002     rts430_eabi.lib : boot.obj (.reset)

MODULE SUMMARY

       Module                     code   ro data   rw data
       ------                     ----   -------   -------
    .\
       main.obj                   3592   18        333    
    +--+--------------------------+------+---------+---------+
       Total:                     3592   18        333    
                                                          
    C:\ti\ccsv7\tools\compiler\ti-cgt-msp430_16.9.4.LTS\lib\rts430_eabi.lib
       s_atanf.obj                630    52        0      
       e_atan2f.obj               576    0         0      
       e_sqrtf.obj                316    0         0      
       fs_add.obj                 306    0         0      
       fs_mpy.obj                 196    0         0      
       fs_div.obj                 156    0         0      
       copy_decompress_lzss.obj   124    0         0      
       autoinit.obj               110    0         0      
       cpy_tbl.obj                90     0         0      
       lsr16.obj                  76     0         0      
       fs_cmp.obj                 74     0         0      
       fs_itof.obj                54     0         0      
       asr16.obj                  44     0         0      
       div16s.obj                 44     0         0      
       lsl16.obj                  44     0         0      
       boot_special.obj           26     0         0      
       div16u.obj                 22     0         0      
       copy_zero_init.obj         20     0         0      
       mult16.obj                 20     0         0      
       copy_decompress_none.obj   18     0         0      
       memcpy.obj                 18     0         0      
       epilog.obj                 16     0         0      
       fs_neg.obj                 10     0         0      
       isr_trap.obj               8      0         0      
       exit.obj                   6      0         0      
       pre_init.obj               4      0         0      
       boot.obj                   0      2         0      
       errno.obj                  0      0         2      
       int00.obj                  0      2         0      
       int05.obj                  0      2         0      
       int06.obj                  0      2         0      
       int09.obj                  0      2         0      
       int10.obj                  0      2         0      
       int11.obj                  0      2         0      
       int13.obj                  0      2         0      
       int14.obj                  0      2         0      
       startup.obj                2      0         0      
    +--+--------------------------+------+---------+---------+
       Total:                     3010   70        2      
                                                          
       Stack:                     0      0         80     
       Linker Generated:          0      38        0      
    +--+--------------------------+------+---------+---------+
       Grand Total:               6602   126       415    


LINKER GENERATED COPY TABLES

__TI_cinit_table @ 0000da24 records: 2, size/record: 4, table size: 8
	.data: load addr=0000da06, load size=00000014 bytes, run addr=0000031e, run size=00000032 bytes, compression=lzss
	.bss: load addr=0000da20, load size=00000004 bytes, run addr=00000200, run size=0000011d bytes, compression=zero_init


LINKER GENERATED HANDLER TABLE

__TI_handler_table @ 0000da1a records: 3, size/record: 2, table size: 6
	index: 0, handler: __TI_zero_init
	index: 1, handler: __TI_decompress_lzss
	index: 2, handler: __TI_decompress_none


GLOBAL SYMBOLS: SORTED ALPHABETICALLY BY Name 

address   name                    
-------   ----                    
0000004a  ADC10AE0                
000001b0  ADC10CTL0               
000001b2  ADC10CTL1               
00000048  ADC10DTC0               
00000049  ADC10DTC1               
000001b4  ADC10MEM                
000001bc  ADC10SA                 
00000057  BCSCTL1                 
00000058  BCSCTL2                 
00000053  BCSCTL3                 
0000d9be  C$$EXIT                 
00000059  CACTL1                  
0000005a  CACTL2                  
000010fb  CALBC1_12MHZ            
000010f9  CALBC1_16MHZ            
000010ff  CALBC1_1MHZ             
000010fd  CALBC1_8MHZ             
000010fa  CALDCO_12MHZ            
000010f8  CALDCO_16MHZ            
000010fe  CALDCO_1MHZ             
000010fc  CALDCO_8MHZ             
0000005b  CAPD                    
00000056  DCOCTL                  
00000128  FCTL1                   
0000012a  FCTL2                   
0000012c  FCTL3                   
0000caf2  Get_Fifo                
00000000  IE1                     
00000001  IE2                     
00000002  IFG1                    
00000003  IFG2                    
0000d290  Init                    
0000c8ca  Init_BMI160             
0000cce8  Initialization          
00000022  P1DIR                   
00000025  P1IE                    
00000024  P1IES                   
00000023  P1IFG                   
00000020  P1IN                    
00000021  P1OUT                   
00000027  P1REN                   
00000026  P1SEL                   
00000041  P1SEL2                  
0000002a  P2DIR                   
0000002d  P2IE                    
0000002c  P2IES                   
0000002b  P2IFG                   
00000028  P2IN                    
00000029  P2OUT                   
0000002f  P2REN                   
0000002e  P2SEL                   
00000042  P2SEL2                  
0000001a  P3DIR                   
00000018  P3IN                    
00000019  P3OUT                   
00000010  P3REN                   
0000001b  P3SEL                   
00000043  P3SEL2                  
0000d8fc  PackCRC                 
0000d986  Port_1                  
0000d7c6  Port_2                  
0000d0e0  Read_Accelorameter      
0000d1b8  Read_Gyroscope          
0000d950  SPI_Read                
0000d700  SPI_Transceive          
0000d9b8  SPI_Write               
0000d7f6  Start_UART_Transmission 
00000172  TA0CCR0                 
00000174  TA0CCR1                 
00000176  TA0CCR2                 
00000162  TA0CCTL0                
00000164  TA0CCTL1                
00000166  TA0CCTL2                
00000160  TA0CTL                  
0000012e  TA0IV                   
00000170  TA0R                    
00000192  TA1CCR0                 
00000194  TA1CCR1                 
00000196  TA1CCR2                 
00000182  TA1CCTL0                
00000184  TA1CCTL1                
00000186  TA1CCTL2                
00000180  TA1CTL                  
0000011e  TA1IV                   
00000190  TA1R                    
0000d748  TIMER1_A1_ISR           
000010db  TLV_ADC10_1_LEN         
000010da  TLV_ADC10_1_TAG         
000010c0  TLV_CHECKSUM            
000010f7  TLV_DCO_30_LEN          
000010f6  TLV_DCO_30_TAG          
0000d5aa  Timer_A                 
0000005d  UCA0ABCTL               
00000062  UCA0BR0                 
00000063  UCA0BR1                 
00000060  UCA0CTL0                
00000061  UCA0CTL1                
0000005f  UCA0IRRCTL              
0000005e  UCA0IRTCTL              
00000064  UCA0MCTL                
00000066  UCA0RXBUF               
00000065  UCA0STAT                
00000067  UCA0TXBUF               
0000006a  UCB0BR0                 
0000006b  UCB0BR1                 
00000068  UCB0CTL0                
00000069  UCB0CTL1                
0000006c  UCB0I2CIE               
00000118  UCB0I2COA               
0000011a  UCB0I2CSA               
0000006e  UCB0RXBUF               
0000006d  UCB0STAT                
0000006f  UCB0TXBUF               
0000d8a8  USCI0RX_ISR             
0000d8e4  Uart_putchar            
00000120  WDTCTL                  
00000332  X_Calibrate             
00000334  Y_Calibrate             
00000336  Z_Calibrate             
00000400  __STACK_END             
00000050  __STACK_SIZE            
UNDEFED   __TI_BINIT_Base         
UNDEFED   __TI_BINIT_Limit        
0000da24  __TI_CINIT_Base         
0000da2c  __TI_CINIT_Limit        
0000da1a  __TI_Handler_Table_Base 
0000da20  __TI_Handler_Table_Limit
UNDEFED   __TI_INITARRAY_Base     
UNDEFED   __TI_INITARRAY_Limit    
0000d9b0  __TI_ISR_TRAP           
0000d4c0  __TI_decompress_lzss    
0000d962  __TI_decompress_none    
0000ffe0  __TI_int00              
0000ffe4  __TI_int02              
0000ffe6  __TI_int03              
0000ffea  __TI_int05              
0000ffec  __TI_int06              
0000ffee  __TI_int07              
0000fff0  __TI_int08              
0000fff2  __TI_int09              
0000fff4  __TI_int10              
0000fff6  __TI_int11              
0000fff8  __TI_int12              
0000fffa  __TI_int13              
0000fffc  __TI_int14              
ffffffff  __TI_pprof_out_hndl     
ffffffff  __TI_prof_data_size     
ffffffff  __TI_prof_data_start    
0000d928  __TI_zero_init          
ffffffff  __c_args__              
0000cfb4  __mspabi_addf           
0000d6b6  __mspabi_cmpf           
0000d424  __mspabi_divf           
0000d850  __mspabi_divi           
0000d912  __mspabi_divu           
0000d790  __mspabi_fltif          
0000d9a2  __mspabi_func_epilog_1  
0000d9a0  __mspabi_func_epilog_2  
0000d99e  __mspabi_func_epilog_3  
0000d99c  __mspabi_func_epilog_4  
0000d99a  __mspabi_func_epilog_5  
0000d998  __mspabi_func_epilog_6  
0000d996  __mspabi_func_epilog_7  
0000d360  __mspabi_mpyf           
0000d93c  __mspabi_mpyi           
0000d93c  __mspabi_mpyi_sw        
0000d9a6  __mspabi_negf           
0000d850  __mspabi_remi           
0000d912  __mspabi_remu           
0000d87c  __mspabi_slli           
0000d8a4  __mspabi_slli_1         
0000d892  __mspabi_slli_10        
0000d890  __mspabi_slli_11        
0000d88e  __mspabi_slli_12        
0000d88c  __mspabi_slli_13        
0000d88a  __mspabi_slli_14        
0000d888  __mspabi_slli_15        
0000d8a2  __mspabi_slli_2         
0000d8a0  __mspabi_slli_3         
0000d89e  __mspabi_slli_4         
0000d89c  __mspabi_slli_5         
0000d89a  __mspabi_slli_6         
0000d898  __mspabi_slli_7         
0000d896  __mspabi_slli_8         
0000d894  __mspabi_slli_9         
0000d824  __mspabi_srai           
0000d84c  __mspabi_srai_1         
0000d83a  __mspabi_srai_10        
0000d838  __mspabi_srai_11        
0000d836  __mspabi_srai_12        
0000d834  __mspabi_srai_13        
0000d832  __mspabi_srai_14        
0000d830  __mspabi_srai_15        
0000d84a  __mspabi_srai_2         
0000d848  __mspabi_srai_3         
0000d846  __mspabi_srai_4         
0000d844  __mspabi_srai_5         
0000d842  __mspabi_srai_6         
0000d840  __mspabi_srai_7         
0000d83e  __mspabi_srai_8         
0000d83c  __mspabi_srai_9         
0000d66a  __mspabi_srli           
0000d6b0  __mspabi_srli_1         
0000d68c  __mspabi_srli_10        
0000d688  __mspabi_srli_11        
0000d684  __mspabi_srli_12        
0000d680  __mspabi_srli_13        
0000d67c  __mspabi_srli_14        
0000d678  __mspabi_srli_15        
0000d6ac  __mspabi_srli_2         
0000d6a8  __mspabi_srli_3         
0000d6a4  __mspabi_srli_4         
0000d6a0  __mspabi_srli_5         
0000d69c  __mspabi_srli_6         
0000d698  __mspabi_srli_7         
0000d694  __mspabi_srli_8         
0000d690  __mspabi_srli_9         
0000cfae  __mspabi_subf           
0000d53c  _auto_init              
0000d8ca  _c_int00_noargs_noexit  
0000fffe  _reset_vector           
000003b0  _stack                  
0000d9c8  _system_post_cinit      
0000d9c4  _system_pre_init        
0000d9fe  aRes                    
0000d9be  abort                   
00000300  accelorameter_raw       
0000c68a  atan2f                  
0000c414  atanf                   
0000033e  ax                      
0000030c  ay                      
00000310  az                      
0000d610  copy_in                 
0000033a  data                    
0000034e  errno                   
0000da02  gRes                    
00000346  g_Rate                  
00000338  gyro_status             
00000306  gyroscope_raw           
0000034a  gz_offset               
0000c000  main                    
0000d974  memcpy                  
00000330  nomotion_gyro_counter   
00000314  pitch                   
00000325  rec_LEN                 
0000031c  received_ch             
00000200  rxPackArray             
00000326  rx_ACK                  
00000323  rx_CMD                  
00000322  rx_CRC                  
00000324  rx_LEN                  
00000320  rx_REC                  
00000321  rx_State                
00000328  sensor                  
0000ce72  sqrtf                   
0000032a  status                  
0000033c  test1                   
00000318  test_0                  
0000031e  test_1                  
0000031a  test_2                  
0000032c  timer                   
0000032e  timer_count             
00000327  uart_rx_received        
00000342  yaw                     


GLOBAL SYMBOLS: SORTED BY Symbol Address 

address   name                    
-------   ----                    
00000000  IE1                     
00000001  IE2                     
00000002  IFG1                    
00000003  IFG2                    
00000010  P3REN                   
00000018  P3IN                    
00000019  P3OUT                   
0000001a  P3DIR                   
0000001b  P3SEL                   
00000020  P1IN                    
00000021  P1OUT                   
00000022  P1DIR                   
00000023  P1IFG                   
00000024  P1IES                   
00000025  P1IE                    
00000026  P1SEL                   
00000027  P1REN                   
00000028  P2IN                    
00000029  P2OUT                   
0000002a  P2DIR                   
0000002b  P2IFG                   
0000002c  P2IES                   
0000002d  P2IE                    
0000002e  P2SEL                   
0000002f  P2REN                   
00000041  P1SEL2                  
00000042  P2SEL2                  
00000043  P3SEL2                  
00000048  ADC10DTC0               
00000049  ADC10DTC1               
0000004a  ADC10AE0                
00000050  __STACK_SIZE            
00000053  BCSCTL3                 
00000056  DCOCTL                  
00000057  BCSCTL1                 
00000058  BCSCTL2                 
00000059  CACTL1                  
0000005a  CACTL2                  
0000005b  CAPD                    
0000005d  UCA0ABCTL               
0000005e  UCA0IRTCTL              
0000005f  UCA0IRRCTL              
00000060  UCA0CTL0                
00000061  UCA0CTL1                
00000062  UCA0BR0                 
00000063  UCA0BR1                 
00000064  UCA0MCTL                
00000065  UCA0STAT                
00000066  UCA0RXBUF               
00000067  UCA0TXBUF               
00000068  UCB0CTL0                
00000069  UCB0CTL1                
0000006a  UCB0BR0                 
0000006b  UCB0BR1                 
0000006c  UCB0I2CIE               
0000006d  UCB0STAT                
0000006e  UCB0RXBUF               
0000006f  UCB0TXBUF               
00000118  UCB0I2COA               
0000011a  UCB0I2CSA               
0000011e  TA1IV                   
00000120  WDTCTL                  
00000128  FCTL1                   
0000012a  FCTL2                   
0000012c  FCTL3                   
0000012e  TA0IV                   
00000160  TA0CTL                  
00000162  TA0CCTL0                
00000164  TA0CCTL1                
00000166  TA0CCTL2                
00000170  TA0R                    
00000172  TA0CCR0                 
00000174  TA0CCR1                 
00000176  TA0CCR2                 
00000180  TA1CTL                  
00000182  TA1CCTL0                
00000184  TA1CCTL1                
00000186  TA1CCTL2                
00000190  TA1R                    
00000192  TA1CCR0                 
00000194  TA1CCR1                 
00000196  TA1CCR2                 
000001b0  ADC10CTL0               
000001b2  ADC10CTL1               
000001b4  ADC10MEM                
000001bc  ADC10SA                 
00000200  rxPackArray             
00000300  accelorameter_raw       
00000306  gyroscope_raw           
0000030c  ay                      
00000310  az                      
00000314  pitch                   
00000318  test_0                  
0000031a  test_2                  
0000031c  received_ch             
0000031e  test_1                  
00000320  rx_REC                  
00000321  rx_State                
00000322  rx_CRC                  
00000323  rx_CMD                  
00000324  rx_LEN                  
00000325  rec_LEN                 
00000326  rx_ACK                  
00000327  uart_rx_received        
00000328  sensor                  
0000032a  status                  
0000032c  timer                   
0000032e  timer_count             
00000330  nomotion_gyro_counter   
00000332  X_Calibrate             
00000334  Y_Calibrate             
00000336  Z_Calibrate             
00000338  gyro_status             
0000033a  data                    
0000033c  test1                   
0000033e  ax                      
00000342  yaw                     
00000346  g_Rate                  
0000034a  gz_offset               
0000034e  errno                   
000003b0  _stack                  
00000400  __STACK_END             
000010c0  TLV_CHECKSUM            
000010da  TLV_ADC10_1_TAG         
000010db  TLV_ADC10_1_LEN         
000010f6  TLV_DCO_30_TAG          
000010f7  TLV_DCO_30_LEN          
000010f8  CALDCO_16MHZ            
000010f9  CALBC1_16MHZ            
000010fa  CALDCO_12MHZ            
000010fb  CALBC1_12MHZ            
000010fc  CALDCO_8MHZ             
000010fd  CALBC1_8MHZ             
000010fe  CALDCO_1MHZ             
000010ff  CALBC1_1MHZ             
0000c000  main                    
0000c414  atanf                   
0000c68a  atan2f                  
0000c8ca  Init_BMI160             
0000caf2  Get_Fifo                
0000cce8  Initialization          
0000ce72  sqrtf                   
0000cfae  __mspabi_subf           
0000cfb4  __mspabi_addf           
0000d0e0  Read_Accelorameter      
0000d1b8  Read_Gyroscope          
0000d290  Init                    
0000d360  __mspabi_mpyf           
0000d424  __mspabi_divf           
0000d4c0  __TI_decompress_lzss    
0000d53c  _auto_init              
0000d5aa  Timer_A                 
0000d610  copy_in                 
0000d66a  __mspabi_srli           
0000d678  __mspabi_srli_15        
0000d67c  __mspabi_srli_14        
0000d680  __mspabi_srli_13        
0000d684  __mspabi_srli_12        
0000d688  __mspabi_srli_11        
0000d68c  __mspabi_srli_10        
0000d690  __mspabi_srli_9         
0000d694  __mspabi_srli_8         
0000d698  __mspabi_srli_7         
0000d69c  __mspabi_srli_6         
0000d6a0  __mspabi_srli_5         
0000d6a4  __mspabi_srli_4         
0000d6a8  __mspabi_srli_3         
0000d6ac  __mspabi_srli_2         
0000d6b0  __mspabi_srli_1         
0000d6b6  __mspabi_cmpf           
0000d700  SPI_Transceive          
0000d748  TIMER1_A1_ISR           
0000d790  __mspabi_fltif          
0000d7c6  Port_2                  
0000d7f6  Start_UART_Transmission 
0000d824  __mspabi_srai           
0000d830  __mspabi_srai_15        
0000d832  __mspabi_srai_14        
0000d834  __mspabi_srai_13        
0000d836  __mspabi_srai_12        
0000d838  __mspabi_srai_11        
0000d83a  __mspabi_srai_10        
0000d83c  __mspabi_srai_9         
0000d83e  __mspabi_srai_8         
0000d840  __mspabi_srai_7         
0000d842  __mspabi_srai_6         
0000d844  __mspabi_srai_5         
0000d846  __mspabi_srai_4         
0000d848  __mspabi_srai_3         
0000d84a  __mspabi_srai_2         
0000d84c  __mspabi_srai_1         
0000d850  __mspabi_divi           
0000d850  __mspabi_remi           
0000d87c  __mspabi_slli           
0000d888  __mspabi_slli_15        
0000d88a  __mspabi_slli_14        
0000d88c  __mspabi_slli_13        
0000d88e  __mspabi_slli_12        
0000d890  __mspabi_slli_11        
0000d892  __mspabi_slli_10        
0000d894  __mspabi_slli_9         
0000d896  __mspabi_slli_8         
0000d898  __mspabi_slli_7         
0000d89a  __mspabi_slli_6         
0000d89c  __mspabi_slli_5         
0000d89e  __mspabi_slli_4         
0000d8a0  __mspabi_slli_3         
0000d8a2  __mspabi_slli_2         
0000d8a4  __mspabi_slli_1         
0000d8a8  USCI0RX_ISR             
0000d8ca  _c_int00_noargs_noexit  
0000d8e4  Uart_putchar            
0000d8fc  PackCRC                 
0000d912  __mspabi_divu           
0000d912  __mspabi_remu           
0000d928  __TI_zero_init          
0000d93c  __mspabi_mpyi           
0000d93c  __mspabi_mpyi_sw        
0000d950  SPI_Read                
0000d962  __TI_decompress_none    
0000d974  memcpy                  
0000d986  Port_1                  
0000d996  __mspabi_func_epilog_7  
0000d998  __mspabi_func_epilog_6  
0000d99a  __mspabi_func_epilog_5  
0000d99c  __mspabi_func_epilog_4  
0000d99e  __mspabi_func_epilog_3  
0000d9a0  __mspabi_func_epilog_2  
0000d9a2  __mspabi_func_epilog_1  
0000d9a6  __mspabi_negf           
0000d9b0  __TI_ISR_TRAP           
0000d9b8  SPI_Write               
0000d9be  C$$EXIT                 
0000d9be  abort                   
0000d9c4  _system_pre_init        
0000d9c8  _system_post_cinit      
0000d9fe  aRes                    
0000da02  gRes                    
0000da1a  __TI_Handler_Table_Base 
0000da20  __TI_Handler_Table_Limit
0000da24  __TI_CINIT_Base         
0000da2c  __TI_CINIT_Limit        
0000ffe0  __TI_int00              
0000ffe4  __TI_int02              
0000ffe6  __TI_int03              
0000ffea  __TI_int05              
0000ffec  __TI_int06              
0000ffee  __TI_int07              
0000fff0  __TI_int08              
0000fff2  __TI_int09              
0000fff4  __TI_int10              
0000fff6  __TI_int11              
0000fff8  __TI_int12              
0000fffa  __TI_int13              
0000fffc  __TI_int14              
0000fffe  _reset_vector           
ffffffff  __TI_pprof_out_hndl     
ffffffff  __TI_prof_data_size     
ffffffff  __TI_prof_data_start    
ffffffff  __c_args__              
UNDEFED   __TI_BINIT_Base         
UNDEFED   __TI_BINIT_Limit        
UNDEFED   __TI_INITARRAY_Base     
UNDEFED   __TI_INITARRAY_Limit    

[264 symbols]
