******************************************************************************
                  MSP430 Linker PC v15.12.3                    
******************************************************************************
>> Linked Thu Dec 01 14:50:49 2016

OUTPUT FILE NAME:   <BMI160_Complete.out>
ENTRY POINT SYMBOL: "_c_int00_noargs_noexit"  address: 0000edb6


MEMORY CONFIGURATION

         name            origin    length      used     unused   attr    fill
----------------------  --------  ---------  --------  --------  ----  --------
  SFR                   00000000   00000010  00000000  00000010  RWIX
  PERIPHERALS_8BIT      00000010   000000f0  00000000  000000f0  RWIX
  PERIPHERALS_16BIT     00000100   00000100  00000000  00000100  RWIX
  RAM                   00000200   00000200  000001a3  0000005d  RWIX
  INFOD                 00001000   00000040  00000000  00000040  RWIX
  INFOC                 00001040   00000040  00000000  00000040  RWIX
  INFOB                 00001080   00000040  00000000  00000040  RWIX
  INFOA                 000010c0   00000040  00000000  00000040  RWIX
  FLASH                 0000c000   00003fde  00002f42  0000109c  RWIX
  BSLSIGNATURE          0000ffde   00000002  00000002  00000000  RWIX  ffff 
  INT00                 0000ffe0   00000002  00000002  00000000  RWIX
  INT01                 0000ffe2   00000002  00000000  00000002  RWIX
  INT02                 0000ffe4   00000002  00000002  00000000  RWIX
  INT03                 0000ffe6   00000002  00000002  00000000  RWIX
  INT04                 0000ffe8   00000002  00000000  00000002  RWIX
  INT05                 0000ffea   00000002  00000002  00000000  RWIX
  INT06                 0000ffec   00000002  00000002  00000000  RWIX
  INT07                 0000ffee   00000002  00000002  00000000  RWIX
  INT08                 0000fff0   00000002  00000002  00000000  RWIX
  INT09                 0000fff2   00000002  00000002  00000000  RWIX
  INT10                 0000fff4   00000002  00000002  00000000  RWIX
  INT11                 0000fff6   00000002  00000002  00000000  RWIX
  INT12                 0000fff8   00000002  00000002  00000000  RWIX
  INT13                 0000fffa   00000002  00000002  00000000  RWIX
  INT14                 0000fffc   00000002  00000002  00000000  RWIX
  RESET                 0000fffe   00000002  00000002  00000000  RWIX


SECTION ALLOCATION MAP

 output                                  attributes/
section   page    origin      length       input sections
--------  ----  ----------  ----------   ----------------
.bss       0    00000200    00000135     UNINITIALIZED
                  00000200    00000100     (.common:rxPackArray)
                  00000300    00000006     (.common:accelorameter_raw)
                  00000306    00000006     (.common:gyroscope_raw)
                  0000030c    00000004     (.common:ax)
                  00000310    00000004     (.common:ay)
                  00000314    00000004     (.common:az)
                  00000318    00000004     (.common:gx)
                  0000031c    00000004     (.common:gy)
                  00000320    00000004     (.common:gz)
                  00000324    00000004     (.common:pitch)
                  00000328    00000004     (.common:roll)
                  0000032c    00000004     (.common:yaw)
                  00000330    00000002     (.common:read)
                  00000332    00000002     (.common:sensor)
                  00000334    00000001     (.common:received_ch)

.data      0    00000336    0000001e     UNINITIALIZED
                  00000336    00000014     MadgwickAHRS.obj (.data)
                  0000034a    00000008     main.obj (.data)
                  00000352    00000002     rts430_eabi.lib : errno.obj (.data)

.stack     0    000003b0    00000050     UNINITIALIZED
                  000003b0    00000002     rts430_eabi.lib : boot.obj (.stack)
                  000003b2    0000004e     --HOLE--

.text      0    0000c000    00002ec4     
                  0000c000    000009f8     MadgwickAHRS.obj (.text:MadgwickAHRSupdateIMU)
                  0000c9f8    00000320     main.obj (.text:main)
                  0000cd18    000002f4     rts430_eabi.lib : frcmpyd.obj (.text:__TI_frcmpyd)
                  0000d00c    000002f4                     : e_sqrt.obj (.text:sqrt)
                  0000d300    000002e8                     : addd.obj (.text:__mspabi_addd)
                  0000d5e8    00000276                     : s_atanf.obj (.text:atanf)
                  0000d85e    0000026e                     : mpyd.obj (.text:__mspabi_mpyd)
                  0000dacc    00000260                     : frcaddd.obj (.text:__TI_frcaddd)
                  0000dd2c    00000240                     : e_atan2f.obj (.text:atan2f)
                  0000df6c    00000230                     : e_asinf.obj (.text:asinf)
                  0000e19c    00000140     main.obj (.text:Init_BMI160)
                  0000e2dc    00000132     rts430_eabi.lib : fs_add.obj (.text)
                  0000e40e    000000c4                     : fs_mpy.obj (.text)
                  0000e4d2    000000be                     : renormd.obj (.text:__TI_renormd)
                  0000e590    000000a0     main.obj (.text:Read_Accelorameter)
                  0000e630    000000a0     main.obj (.text:Read_Gyroscope)
                  0000e6d0    0000009c     rts430_eabi.lib : fs_div.obj (.text)
                  0000e76c    0000008e     main.obj (.text:USCI0RX_ISR)
                  0000e7fa    0000008c     rts430_eabi.lib : cvtdf.obj (.text:__mspabi_cvtdf)
                  0000e886    00000082     MadgwickAHRS.obj (.text:invSqrt)
                  0000e908    00000078     main.obj (.text:Init)
                  0000e980    00000072     rts430_eabi.lib : cvtfd.obj (.text:__mspabi_cvtfd)
                  0000e9f2    0000006e                     : autoinit.obj (.text:_auto_init)
                  0000ea60    00000064                     : copy_decompress_rle.obj (.text:__TI_decompress_rle_core)
                  0000eac4    0000005c                     : lsr32.obj (.text:l_lsr_const)
                  0000eb20    0000005a                     : cpy_tbl.obj (.text:copy_in)
                  0000eb7a    0000004c                     : lsr16.obj (.text)
                  0000ebc6    0000004a                     : fs_cmp.obj (.text)
                  0000ec10    00000048     main.obj (.text:SPI_Transceive)
                  0000ec58    0000003e     rts430_eabi.lib : asr32.obj (.text:l_asr_const)
                  0000ec96    0000003e                     : lsl32.obj (.text:l_lsl_const)
                  0000ecd4    00000036                     : fs_itof.obj (.text)
                  0000ed0a    0000002e                     : subd.obj (.text:__mspabi_subd)
                  0000ed38    0000002c                     : asr16.obj (.text)
                  0000ed64    0000002c                     : lsl16.obj (.text)
                  0000ed90    00000026                     : mult32.obj (.text)
                  0000edb6    0000001a                     : boot_special.obj (.text:_c_int00_noargs_noexit)
                  0000edd0    00000018     main.obj (.text:Uart_putchar)
                  0000ede8    00000016     main.obj (.text:PackCRC)
                  0000edfe    00000014     rts430_eabi.lib : mult16.obj (.text)
                  0000ee12    00000012     main.obj (.text:SPI_Read)
                  0000ee24    00000012     rts430_eabi.lib : copy_decompress_none.obj (.text:decompress:none:__TI_decompress_none)
                  0000ee36    00000012                     : lsr32.obj (.text:l_lsr)
                  0000ee48    00000012                     : memcpy.obj (.text:memcpy)
                  0000ee5a    00000010     main.obj (.text:Port_1)
                  0000ee6a    00000010     rts430_eabi.lib : asr32.obj (.text:l_asr)
                  0000ee7a    00000010                     : lsl32.obj (.text:l_lsl)
                  0000ee8a    00000010                     : epilog.obj (.text)
                  0000ee9a    0000000a                     : fs_neg.obj (.text)
                  0000eea4    00000008                     : isr_trap.obj (.text:_isr:__TI_ISR_TRAP)
                  0000eeac    00000006     main.obj (.text:SPI_Write)
                  0000eeb2    00000006     rts430_eabi.lib : exit.obj (.text:abort)
                  0000eeb8    00000006                     : copy_decompress_rle.obj (.text:decompress:rle24:__TI_decompress_rle24)
                  0000eebe    00000004                     : pre_init.obj (.text:_system_pre_init)
                  0000eec2    00000002                     : startup.obj (.text:_system_post_cinit)

.binit     0    0000c000    00000000     

.const     0    0000eec4    00000054     
                  0000eec4    00000020     rts430_eabi.lib : e_asinf.obj (.const)
                  0000eee4    00000014                     : s_atanf.obj (.const:aT)
                  0000eef8    00000010                     : s_atanf.obj (.const:atanhi)
                  0000ef08    00000010                     : s_atanf.obj (.const:atanlo)

.cinit     0    0000ef18    0000002a     
                  0000ef18    00000011     (.cinit..data.load) [load image, compression = rle]
                  0000ef29    00000001     --HOLE-- [fill = 0]
                  0000ef2a    0000000b     (.cinit..bss.load) [load image, compression = rle]
                  0000ef35    00000001     --HOLE-- [fill = 0]
                  0000ef36    00000004     (__TI_handler_table)
                  0000ef3a    00000008     (__TI_cinit_table)

.init_array 
*          0    0000c000    00000000     UNINITIALIZED

TRAPINT    0    0000ffe0    00000002     
                  0000ffe0    00000002     rts430_eabi.lib : int00.obj (.int00)

PORT1      0    0000ffe4    00000002     
                  0000ffe4    00000002     main.obj (.int02)

PORT2      0    0000ffe6    00000002     
                  0000ffe6    00000002     rts430_eabi.lib : int03.obj (.int03)

$fill000   0    0000ffde    00000002     
                  0000ffde    00000002     --HOLE-- [fill = ffff]

ADC10      0    0000ffea    00000002     
                  0000ffea    00000002     rts430_eabi.lib : int05.obj (.int05)

USCIAB0TX 
*          0    0000ffec    00000002     
                  0000ffec    00000002     rts430_eabi.lib : int06.obj (.int06)

USCIAB0RX 
*          0    0000ffee    00000002     
                  0000ffee    00000002     main.obj (.int07)

TIMER0_A1 
*          0    0000fff0    00000002     
                  0000fff0    00000002     rts430_eabi.lib : int08.obj (.int08)

TIMER0_A0 
*          0    0000fff2    00000002     
                  0000fff2    00000002     rts430_eabi.lib : int09.obj (.int09)

WDT        0    0000fff4    00000002     
                  0000fff4    00000002     rts430_eabi.lib : int10.obj (.int10)

COMPARATORA 
*          0    0000fff6    00000002     
                  0000fff6    00000002     rts430_eabi.lib : int11.obj (.int11)

TIMER1_A1 
*          0    0000fff8    00000002     
                  0000fff8    00000002     rts430_eabi.lib : int12.obj (.int12)

TIMER1_A0 
*          0    0000fffa    00000002     
                  0000fffa    00000002     rts430_eabi.lib : int13.obj (.int13)

NMI        0    0000fffc    00000002     
                  0000fffc    00000002     rts430_eabi.lib : int14.obj (.int14)

.reset     0    0000fffe    00000002     
                  0000fffe    00000002     rts430_eabi.lib : boot.obj (.reset)

MODULE SUMMARY

       Module                     code    ro data   rw data
       ------                     ----    -------   -------
    .\
       MadgwickAHRS.obj           2682    0         20     
       main.obj                   1860    4         317    
    +--+--------------------------+-------+---------+---------+
       Total:                     4542    4         337    
                                                           
    C:\ti\ccsv6\tools\compiler\msp430_15.12.3.LTS\lib\rts430_eabi.lib
       e_sqrt.obj                 756     0         0      
       frcmpyd.obj                756     0         0      
       addd.obj                   744     0         0      
       s_atanf.obj                630     52        0      
       mpyd.obj                   622     0         0      
       frcaddd.obj                608     0         0      
       e_asinf.obj                560     32        0      
       e_atan2f.obj               576     0         0      
       fs_add.obj                 306     0         0      
       fs_mpy.obj                 196     0         0      
       renormd.obj                190     0         0      
       fs_div.obj                 156     0         0      
       cvtdf.obj                  140     0         0      
       cvtfd.obj                  114     0         0      
       autoinit.obj               110     0         0      
       lsr32.obj                  110     0         0      
       copy_decompress_rle.obj    106     0         0      
       cpy_tbl.obj                90      0         0      
       asr32.obj                  78      0         0      
       lsl32.obj                  78      0         0      
       lsr16.obj                  76      0         0      
       fs_cmp.obj                 74      0         0      
       fs_itof.obj                54      0         0      
       subd.obj                   46      0         0      
       asr16.obj                  44      0         0      
       lsl16.obj                  44      0         0      
       mult32.obj                 38      0         0      
       boot_special.obj           26      0         0      
       mult16.obj                 20      0         0      
       copy_decompress_none.obj   18      0         0      
       memcpy.obj                 18      0         0      
       epilog.obj                 16      0         0      
       fs_neg.obj                 10      0         0      
       isr_trap.obj               8       0         0      
       exit.obj                   6       0         0      
       pre_init.obj               4       0         0      
       boot.obj                   0       2         0      
       errno.obj                  0       0         2      
       int00.obj                  0       2         0      
       int03.obj                  0       2         0      
       int05.obj                  0       2         0      
       int06.obj                  0       2         0      
       int08.obj                  0       2         0      
       int09.obj                  0       2         0      
       int10.obj                  0       2         0      
       int11.obj                  0       2         0      
       int12.obj                  0       2         0      
       int13.obj                  0       2         0      
       int14.obj                  0       2         0      
       startup.obj                2       0         0      
    +--+--------------------------+-------+---------+---------+
       Total:                     7430    108       2      
                                                           
       Stack:                     0       0         80     
       Linker Generated:          0       40        0      
    +--+--------------------------+-------+---------+---------+
       Grand Total:               11972   152       419    


LINKER GENERATED COPY TABLES

__TI_cinit_table @ 0000ef3a records: 2, size/record: 4, table size: 8
	.data: load addr=0000ef18, load size=00000011 bytes, run addr=00000336, run size=0000001e bytes, compression=rle
	.bss: load addr=0000ef2a, load size=0000000b bytes, run addr=00000200, run size=00000135 bytes, compression=rle


LINKER GENERATED HANDLER TABLE

__TI_handler_table @ 0000ef36 records: 2, size/record: 2, table size: 4
	index: 0, handler: __TI_decompress_rle24
	index: 1, handler: __TI_decompress_none


GLOBAL SYMBOLS: SORTED ALPHABETICALLY BY Name 

address   name                    
-------   ----                    
0000004a  ADC10AE0                
000001b0  ADC10CTL0               
000001b2  ADC10CTL1               
00000048  ADC10DTC0               
00000049  ADC10DTC1               
000001b4  ADC10MEM                
000001bc  ADC10SA                 
00000057  BCSCTL1                 
00000058  BCSCTL2                 
00000053  BCSCTL3                 
0000eeb2  C$$EXIT                 
00000059  CACTL1                  
0000005a  CACTL2                  
000010fb  CALBC1_12MHZ            
000010f9  CALBC1_16MHZ            
000010ff  CALBC1_1MHZ             
000010fd  CALBC1_8MHZ             
000010fa  CALDCO_12MHZ            
000010f8  CALDCO_16MHZ            
000010fe  CALDCO_1MHZ             
000010fc  CALDCO_8MHZ             
0000005b  CAPD                    
00000056  DCOCTL                  
00000128  FCTL1                   
0000012a  FCTL2                   
0000012c  FCTL3                   
00000000  IE1                     
00000001  IE2                     
00000002  IFG1                    
00000003  IFG2                    
0000e908  Init                    
0000e19c  Init_BMI160             
0000c000  MadgwickAHRSupdateIMU   
00000022  P1DIR                   
00000025  P1IE                    
00000024  P1IES                   
00000023  P1IFG                   
00000020  P1IN                    
00000021  P1OUT                   
00000027  P1REN                   
00000026  P1SEL                   
00000041  P1SEL2                  
0000002a  P2DIR                   
0000002d  P2IE                    
0000002c  P2IES                   
0000002b  P2IFG                   
00000028  P2IN                    
00000029  P2OUT                   
0000002f  P2REN                   
0000002e  P2SEL                   
00000042  P2SEL2                  
0000001a  P3DIR                   
00000018  P3IN                    
00000019  P3OUT                   
00000010  P3REN                   
0000001b  P3SEL                   
00000043  P3SEL2                  
0000ede8  PackCRC                 
0000ee5a  Port_1                  
0000e590  Read_Accelorameter      
0000e630  Read_Gyroscope          
0000ee12  SPI_Read                
0000ec10  SPI_Transceive          
0000eeac  SPI_Write               
00000172  TA0CCR0                 
00000174  TA0CCR1                 
00000176  TA0CCR2                 
00000162  TA0CCTL0                
00000164  TA0CCTL1                
00000166  TA0CCTL2                
00000160  TA0CTL                  
0000012e  TA0IV                   
00000170  TA0R                    
00000192  TA1CCR0                 
00000194  TA1CCR1                 
00000196  TA1CCR2                 
00000182  TA1CCTL0                
00000184  TA1CCTL1                
00000186  TA1CCTL2                
00000180  TA1CTL                  
0000011e  TA1IV                   
00000190  TA1R                    
000010db  TLV_ADC10_1_LEN         
000010da  TLV_ADC10_1_TAG         
000010c0  TLV_CHECKSUM            
000010f7  TLV_DCO_30_LEN          
000010f6  TLV_DCO_30_TAG          
0000005d  UCA0ABCTL               
00000062  UCA0BR0                 
00000063  UCA0BR1                 
00000060  UCA0CTL0                
00000061  UCA0CTL1                
0000005f  UCA0IRRCTL              
0000005e  UCA0IRTCTL              
00000064  UCA0MCTL                
00000066  UCA0RXBUF               
00000065  UCA0STAT                
00000067  UCA0TXBUF               
0000006a  UCB0BR0                 
0000006b  UCB0BR1                 
00000068  UCB0CTL0                
00000069  UCB0CTL1                
0000006c  UCB0I2CIE               
00000118  UCB0I2COA               
0000011a  UCB0I2CSA               
0000006e  UCB0RXBUF               
0000006d  UCB0STAT                
0000006f  UCB0TXBUF               
0000e76c  USCI0RX_ISR             
0000edd0  Uart_putchar            
00000120  WDTCTL                  
00000400  __STACK_END             
00000050  __STACK_SIZE            
UNDEFED   __TI_BINIT_Base         
UNDEFED   __TI_BINIT_Limit        
0000ef3a  __TI_CINIT_Base         
0000ef42  __TI_CINIT_Limit        
0000ef36  __TI_Handler_Table_Base 
0000ef3a  __TI_Handler_Table_Limit
UNDEFED   __TI_INITARRAY_Base     
UNDEFED   __TI_INITARRAY_Limit    
0000eea4  __TI_ISR_TRAP           
0000ee24  __TI_decompress_none    
0000eeb8  __TI_decompress_rle24   
0000dacc  __TI_frcaddd            
0000cd18  __TI_frcmpyd            
0000ffe0  __TI_int00              
0000ffe4  __TI_int02              
0000ffe6  __TI_int03              
0000ffea  __TI_int05              
0000ffec  __TI_int06              
0000ffee  __TI_int07              
0000fff0  __TI_int08              
0000fff2  __TI_int09              
0000fff4  __TI_int10              
0000fff6  __TI_int11              
0000fff8  __TI_int12              
0000fffa  __TI_int13              
0000fffc  __TI_int14              
ffffffff  __TI_pprof_out_hndl     
ffffffff  __TI_prof_data_size     
ffffffff  __TI_prof_data_start    
0000e4d2  __TI_renormd            
ffffffff  __c_args__              
0000d300  __mspabi_addd           
0000e2e2  __mspabi_addf           
0000ebc6  __mspabi_cmpf           
0000e7fa  __mspabi_cvtdf          
0000e980  __mspabi_cvtfd          
0000e6d0  __mspabi_divf           
0000ecd4  __mspabi_fltif          
0000ee96  __mspabi_func_epilog_1  
0000ee94  __mspabi_func_epilog_2  
0000ee92  __mspabi_func_epilog_3  
0000ee90  __mspabi_func_epilog_4  
0000ee8e  __mspabi_func_epilog_5  
0000ee8c  __mspabi_func_epilog_6  
0000ee8a  __mspabi_func_epilog_7  
0000d85e  __mspabi_mpyd           
0000e40e  __mspabi_mpyf           
0000edfe  __mspabi_mpyi           
0000edfe  __mspabi_mpyi_sw        
0000ed90  __mspabi_mpyl           
0000ed90  __mspabi_mpyl_sw        
0000ee9a  __mspabi_negf           
0000ed64  __mspabi_slli           
0000ed8c  __mspabi_slli_1         
0000ed7a  __mspabi_slli_10        
0000ed78  __mspabi_slli_11        
0000ed76  __mspabi_slli_12        
0000ed74  __mspabi_slli_13        
0000ed72  __mspabi_slli_14        
0000ed70  __mspabi_slli_15        
0000ed8a  __mspabi_slli_2         
0000ed88  __mspabi_slli_3         
0000ed86  __mspabi_slli_4         
0000ed84  __mspabi_slli_5         
0000ed82  __mspabi_slli_6         
0000ed80  __mspabi_slli_7         
0000ed7e  __mspabi_slli_8         
0000ed7c  __mspabi_slli_9         
0000ee7a  __mspabi_slll           
0000ecce  __mspabi_slll_1         
0000ecaa  __mspabi_slll_10        
0000eca6  __mspabi_slll_11        
0000eca2  __mspabi_slll_12        
0000ec9e  __mspabi_slll_13        
0000ec9a  __mspabi_slll_14        
0000ec96  __mspabi_slll_15        
0000ecca  __mspabi_slll_2         
0000ecc6  __mspabi_slll_3         
0000ecc2  __mspabi_slll_4         
0000ecbe  __mspabi_slll_5         
0000ecba  __mspabi_slll_6         
0000ecb6  __mspabi_slll_7         
0000ecb2  __mspabi_slll_8         
0000ecae  __mspabi_slll_9         
0000ed38  __mspabi_srai           
0000ed60  __mspabi_srai_1         
0000ed4e  __mspabi_srai_10        
0000ed4c  __mspabi_srai_11        
0000ed4a  __mspabi_srai_12        
0000ed48  __mspabi_srai_13        
0000ed46  __mspabi_srai_14        
0000ed44  __mspabi_srai_15        
0000ed5e  __mspabi_srai_2         
0000ed5c  __mspabi_srai_3         
0000ed5a  __mspabi_srai_4         
0000ed58  __mspabi_srai_5         
0000ed56  __mspabi_srai_6         
0000ed54  __mspabi_srai_7         
0000ed52  __mspabi_srai_8         
0000ed50  __mspabi_srai_9         
0000ee6a  __mspabi_sral           
0000ec90  __mspabi_sral_1         
0000ec6c  __mspabi_sral_10        
0000ec68  __mspabi_sral_11        
0000ec64  __mspabi_sral_12        
0000ec60  __mspabi_sral_13        
0000ec5c  __mspabi_sral_14        
0000ec58  __mspabi_sral_15        
0000ec8c  __mspabi_sral_2         
0000ec88  __mspabi_sral_3         
0000ec84  __mspabi_sral_4         
0000ec80  __mspabi_sral_5         
0000ec7c  __mspabi_sral_6         
0000ec78  __mspabi_sral_7         
0000ec74  __mspabi_sral_8         
0000ec70  __mspabi_sral_9         
0000eb7a  __mspabi_srli           
0000ebc0  __mspabi_srli_1         
0000eb9c  __mspabi_srli_10        
0000eb98  __mspabi_srli_11        
0000eb94  __mspabi_srli_12        
0000eb90  __mspabi_srli_13        
0000eb8c  __mspabi_srli_14        
0000eb88  __mspabi_srli_15        
0000ebbc  __mspabi_srli_2         
0000ebb8  __mspabi_srli_3         
0000ebb4  __mspabi_srli_4         
0000ebb0  __mspabi_srli_5         
0000ebac  __mspabi_srli_6         
0000eba8  __mspabi_srli_7         
0000eba4  __mspabi_srli_8         
0000eba0  __mspabi_srli_9         
0000ee36  __mspabi_srll           
0000eb18  __mspabi_srll_1         
0000eae2  __mspabi_srll_10        
0000eadc  __mspabi_srll_11        
0000ead6  __mspabi_srll_12        
0000ead0  __mspabi_srll_13        
0000eaca  __mspabi_srll_14        
0000eac4  __mspabi_srll_15        
0000eb12  __mspabi_srll_2         
0000eb0c  __mspabi_srll_3         
0000eb06  __mspabi_srll_4         
0000eb00  __mspabi_srll_5         
0000eafa  __mspabi_srll_6         
0000eaf4  __mspabi_srll_7         
0000eaee  __mspabi_srll_8         
0000eae8  __mspabi_srll_9         
0000ed0a  __mspabi_subd           
0000e2dc  __mspabi_subf           
0000e9f2  _auto_init              
0000edb6  _c_int00_noargs_noexit  
0000fffe  _reset_vector           
000003b0  _stack                  
0000eec2  _system_post_cinit      
0000eebe  _system_pre_init        
0000eeb2  abort                   
00000300  accelorameter_raw       
0000df6c  asinf                   
0000dd2c  atan2f                  
0000d5e8  atanf                   
0000030c  ax                      
00000310  ay                      
00000314  az                      
00000336  beta                    
0000eb20  copy_in                 
00000352  errno                   
00000318  gx                      
0000031c  gy                      
00000306  gyroscope_raw           
00000320  gz                      
0000e886  invSqrt                 
0000c9f8  main                    
0000ee48  memcpy                  
00000324  pitch                   
0000033a  q0                      
0000033e  q1                      
00000342  q2                      
00000346  q3                      
00000330  read                    
0000034f  rec_LEN                 
00000334  received_ch             
00000328  roll                    
00000200  rxPackArray             
00000350  rx_ACK                  
0000034d  rx_CMD                  
0000034c  rx_CRC                  
0000034e  rx_LEN                  
0000034a  rx_REC                  
0000034b  rx_State                
00000332  sensor                  
0000d00c  sqrt                    
0000d00c  sqrtl                   
00000351  uart_rx_received        
0000032c  yaw                     


GLOBAL SYMBOLS: SORTED BY Symbol Address 

address   name                    
-------   ----                    
00000000  IE1                     
00000001  IE2                     
00000002  IFG1                    
00000003  IFG2                    
00000010  P3REN                   
00000018  P3IN                    
00000019  P3OUT                   
0000001a  P3DIR                   
0000001b  P3SEL                   
00000020  P1IN                    
00000021  P1OUT                   
00000022  P1DIR                   
00000023  P1IFG                   
00000024  P1IES                   
00000025  P1IE                    
00000026  P1SEL                   
00000027  P1REN                   
00000028  P2IN                    
00000029  P2OUT                   
0000002a  P2DIR                   
0000002b  P2IFG                   
0000002c  P2IES                   
0000002d  P2IE                    
0000002e  P2SEL                   
0000002f  P2REN                   
00000041  P1SEL2                  
00000042  P2SEL2                  
00000043  P3SEL2                  
00000048  ADC10DTC0               
00000049  ADC10DTC1               
0000004a  ADC10AE0                
00000050  __STACK_SIZE            
00000053  BCSCTL3                 
00000056  DCOCTL                  
00000057  BCSCTL1                 
00000058  BCSCTL2                 
00000059  CACTL1                  
0000005a  CACTL2                  
0000005b  CAPD                    
0000005d  UCA0ABCTL               
0000005e  UCA0IRTCTL              
0000005f  UCA0IRRCTL              
00000060  UCA0CTL0                
00000061  UCA0CTL1                
00000062  UCA0BR0                 
00000063  UCA0BR1                 
00000064  UCA0MCTL                
00000065  UCA0STAT                
00000066  UCA0RXBUF               
00000067  UCA0TXBUF               
00000068  UCB0CTL0                
00000069  UCB0CTL1                
0000006a  UCB0BR0                 
0000006b  UCB0BR1                 
0000006c  UCB0I2CIE               
0000006d  UCB0STAT                
0000006e  UCB0RXBUF               
0000006f  UCB0TXBUF               
00000118  UCB0I2COA               
0000011a  UCB0I2CSA               
0000011e  TA1IV                   
00000120  WDTCTL                  
00000128  FCTL1                   
0000012a  FCTL2                   
0000012c  FCTL3                   
0000012e  TA0IV                   
00000160  TA0CTL                  
00000162  TA0CCTL0                
00000164  TA0CCTL1                
00000166  TA0CCTL2                
00000170  TA0R                    
00000172  TA0CCR0                 
00000174  TA0CCR1                 
00000176  TA0CCR2                 
00000180  TA1CTL                  
00000182  TA1CCTL0                
00000184  TA1CCTL1                
00000186  TA1CCTL2                
00000190  TA1R                    
00000192  TA1CCR0                 
00000194  TA1CCR1                 
00000196  TA1CCR2                 
000001b0  ADC10CTL0               
000001b2  ADC10CTL1               
000001b4  ADC10MEM                
000001bc  ADC10SA                 
00000200  rxPackArray             
00000300  accelorameter_raw       
00000306  gyroscope_raw           
0000030c  ax                      
00000310  ay                      
00000314  az                      
00000318  gx                      
0000031c  gy                      
00000320  gz                      
00000324  pitch                   
00000328  roll                    
0000032c  yaw                     
00000330  read                    
00000332  sensor                  
00000334  received_ch             
00000336  beta                    
0000033a  q0                      
0000033e  q1                      
00000342  q2                      
00000346  q3                      
0000034a  rx_REC                  
0000034b  rx_State                
0000034c  rx_CRC                  
0000034d  rx_CMD                  
0000034e  rx_LEN                  
0000034f  rec_LEN                 
00000350  rx_ACK                  
00000351  uart_rx_received        
00000352  errno                   
000003b0  _stack                  
00000400  __STACK_END             
000010c0  TLV_CHECKSUM            
000010da  TLV_ADC10_1_TAG         
000010db  TLV_ADC10_1_LEN         
000010f6  TLV_DCO_30_TAG          
000010f7  TLV_DCO_30_LEN          
000010f8  CALDCO_16MHZ            
000010f9  CALBC1_16MHZ            
000010fa  CALDCO_12MHZ            
000010fb  CALBC1_12MHZ            
000010fc  CALDCO_8MHZ             
000010fd  CALBC1_8MHZ             
000010fe  CALDCO_1MHZ             
000010ff  CALBC1_1MHZ             
0000c000  MadgwickAHRSupdateIMU   
0000c9f8  main                    
0000cd18  __TI_frcmpyd            
0000d00c  sqrt                    
0000d00c  sqrtl                   
0000d300  __mspabi_addd           
0000d5e8  atanf                   
0000d85e  __mspabi_mpyd           
0000dacc  __TI_frcaddd            
0000dd2c  atan2f                  
0000df6c  asinf                   
0000e19c  Init_BMI160             
0000e2dc  __mspabi_subf           
0000e2e2  __mspabi_addf           
0000e40e  __mspabi_mpyf           
0000e4d2  __TI_renormd            
0000e590  Read_Accelorameter      
0000e630  Read_Gyroscope          
0000e6d0  __mspabi_divf           
0000e76c  USCI0RX_ISR             
0000e7fa  __mspabi_cvtdf          
0000e886  invSqrt                 
0000e908  Init                    
0000e980  __mspabi_cvtfd          
0000e9f2  _auto_init              
0000eac4  __mspabi_srll_15        
0000eaca  __mspabi_srll_14        
0000ead0  __mspabi_srll_13        
0000ead6  __mspabi_srll_12        
0000eadc  __mspabi_srll_11        
0000eae2  __mspabi_srll_10        
0000eae8  __mspabi_srll_9         
0000eaee  __mspabi_srll_8         
0000eaf4  __mspabi_srll_7         
0000eafa  __mspabi_srll_6         
0000eb00  __mspabi_srll_5         
0000eb06  __mspabi_srll_4         
0000eb0c  __mspabi_srll_3         
0000eb12  __mspabi_srll_2         
0000eb18  __mspabi_srll_1         
0000eb20  copy_in                 
0000eb7a  __mspabi_srli           
0000eb88  __mspabi_srli_15        
0000eb8c  __mspabi_srli_14        
0000eb90  __mspabi_srli_13        
0000eb94  __mspabi_srli_12        
0000eb98  __mspabi_srli_11        
0000eb9c  __mspabi_srli_10        
0000eba0  __mspabi_srli_9         
0000eba4  __mspabi_srli_8         
0000eba8  __mspabi_srli_7         
0000ebac  __mspabi_srli_6         
0000ebb0  __mspabi_srli_5         
0000ebb4  __mspabi_srli_4         
0000ebb8  __mspabi_srli_3         
0000ebbc  __mspabi_srli_2         
0000ebc0  __mspabi_srli_1         
0000ebc6  __mspabi_cmpf           
0000ec10  SPI_Transceive          
0000ec58  __mspabi_sral_15        
0000ec5c  __mspabi_sral_14        
0000ec60  __mspabi_sral_13        
0000ec64  __mspabi_sral_12        
0000ec68  __mspabi_sral_11        
0000ec6c  __mspabi_sral_10        
0000ec70  __mspabi_sral_9         
0000ec74  __mspabi_sral_8         
0000ec78  __mspabi_sral_7         
0000ec7c  __mspabi_sral_6         
0000ec80  __mspabi_sral_5         
0000ec84  __mspabi_sral_4         
0000ec88  __mspabi_sral_3         
0000ec8c  __mspabi_sral_2         
0000ec90  __mspabi_sral_1         
0000ec96  __mspabi_slll_15        
0000ec9a  __mspabi_slll_14        
0000ec9e  __mspabi_slll_13        
0000eca2  __mspabi_slll_12        
0000eca6  __mspabi_slll_11        
0000ecaa  __mspabi_slll_10        
0000ecae  __mspabi_slll_9         
0000ecb2  __mspabi_slll_8         
0000ecb6  __mspabi_slll_7         
0000ecba  __mspabi_slll_6         
0000ecbe  __mspabi_slll_5         
0000ecc2  __mspabi_slll_4         
0000ecc6  __mspabi_slll_3         
0000ecca  __mspabi_slll_2         
0000ecce  __mspabi_slll_1         
0000ecd4  __mspabi_fltif          
0000ed0a  __mspabi_subd           
0000ed38  __mspabi_srai           
0000ed44  __mspabi_srai_15        
0000ed46  __mspabi_srai_14        
0000ed48  __mspabi_srai_13        
0000ed4a  __mspabi_srai_12        
0000ed4c  __mspabi_srai_11        
0000ed4e  __mspabi_srai_10        
0000ed50  __mspabi_srai_9         
0000ed52  __mspabi_srai_8         
0000ed54  __mspabi_srai_7         
0000ed56  __mspabi_srai_6         
0000ed58  __mspabi_srai_5         
0000ed5a  __mspabi_srai_4         
0000ed5c  __mspabi_srai_3         
0000ed5e  __mspabi_srai_2         
0000ed60  __mspabi_srai_1         
0000ed64  __mspabi_slli           
0000ed70  __mspabi_slli_15        
0000ed72  __mspabi_slli_14        
0000ed74  __mspabi_slli_13        
0000ed76  __mspabi_slli_12        
0000ed78  __mspabi_slli_11        
0000ed7a  __mspabi_slli_10        
0000ed7c  __mspabi_slli_9         
0000ed7e  __mspabi_slli_8         
0000ed80  __mspabi_slli_7         
0000ed82  __mspabi_slli_6         
0000ed84  __mspabi_slli_5         
0000ed86  __mspabi_slli_4         
0000ed88  __mspabi_slli_3         
0000ed8a  __mspabi_slli_2         
0000ed8c  __mspabi_slli_1         
0000ed90  __mspabi_mpyl           
0000ed90  __mspabi_mpyl_sw        
0000edb6  _c_int00_noargs_noexit  
0000edd0  Uart_putchar            
0000ede8  PackCRC                 
0000edfe  __mspabi_mpyi           
0000edfe  __mspabi_mpyi_sw        
0000ee12  SPI_Read                
0000ee24  __TI_decompress_none    
0000ee36  __mspabi_srll           
0000ee48  memcpy                  
0000ee5a  Port_1                  
0000ee6a  __mspabi_sral           
0000ee7a  __mspabi_slll           
0000ee8a  __mspabi_func_epilog_7  
0000ee8c  __mspabi_func_epilog_6  
0000ee8e  __mspabi_func_epilog_5  
0000ee90  __mspabi_func_epilog_4  
0000ee92  __mspabi_func_epilog_3  
0000ee94  __mspabi_func_epilog_2  
0000ee96  __mspabi_func_epilog_1  
0000ee9a  __mspabi_negf           
0000eea4  __TI_ISR_TRAP           
0000eeac  SPI_Write               
0000eeb2  C$$EXIT                 
0000eeb2  abort                   
0000eeb8  __TI_decompress_rle24   
0000eebe  _system_pre_init        
0000eec2  _system_post_cinit      
0000ef36  __TI_Handler_Table_Base 
0000ef3a  __TI_CINIT_Base         
0000ef3a  __TI_Handler_Table_Limit
0000ef42  __TI_CINIT_Limit        
0000ffe0  __TI_int00              
0000ffe4  __TI_int02              
0000ffe6  __TI_int03              
0000ffea  __TI_int05              
0000ffec  __TI_int06              
0000ffee  __TI_int07              
0000fff0  __TI_int08              
0000fff2  __TI_int09              
0000fff4  __TI_int10              
0000fff6  __TI_int11              
0000fff8  __TI_int12              
0000fffa  __TI_int13              
0000fffc  __TI_int14              
0000fffe  _reset_vector           
ffffffff  __TI_pprof_out_hndl     
ffffffff  __TI_prof_data_size     
ffffffff  __TI_prof_data_start    
ffffffff  __c_args__              
UNDEFED   __TI_BINIT_Base         
UNDEFED   __TI_BINIT_Limit        
UNDEFED   __TI_INITARRAY_Base     
UNDEFED   __TI_INITARRAY_Limit    

[308 symbols]
