******************************************************************************
                  MSP430 Linker PC v15.12.3                    
******************************************************************************
>> Linked Mon Jan 02 11:10:26 2017

OUTPUT FILE NAME:   <BMI160_Complete.out>
ENTRY POINT SYMBOL: "_c_int00_noargs_noexit"  address: 0000cd76


MEMORY CONFIGURATION

         name            origin    length      used     unused   attr    fill
----------------------  --------  ---------  --------  --------  ----  --------
  SFR                   00000000   00000010  00000000  00000010  RWIX
  PERIPHERALS_8BIT      00000010   000000f0  00000000  000000f0  RWIX
  PERIPHERALS_16BIT     00000100   00000100  00000000  00000100  RWIX
  RAM                   00000200   00000200  00000197  00000069  RWIX
  INFOD                 00001000   00000040  00000000  00000040  RWIX
  INFOC                 00001040   00000040  00000000  00000040  RWIX
  INFOB                 00001080   00000040  00000000  00000040  RWIX
  INFOA                 000010c0   00000040  00000000  00000040  RWIX
  FLASH                 0000c000   00003fde  00000e6a  00003174  RWIX
  BSLSIGNATURE          0000ffde   00000002  00000002  00000000  RWIX  ffff 
  INT00                 0000ffe0   00000002  00000002  00000000  RWIX
  INT01                 0000ffe2   00000002  00000000  00000002  RWIX
  INT02                 0000ffe4   00000002  00000002  00000000  RWIX
  INT03                 0000ffe6   00000002  00000002  00000000  RWIX
  INT04                 0000ffe8   00000002  00000000  00000002  RWIX
  INT05                 0000ffea   00000002  00000002  00000000  RWIX
  INT06                 0000ffec   00000002  00000002  00000000  RWIX
  INT07                 0000ffee   00000002  00000002  00000000  RWIX
  INT08                 0000fff0   00000002  00000002  00000000  RWIX
  INT09                 0000fff2   00000002  00000002  00000000  RWIX
  INT10                 0000fff4   00000002  00000002  00000000  RWIX
  INT11                 0000fff6   00000002  00000002  00000000  RWIX
  INT12                 0000fff8   00000002  00000002  00000000  RWIX
  INT13                 0000fffa   00000002  00000002  00000000  RWIX
  INT14                 0000fffc   00000002  00000002  00000000  RWIX
  RESET                 0000fffe   00000002  00000002  00000000  RWIX


SECTION ALLOCATION MAP

 output                                  attributes/
section   page    origin      length       input sections
--------  ----  ----------  ----------   ----------------
.bss       0    00000200    00000127     UNINITIALIZED
                  00000200    00000100     (.common:rxPackArray)
                  00000300    00000006     (.common:accelorameter_raw)
                  00000306    00000006     (.common:gyroscope_raw)
                  0000030c    00000004     (.common:ay)
                  00000310    00000004     (.common:az)
                  00000314    00000004     (.common:gz)
                  00000318    00000002     (.common:ax_char)
                  0000031a    00000002     (.common:ay_char)
                  0000031c    00000002     (.common:az_char)
                  0000031e    00000002     (.common:pitch_char)
                  00000320    00000002     (.common:roll_char)
                  00000322    00000002     (.common:sensor)
                  00000324    00000002     (.common:yaw_char)
                  00000326    00000001     (.common:received_ch)

.data      0    00000328    00000020     UNINITIALIZED
                  00000328    00000020     main.obj (.data)

.stack     0    000003b0    00000050     UNINITIALIZED
                  000003b0    00000002     rts430_eabi.lib : boot.obj (.stack)
                  000003b2    0000004e     --HOLE--

.text      0    0000c000    00000e48     
                  0000c000    00000284     main.obj (.text:main)
                  0000c284    000001f6     main.obj (.text:Init_BMI160)
                  0000c47a    00000132     rts430_eabi.lib : fs_add.obj (.text)
                  0000c5ac    000000c4                     : fs_mpy.obj (.text)
                  0000c670    000000a0     main.obj (.text:Read_Accelorameter)
                  0000c710    000000a0     main.obj (.text:Read_Gyroscope)
                  0000c7b0    000000a0     main.obj (.text:Uart_TransmitTxPack)
                  0000c850    0000009c     rts430_eabi.lib : fs_div.obj (.text)
                  0000c8ec    0000008e     main.obj (.text:USCI0RX_ISR)
                  0000c97a    00000086     main.obj (.text:Init)
                  0000ca00    00000080     main.obj (.text:Float_to_Char_array)
                  0000ca80    00000074     main.obj (.text:Port_2)
                  0000caf4    0000006e     rts430_eabi.lib : autoinit.obj (.text:_auto_init)
                  0000cb62    00000068                     : fs_toi.obj (.text)
                  0000cbca    00000064                     : copy_decompress_rle.obj (.text:__TI_decompress_rle_core)
                  0000cc2e    0000005a                     : cpy_tbl.obj (.text:copy_in)
                  0000cc88    0000004a                     : fs_cmp.obj (.text)
                  0000ccd2    00000048     main.obj (.text:SPI_Transceive)
                  0000cd1a    00000036     rts430_eabi.lib : fs_itof.obj (.text)
                  0000cd50    00000026     main.obj (.text:Timer_A)
                  0000cd76    0000001a     rts430_eabi.lib : boot_special.obj (.text:_c_int00_noargs_noexit)
                  0000cd90    00000018     main.obj (.text:Uart_putchar)
                  0000cda8    00000016     main.obj (.text:PackCRC)
                  0000cdbe    00000014     rts430_eabi.lib : mult16.obj (.text)
                  0000cdd2    00000012     main.obj (.text:SPI_Read)
                  0000cde4    00000012     rts430_eabi.lib : copy_decompress_none.obj (.text:decompress:none:__TI_decompress_none)
                  0000cdf6    00000012                     : memcpy.obj (.text:memcpy)
                  0000ce08    00000010     main.obj (.text:Port_1)
                  0000ce18    00000010     rts430_eabi.lib : epilog.obj (.text)
                  0000ce28    00000008                     : isr_trap.obj (.text:_isr:__TI_ISR_TRAP)
                  0000ce30    00000006     main.obj (.text:SPI_Write)
                  0000ce36    00000006     rts430_eabi.lib : exit.obj (.text:abort)
                  0000ce3c    00000006                     : copy_decompress_rle.obj (.text:decompress:rle24:__TI_decompress_rle24)
                  0000ce42    00000004                     : pre_init.obj (.text:_system_pre_init)
                  0000ce46    00000002                     : startup.obj (.text:_system_post_cinit)

.cinit     0    0000ce48    00000022     
                  0000ce48    0000000b     (.cinit..bss.load) [load image, compression = rle]
                  0000ce53    00000001     --HOLE-- [fill = 0]
                  0000ce54    00000009     (.cinit..data.load) [load image, compression = rle]
                  0000ce5d    00000001     --HOLE-- [fill = 0]
                  0000ce5e    00000004     (__TI_handler_table)
                  0000ce62    00000008     (__TI_cinit_table)

.binit     0    0000c000    00000000     

.init_array 
*          0    0000c000    00000000     UNINITIALIZED

TRAPINT    0    0000ffe0    00000002     
                  0000ffe0    00000002     rts430_eabi.lib : int00.obj (.int00)

$fill000   0    0000ffde    00000002     
                  0000ffde    00000002     --HOLE-- [fill = ffff]

PORT1      0    0000ffe4    00000002     
                  0000ffe4    00000002     main.obj (.int02)

PORT2      0    0000ffe6    00000002     
                  0000ffe6    00000002     main.obj (.int03)

ADC10      0    0000ffea    00000002     
                  0000ffea    00000002     rts430_eabi.lib : int05.obj (.int05)

USCIAB0TX 
*          0    0000ffec    00000002     
                  0000ffec    00000002     rts430_eabi.lib : int06.obj (.int06)

USCIAB0RX 
*          0    0000ffee    00000002     
                  0000ffee    00000002     main.obj (.int07)

TIMER0_A1 
*          0    0000fff0    00000002     
                  0000fff0    00000002     main.obj (.int08)

TIMER0_A0 
*          0    0000fff2    00000002     
                  0000fff2    00000002     rts430_eabi.lib : int09.obj (.int09)

WDT        0    0000fff4    00000002     
                  0000fff4    00000002     rts430_eabi.lib : int10.obj (.int10)

COMPARATORA 
*          0    0000fff6    00000002     
                  0000fff6    00000002     rts430_eabi.lib : int11.obj (.int11)

TIMER1_A1 
*          0    0000fff8    00000002     
                  0000fff8    00000002     rts430_eabi.lib : int12.obj (.int12)

TIMER1_A0 
*          0    0000fffa    00000002     
                  0000fffa    00000002     rts430_eabi.lib : int13.obj (.int13)

NMI        0    0000fffc    00000002     
                  0000fffc    00000002     rts430_eabi.lib : int14.obj (.int14)

.reset     0    0000fffe    00000002     
                  0000fffe    00000002     rts430_eabi.lib : boot.obj (.reset)

MODULE SUMMARY

       Module                     code   ro data   rw data
       ------                     ----   -------   -------
    .\
       main.obj                   2342   8         327    
    +--+--------------------------+------+---------+---------+
       Total:                     2342   8         327    
                                                          
    C:\ti\ccsv6\tools\compiler\msp430_15.12.3.LTS\lib\rts430_eabi.lib
       fs_add.obj                 306    0         0      
       fs_mpy.obj                 196    0         0      
       fs_div.obj                 156    0         0      
       autoinit.obj               110    0         0      
       copy_decompress_rle.obj    106    0         0      
       fs_toi.obj                 104    0         0      
       cpy_tbl.obj                90     0         0      
       fs_cmp.obj                 74     0         0      
       fs_itof.obj                54     0         0      
       boot_special.obj           26     0         0      
       mult16.obj                 20     0         0      
       copy_decompress_none.obj   18     0         0      
       memcpy.obj                 18     0         0      
       epilog.obj                 16     0         0      
       isr_trap.obj               8      0         0      
       exit.obj                   6      0         0      
       pre_init.obj               4      0         0      
       boot.obj                   0      2         0      
       int00.obj                  0      2         0      
       int05.obj                  0      2         0      
       int06.obj                  0      2         0      
       int09.obj                  0      2         0      
       int10.obj                  0      2         0      
       int11.obj                  0      2         0      
       int12.obj                  0      2         0      
       int13.obj                  0      2         0      
       int14.obj                  0      2         0      
       startup.obj                2      0         0      
    +--+--------------------------+------+---------+---------+
       Total:                     1314   20        0      
                                                          
       Stack:                     0      0         80     
       Linker Generated:          0      32        0      
    +--+--------------------------+------+---------+---------+
       Grand Total:               3656   60        407    


LINKER GENERATED COPY TABLES

__TI_cinit_table @ 0000ce62 records: 2, size/record: 4, table size: 8
	.bss: load addr=0000ce48, load size=0000000b bytes, run addr=00000200, run size=00000127 bytes, compression=rle
	.data: load addr=0000ce54, load size=00000009 bytes, run addr=00000328, run size=00000020 bytes, compression=rle


LINKER GENERATED HANDLER TABLE

__TI_handler_table @ 0000ce5e records: 2, size/record: 2, table size: 4
	index: 0, handler: __TI_decompress_rle24
	index: 1, handler: __TI_decompress_none


GLOBAL SYMBOLS: SORTED ALPHABETICALLY BY Name 

address   name                    
-------   ----                    
0000004a  ADC10AE0                
000001b0  ADC10CTL0               
000001b2  ADC10CTL1               
00000048  ADC10DTC0               
00000049  ADC10DTC1               
000001b4  ADC10MEM                
000001bc  ADC10SA                 
00000057  BCSCTL1                 
00000058  BCSCTL2                 
00000053  BCSCTL3                 
0000ce36  C$$EXIT                 
00000059  CACTL1                  
0000005a  CACTL2                  
000010fb  CALBC1_12MHZ            
000010f9  CALBC1_16MHZ            
000010ff  CALBC1_1MHZ             
000010fd  CALBC1_8MHZ             
000010fa  CALDCO_12MHZ            
000010f8  CALDCO_16MHZ            
000010fe  CALDCO_1MHZ             
000010fc  CALDCO_8MHZ             
0000005b  CAPD                    
00000056  DCOCTL                  
00000128  FCTL1                   
0000012a  FCTL2                   
0000012c  FCTL3                   
0000ca00  Float_to_Char_array     
00000000  IE1                     
00000001  IE2                     
00000002  IFG1                    
00000003  IFG2                    
0000c97a  Init                    
0000c284  Init_BMI160             
00000022  P1DIR                   
00000025  P1IE                    
00000024  P1IES                   
00000023  P1IFG                   
00000020  P1IN                    
00000021  P1OUT                   
00000027  P1REN                   
00000026  P1SEL                   
00000041  P1SEL2                  
0000002a  P2DIR                   
0000002d  P2IE                    
0000002c  P2IES                   
0000002b  P2IFG                   
00000028  P2IN                    
00000029  P2OUT                   
0000002f  P2REN                   
0000002e  P2SEL                   
00000042  P2SEL2                  
0000001a  P3DIR                   
00000018  P3IN                    
00000019  P3OUT                   
00000010  P3REN                   
0000001b  P3SEL                   
00000043  P3SEL2                  
0000cda8  PackCRC                 
0000ce08  Port_1                  
0000ca80  Port_2                  
0000c670  Read_Accelorameter      
0000c710  Read_Gyroscope          
0000cdd2  SPI_Read                
0000ccd2  SPI_Transceive          
0000ce30  SPI_Write               
00000172  TA0CCR0                 
00000174  TA0CCR1                 
00000176  TA0CCR2                 
00000162  TA0CCTL0                
00000164  TA0CCTL1                
00000166  TA0CCTL2                
00000160  TA0CTL                  
0000012e  TA0IV                   
00000170  TA0R                    
00000192  TA1CCR0                 
00000194  TA1CCR1                 
00000196  TA1CCR2                 
00000182  TA1CCTL0                
00000184  TA1CCTL1                
00000186  TA1CCTL2                
00000180  TA1CTL                  
0000011e  TA1IV                   
00000190  TA1R                    
000010db  TLV_ADC10_1_LEN         
000010da  TLV_ADC10_1_TAG         
000010c0  TLV_CHECKSUM            
000010f7  TLV_DCO_30_LEN          
000010f6  TLV_DCO_30_TAG          
0000cd50  Timer_A                 
0000005d  UCA0ABCTL               
00000062  UCA0BR0                 
00000063  UCA0BR1                 
00000060  UCA0CTL0                
00000061  UCA0CTL1                
0000005f  UCA0IRRCTL              
0000005e  UCA0IRTCTL              
00000064  UCA0MCTL                
00000066  UCA0RXBUF               
00000065  UCA0STAT                
00000067  UCA0TXBUF               
0000006a  UCB0BR0                 
0000006b  UCB0BR1                 
00000068  UCB0CTL0                
00000069  UCB0CTL1                
0000006c  UCB0I2CIE               
00000118  UCB0I2COA               
0000011a  UCB0I2CSA               
0000006e  UCB0RXBUF               
0000006d  UCB0STAT                
0000006f  UCB0TXBUF               
0000c8ec  USCI0RX_ISR             
0000c7b0  Uart_TransmitTxPack     
0000cd90  Uart_putchar            
00000120  WDTCTL                  
00000400  __STACK_END             
00000050  __STACK_SIZE            
UNDEFED   __TI_BINIT_Base         
UNDEFED   __TI_BINIT_Limit        
0000ce62  __TI_CINIT_Base         
0000ce6a  __TI_CINIT_Limit        
0000ce5e  __TI_Handler_Table_Base 
0000ce62  __TI_Handler_Table_Limit
UNDEFED   __TI_INITARRAY_Base     
UNDEFED   __TI_INITARRAY_Limit    
0000ce28  __TI_ISR_TRAP           
0000cde4  __TI_decompress_none    
0000ce3c  __TI_decompress_rle24   
0000ffe0  __TI_int00              
0000ffe4  __TI_int02              
0000ffe6  __TI_int03              
0000ffea  __TI_int05              
0000ffec  __TI_int06              
0000ffee  __TI_int07              
0000fff0  __TI_int08              
0000fff2  __TI_int09              
0000fff4  __TI_int10              
0000fff6  __TI_int11              
0000fff8  __TI_int12              
0000fffa  __TI_int13              
0000fffc  __TI_int14              
ffffffff  __TI_pprof_out_hndl     
ffffffff  __TI_prof_data_size     
ffffffff  __TI_prof_data_start    
ffffffff  __c_args__              
0000c480  __mspabi_addf           
0000cc88  __mspabi_cmpf           
0000c850  __mspabi_divf           
0000cb62  __mspabi_fixfi          
0000cd1a  __mspabi_fltif          
0000ce24  __mspabi_func_epilog_1  
0000ce22  __mspabi_func_epilog_2  
0000ce20  __mspabi_func_epilog_3  
0000ce1e  __mspabi_func_epilog_4  
0000ce1c  __mspabi_func_epilog_5  
0000ce1a  __mspabi_func_epilog_6  
0000ce18  __mspabi_func_epilog_7  
0000c5ac  __mspabi_mpyf           
0000cdbe  __mspabi_mpyi           
0000cdbe  __mspabi_mpyi_sw        
0000c47a  __mspabi_subf           
0000caf4  _auto_init              
0000cd76  _c_int00_noargs_noexit  
0000fffe  _reset_vector           
000003b0  _stack                  
0000ce46  _system_post_cinit      
0000ce42  _system_pre_init        
0000ce36  abort                   
00000300  accelorameter_raw       
00000338  ax                      
00000318  ax_char                 
0000030c  ay                      
0000031a  ay_char                 
00000310  az                      
0000031c  az_char                 
0000cc2e  copy_in                 
00000340  g_Rate                  
00000306  gyroscope_raw           
00000314  gz                      
00000344  gz_offset               
0000c000  main                    
0000cdf6  memcpy                  
00000336  nomotion_gyro_counter   
0000031e  pitch_char              
00000330  read                    
0000032d  rec_LEN                 
00000326  received_ch             
00000320  roll_char               
00000200  rxPackArray             
0000032e  rx_ACK                  
0000032b  rx_CMD                  
0000032a  rx_CRC                  
0000032c  rx_LEN                  
00000328  rx_REC                  
00000329  rx_State                
00000322  sensor                  
00000332  timer                   
00000334  timer_count             
0000032f  uart_rx_received        
0000033c  yaw                     
00000324  yaw_char                


GLOBAL SYMBOLS: SORTED BY Symbol Address 

address   name                    
-------   ----                    
00000000  IE1                     
00000001  IE2                     
00000002  IFG1                    
00000003  IFG2                    
00000010  P3REN                   
00000018  P3IN                    
00000019  P3OUT                   
0000001a  P3DIR                   
0000001b  P3SEL                   
00000020  P1IN                    
00000021  P1OUT                   
00000022  P1DIR                   
00000023  P1IFG                   
00000024  P1IES                   
00000025  P1IE                    
00000026  P1SEL                   
00000027  P1REN                   
00000028  P2IN                    
00000029  P2OUT                   
0000002a  P2DIR                   
0000002b  P2IFG                   
0000002c  P2IES                   
0000002d  P2IE                    
0000002e  P2SEL                   
0000002f  P2REN                   
00000041  P1SEL2                  
00000042  P2SEL2                  
00000043  P3SEL2                  
00000048  ADC10DTC0               
00000049  ADC10DTC1               
0000004a  ADC10AE0                
00000050  __STACK_SIZE            
00000053  BCSCTL3                 
00000056  DCOCTL                  
00000057  BCSCTL1                 
00000058  BCSCTL2                 
00000059  CACTL1                  
0000005a  CACTL2                  
0000005b  CAPD                    
0000005d  UCA0ABCTL               
0000005e  UCA0IRTCTL              
0000005f  UCA0IRRCTL              
00000060  UCA0CTL0                
00000061  UCA0CTL1                
00000062  UCA0BR0                 
00000063  UCA0BR1                 
00000064  UCA0MCTL                
00000065  UCA0STAT                
00000066  UCA0RXBUF               
00000067  UCA0TXBUF               
00000068  UCB0CTL0                
00000069  UCB0CTL1                
0000006a  UCB0BR0                 
0000006b  UCB0BR1                 
0000006c  UCB0I2CIE               
0000006d  UCB0STAT                
0000006e  UCB0RXBUF               
0000006f  UCB0TXBUF               
00000118  UCB0I2COA               
0000011a  UCB0I2CSA               
0000011e  TA1IV                   
00000120  WDTCTL                  
00000128  FCTL1                   
0000012a  FCTL2                   
0000012c  FCTL3                   
0000012e  TA0IV                   
00000160  TA0CTL                  
00000162  TA0CCTL0                
00000164  TA0CCTL1                
00000166  TA0CCTL2                
00000170  TA0R                    
00000172  TA0CCR0                 
00000174  TA0CCR1                 
00000176  TA0CCR2                 
00000180  TA1CTL                  
00000182  TA1CCTL0                
00000184  TA1CCTL1                
00000186  TA1CCTL2                
00000190  TA1R                    
00000192  TA1CCR0                 
00000194  TA1CCR1                 
00000196  TA1CCR2                 
000001b0  ADC10CTL0               
000001b2  ADC10CTL1               
000001b4  ADC10MEM                
000001bc  ADC10SA                 
00000200  rxPackArray             
00000300  accelorameter_raw       
00000306  gyroscope_raw           
0000030c  ay                      
00000310  az                      
00000314  gz                      
00000318  ax_char                 
0000031a  ay_char                 
0000031c  az_char                 
0000031e  pitch_char              
00000320  roll_char               
00000322  sensor                  
00000324  yaw_char                
00000326  received_ch             
00000328  rx_REC                  
00000329  rx_State                
0000032a  rx_CRC                  
0000032b  rx_CMD                  
0000032c  rx_LEN                  
0000032d  rec_LEN                 
0000032e  rx_ACK                  
0000032f  uart_rx_received        
00000330  read                    
00000332  timer                   
00000334  timer_count             
00000336  nomotion_gyro_counter   
00000338  ax                      
0000033c  yaw                     
00000340  g_Rate                  
00000344  gz_offset               
000003b0  _stack                  
00000400  __STACK_END             
000010c0  TLV_CHECKSUM            
000010da  TLV_ADC10_1_TAG         
000010db  TLV_ADC10_1_LEN         
000010f6  TLV_DCO_30_TAG          
000010f7  TLV_DCO_30_LEN          
000010f8  CALDCO_16MHZ            
000010f9  CALBC1_16MHZ            
000010fa  CALDCO_12MHZ            
000010fb  CALBC1_12MHZ            
000010fc  CALDCO_8MHZ             
000010fd  CALBC1_8MHZ             
000010fe  CALDCO_1MHZ             
000010ff  CALBC1_1MHZ             
0000c000  main                    
0000c284  Init_BMI160             
0000c47a  __mspabi_subf           
0000c480  __mspabi_addf           
0000c5ac  __mspabi_mpyf           
0000c670  Read_Accelorameter      
0000c710  Read_Gyroscope          
0000c7b0  Uart_TransmitTxPack     
0000c850  __mspabi_divf           
0000c8ec  USCI0RX_ISR             
0000c97a  Init                    
0000ca00  Float_to_Char_array     
0000ca80  Port_2                  
0000caf4  _auto_init              
0000cb62  __mspabi_fixfi          
0000cc2e  copy_in                 
0000cc88  __mspabi_cmpf           
0000ccd2  SPI_Transceive          
0000cd1a  __mspabi_fltif          
0000cd50  Timer_A                 
0000cd76  _c_int00_noargs_noexit  
0000cd90  Uart_putchar            
0000cda8  PackCRC                 
0000cdbe  __mspabi_mpyi           
0000cdbe  __mspabi_mpyi_sw        
0000cdd2  SPI_Read                
0000cde4  __TI_decompress_none    
0000cdf6  memcpy                  
0000ce08  Port_1                  
0000ce18  __mspabi_func_epilog_7  
0000ce1a  __mspabi_func_epilog_6  
0000ce1c  __mspabi_func_epilog_5  
0000ce1e  __mspabi_func_epilog_4  
0000ce20  __mspabi_func_epilog_3  
0000ce22  __mspabi_func_epilog_2  
0000ce24  __mspabi_func_epilog_1  
0000ce28  __TI_ISR_TRAP           
0000ce30  SPI_Write               
0000ce36  C$$EXIT                 
0000ce36  abort                   
0000ce3c  __TI_decompress_rle24   
0000ce42  _system_pre_init        
0000ce46  _system_post_cinit      
0000ce5e  __TI_Handler_Table_Base 
0000ce62  __TI_CINIT_Base         
0000ce62  __TI_Handler_Table_Limit
0000ce6a  __TI_CINIT_Limit        
0000ffe0  __TI_int00              
0000ffe4  __TI_int02              
0000ffe6  __TI_int03              
0000ffea  __TI_int05              
0000ffec  __TI_int06              
0000ffee  __TI_int07              
0000fff0  __TI_int08              
0000fff2  __TI_int09              
0000fff4  __TI_int10              
0000fff6  __TI_int11              
0000fff8  __TI_int12              
0000fffa  __TI_int13              
0000fffc  __TI_int14              
0000fffe  _reset_vector           
ffffffff  __TI_pprof_out_hndl     
ffffffff  __TI_prof_data_size     
ffffffff  __TI_prof_data_start    
ffffffff  __c_args__              
UNDEFED   __TI_BINIT_Base         
UNDEFED   __TI_BINIT_Limit        
UNDEFED   __TI_INITARRAY_Base     
UNDEFED   __TI_INITARRAY_Limit    

[200 symbols]
