<?xml version="1.0"?>
<link_info>
   <banner>MSP430 Linker PC v15.12.3.LTS</banner>
   <copyright>Copyright (c) 2003-2015 Texas Instruments Incorporated</copyright>
   <link_time>0x58e2400c</link_time>
   <link_errors>0x0</link_errors>
   <output_file>BMI160_Complete.out</output_file>
   <entry_point>
      <name>_c_int00_noargs_noexit</name>
      <address>0xd71e</address>
   </entry_point>
   <input_file_list>
      <input_file id="fl-2">
         <path>.\</path>
         <kind>object</kind>
         <file>MadgwickAHRS.obj</file>
         <name>MadgwickAHRS.obj</name>
      </input_file>
      <input_file id="fl-3">
         <path>.\</path>
         <kind>object</kind>
         <file>main.obj</file>
         <name>main.obj</name>
      </input_file>
      <input_file id="fl-1e">
         <path>C:\ti\ccsv6\tools\compiler\msp430_15.12.3.LTS\lib\</path>
         <kind>archive</kind>
         <file>rts430_eabi.lib</file>
         <name>boot.obj</name>
      </input_file>
      <input_file id="fl-1f">
         <path>C:\ti\ccsv6\tools\compiler\msp430_15.12.3.LTS\lib\</path>
         <kind>archive</kind>
         <file>rts430_eabi.lib</file>
         <name>boot_special.obj</name>
      </input_file>
      <input_file id="fl-20">
         <path>C:\ti\ccsv6\tools\compiler\msp430_15.12.3.LTS\lib\</path>
         <kind>archive</kind>
         <file>rts430_eabi.lib</file>
         <name>copy_decompress_none.obj</name>
      </input_file>
      <input_file id="fl-21">
         <path>C:\ti\ccsv6\tools\compiler\msp430_15.12.3.LTS\lib\</path>
         <kind>archive</kind>
         <file>rts430_eabi.lib</file>
         <name>copy_decompress_rle.obj</name>
      </input_file>
      <input_file id="fl-22">
         <path>C:\ti\ccsv6\tools\compiler\msp430_15.12.3.LTS\lib\</path>
         <kind>archive</kind>
         <file>rts430_eabi.lib</file>
         <name>copy_zero_init.obj</name>
      </input_file>
      <input_file id="fl-23">
         <path>C:\ti\ccsv6\tools\compiler\msp430_15.12.3.LTS\lib\</path>
         <kind>archive</kind>
         <file>rts430_eabi.lib</file>
         <name>cvtdf.obj</name>
      </input_file>
      <input_file id="fl-24">
         <path>C:\ti\ccsv6\tools\compiler\msp430_15.12.3.LTS\lib\</path>
         <kind>archive</kind>
         <file>rts430_eabi.lib</file>
         <name>cvtfd.obj</name>
      </input_file>
      <input_file id="fl-25">
         <path>C:\ti\ccsv6\tools\compiler\msp430_15.12.3.LTS\lib\</path>
         <kind>archive</kind>
         <file>rts430_eabi.lib</file>
         <name>e_atan2f.obj</name>
      </input_file>
      <input_file id="fl-26">
         <path>C:\ti\ccsv6\tools\compiler\msp430_15.12.3.LTS\lib\</path>
         <kind>archive</kind>
         <file>rts430_eabi.lib</file>
         <name>e_sqrt.obj</name>
      </input_file>
      <input_file id="fl-27">
         <path>C:\ti\ccsv6\tools\compiler\msp430_15.12.3.LTS\lib\</path>
         <kind>archive</kind>
         <file>rts430_eabi.lib</file>
         <name>e_sqrtf.obj</name>
      </input_file>
      <input_file id="fl-28">
         <path>C:\ti\ccsv6\tools\compiler\msp430_15.12.3.LTS\lib\</path>
         <kind>archive</kind>
         <file>rts430_eabi.lib</file>
         <name>epilog.obj</name>
      </input_file>
      <input_file id="fl-29">
         <path>C:\ti\ccsv6\tools\compiler\msp430_15.12.3.LTS\lib\</path>
         <kind>archive</kind>
         <file>rts430_eabi.lib</file>
         <name>errno.obj</name>
      </input_file>
      <input_file id="fl-2a">
         <path>C:\ti\ccsv6\tools\compiler\msp430_15.12.3.LTS\lib\</path>
         <kind>archive</kind>
         <file>rts430_eabi.lib</file>
         <name>exit.obj</name>
      </input_file>
      <input_file id="fl-2b">
         <path>C:\ti\ccsv6\tools\compiler\msp430_15.12.3.LTS\lib\</path>
         <kind>archive</kind>
         <file>rts430_eabi.lib</file>
         <name>exit_gvars.obj</name>
      </input_file>
      <input_file id="fl-2c">
         <path>C:\ti\ccsv6\tools\compiler\msp430_15.12.3.LTS\lib\</path>
         <kind>archive</kind>
         <file>rts430_eabi.lib</file>
         <name>fs_add.obj</name>
      </input_file>
      <input_file id="fl-2d">
         <path>C:\ti\ccsv6\tools\compiler\msp430_15.12.3.LTS\lib\</path>
         <kind>archive</kind>
         <file>rts430_eabi.lib</file>
         <name>fs_cmp.obj</name>
      </input_file>
      <input_file id="fl-2e">
         <path>C:\ti\ccsv6\tools\compiler\msp430_15.12.3.LTS\lib\</path>
         <kind>archive</kind>
         <file>rts430_eabi.lib</file>
         <name>fs_div.obj</name>
      </input_file>
      <input_file id="fl-2f">
         <path>C:\ti\ccsv6\tools\compiler\msp430_15.12.3.LTS\lib\</path>
         <kind>archive</kind>
         <file>rts430_eabi.lib</file>
         <name>fs_itof.obj</name>
      </input_file>
      <input_file id="fl-30">
         <path>C:\ti\ccsv6\tools\compiler\msp430_15.12.3.LTS\lib\</path>
         <kind>archive</kind>
         <file>rts430_eabi.lib</file>
         <name>fs_mpy.obj</name>
      </input_file>
      <input_file id="fl-31">
         <path>C:\ti\ccsv6\tools\compiler\msp430_15.12.3.LTS\lib\</path>
         <kind>archive</kind>
         <file>rts430_eabi.lib</file>
         <name>fs_neg.obj</name>
      </input_file>
      <input_file id="fl-32">
         <path>C:\ti\ccsv6\tools\compiler\msp430_15.12.3.LTS\lib\</path>
         <kind>archive</kind>
         <file>rts430_eabi.lib</file>
         <name>fs_toi.obj</name>
      </input_file>
      <input_file id="fl-33">
         <path>C:\ti\ccsv6\tools\compiler\msp430_15.12.3.LTS\lib\</path>
         <kind>archive</kind>
         <file>rts430_eabi.lib</file>
         <name>int00.obj</name>
      </input_file>
      <input_file id="fl-34">
         <path>C:\ti\ccsv6\tools\compiler\msp430_15.12.3.LTS\lib\</path>
         <kind>archive</kind>
         <file>rts430_eabi.lib</file>
         <name>int05.obj</name>
      </input_file>
      <input_file id="fl-35">
         <path>C:\ti\ccsv6\tools\compiler\msp430_15.12.3.LTS\lib\</path>
         <kind>archive</kind>
         <file>rts430_eabi.lib</file>
         <name>int06.obj</name>
      </input_file>
      <input_file id="fl-36">
         <path>C:\ti\ccsv6\tools\compiler\msp430_15.12.3.LTS\lib\</path>
         <kind>archive</kind>
         <file>rts430_eabi.lib</file>
         <name>int09.obj</name>
      </input_file>
      <input_file id="fl-37">
         <path>C:\ti\ccsv6\tools\compiler\msp430_15.12.3.LTS\lib\</path>
         <kind>archive</kind>
         <file>rts430_eabi.lib</file>
         <name>int10.obj</name>
      </input_file>
      <input_file id="fl-38">
         <path>C:\ti\ccsv6\tools\compiler\msp430_15.12.3.LTS\lib\</path>
         <kind>archive</kind>
         <file>rts430_eabi.lib</file>
         <name>int11.obj</name>
      </input_file>
      <input_file id="fl-39">
         <path>C:\ti\ccsv6\tools\compiler\msp430_15.12.3.LTS\lib\</path>
         <kind>archive</kind>
         <file>rts430_eabi.lib</file>
         <name>int12.obj</name>
      </input_file>
      <input_file id="fl-3a">
         <path>C:\ti\ccsv6\tools\compiler\msp430_15.12.3.LTS\lib\</path>
         <kind>archive</kind>
         <file>rts430_eabi.lib</file>
         <name>int13.obj</name>
      </input_file>
      <input_file id="fl-3b">
         <path>C:\ti\ccsv6\tools\compiler\msp430_15.12.3.LTS\lib\</path>
         <kind>archive</kind>
         <file>rts430_eabi.lib</file>
         <name>int14.obj</name>
      </input_file>
      <input_file id="fl-3c">
         <path>C:\ti\ccsv6\tools\compiler\msp430_15.12.3.LTS\lib\</path>
         <kind>archive</kind>
         <file>rts430_eabi.lib</file>
         <name>isr_trap.obj</name>
      </input_file>
      <input_file id="fl-3d">
         <path>C:\ti\ccsv6\tools\compiler\msp430_15.12.3.LTS\lib\</path>
         <kind>archive</kind>
         <file>rts430_eabi.lib</file>
         <name>lsl16.obj</name>
      </input_file>
      <input_file id="fl-3e">
         <path>C:\ti\ccsv6\tools\compiler\msp430_15.12.3.LTS\lib\</path>
         <kind>archive</kind>
         <file>rts430_eabi.lib</file>
         <name>lsl32.obj</name>
      </input_file>
      <input_file id="fl-3f">
         <path>C:\ti\ccsv6\tools\compiler\msp430_15.12.3.LTS\lib\</path>
         <kind>archive</kind>
         <file>rts430_eabi.lib</file>
         <name>lsr16.obj</name>
      </input_file>
      <input_file id="fl-40">
         <path>C:\ti\ccsv6\tools\compiler\msp430_15.12.3.LTS\lib\</path>
         <kind>archive</kind>
         <file>rts430_eabi.lib</file>
         <name>lsr32.obj</name>
      </input_file>
      <input_file id="fl-41">
         <path>C:\ti\ccsv6\tools\compiler\msp430_15.12.3.LTS\lib\</path>
         <kind>archive</kind>
         <file>rts430_eabi.lib</file>
         <name>lsr64.obj</name>
      </input_file>
      <input_file id="fl-42">
         <path>C:\ti\ccsv6\tools\compiler\msp430_15.12.3.LTS\lib\</path>
         <kind>archive</kind>
         <file>rts430_eabi.lib</file>
         <name>memcpy.obj</name>
      </input_file>
      <input_file id="fl-43">
         <path>C:\ti\ccsv6\tools\compiler\msp430_15.12.3.LTS\lib\</path>
         <kind>archive</kind>
         <file>rts430_eabi.lib</file>
         <name>mpu_init.obj</name>
      </input_file>
      <input_file id="fl-44">
         <path>C:\ti\ccsv6\tools\compiler\msp430_15.12.3.LTS\lib\</path>
         <kind>archive</kind>
         <file>rts430_eabi.lib</file>
         <name>mpyd.obj</name>
      </input_file>
      <input_file id="fl-45">
         <path>C:\ti\ccsv6\tools\compiler\msp430_15.12.3.LTS\lib\</path>
         <kind>archive</kind>
         <file>rts430_eabi.lib</file>
         <name>pre_init.obj</name>
      </input_file>
      <input_file id="fl-46">
         <path>C:\ti\ccsv6\tools\compiler\msp430_15.12.3.LTS\lib\</path>
         <kind>archive</kind>
         <file>rts430_eabi.lib</file>
         <name>s_atanf.obj</name>
      </input_file>
      <input_file id="fl-47">
         <path>C:\ti\ccsv6\tools\compiler\msp430_15.12.3.LTS\lib\</path>
         <kind>archive</kind>
         <file>rts430_eabi.lib</file>
         <name>_lock.obj</name>
      </input_file>
      <input_file id="fl-48">
         <path>C:\ti\ccsv6\tools\compiler\msp430_15.12.3.LTS\lib\</path>
         <kind>archive</kind>
         <file>rts430_eabi.lib</file>
         <name>addd.obj</name>
      </input_file>
      <input_file id="fl-49">
         <path>C:\ti\ccsv6\tools\compiler\msp430_15.12.3.LTS\lib\</path>
         <kind>archive</kind>
         <file>rts430_eabi.lib</file>
         <name>args_main.obj</name>
      </input_file>
      <input_file id="fl-4a">
         <path>C:\ti\ccsv6\tools\compiler\msp430_15.12.3.LTS\lib\</path>
         <kind>archive</kind>
         <file>rts430_eabi.lib</file>
         <name>asr16.obj</name>
      </input_file>
      <input_file id="fl-4b">
         <path>C:\ti\ccsv6\tools\compiler\msp430_15.12.3.LTS\lib\</path>
         <kind>archive</kind>
         <file>rts430_eabi.lib</file>
         <name>asr32.obj</name>
      </input_file>
      <input_file id="fl-4c">
         <path>C:\ti\ccsv6\tools\compiler\msp430_15.12.3.LTS\lib\</path>
         <kind>archive</kind>
         <file>rts430_eabi.lib</file>
         <name>autoinit.obj</name>
      </input_file>
      <input_file id="fl-4d">
         <path>C:\ti\ccsv6\tools\compiler\msp430_15.12.3.LTS\lib\</path>
         <kind>archive</kind>
         <file>rts430_eabi.lib</file>
         <name>cpy_tbl.obj</name>
      </input_file>
      <input_file id="fl-4e">
         <path>C:\ti\ccsv6\tools\compiler\msp430_15.12.3.LTS\lib\</path>
         <kind>archive</kind>
         <file>rts430_eabi.lib</file>
         <name>frcaddd.obj</name>
      </input_file>
      <input_file id="fl-4f">
         <path>C:\ti\ccsv6\tools\compiler\msp430_15.12.3.LTS\lib\</path>
         <kind>archive</kind>
         <file>rts430_eabi.lib</file>
         <name>frcmpyd.obj</name>
      </input_file>
      <input_file id="fl-50">
         <path>C:\ti\ccsv6\tools\compiler\msp430_15.12.3.LTS\lib\</path>
         <kind>archive</kind>
         <file>rts430_eabi.lib</file>
         <name>mult16.obj</name>
      </input_file>
      <input_file id="fl-51">
         <path>C:\ti\ccsv6\tools\compiler\msp430_15.12.3.LTS\lib\</path>
         <kind>archive</kind>
         <file>rts430_eabi.lib</file>
         <name>mult32.obj</name>
      </input_file>
      <input_file id="fl-52">
         <path>C:\ti\ccsv6\tools\compiler\msp430_15.12.3.LTS\lib\</path>
         <kind>archive</kind>
         <file>rts430_eabi.lib</file>
         <name>renormd.obj</name>
      </input_file>
      <input_file id="fl-53">
         <path>C:\ti\ccsv6\tools\compiler\msp430_15.12.3.LTS\lib\</path>
         <kind>archive</kind>
         <file>rts430_eabi.lib</file>
         <name>startup.obj</name>
      </input_file>
   </input_file_list>
   <object_component_list>
      <object_component id="oc-199">
         <name>.common:rxPackArray</name>
         <uninitialized>true</uninitialized>
         <run_address>0x200</run_address>
         <size>0x100</size>
      </object_component>
      <object_component id="oc-1c2">
         <name>.common:received_ch</name>
         <uninitialized>true</uninitialized>
         <run_address>0x32c</run_address>
         <size>0x1</size>
      </object_component>
      <object_component id="oc-1c1">
         <name>.common:sensor</name>
         <uninitialized>true</uninitialized>
         <run_address>0x326</run_address>
         <size>0x2</size>
      </object_component>
      <object_component id="oc-1cf">
         <name>.common:accelorameter_raw</name>
         <uninitialized>true</uninitialized>
         <run_address>0x300</run_address>
         <size>0x6</size>
      </object_component>
      <object_component id="oc-18f">
         <name>.common:gyroscope_raw</name>
         <uninitialized>true</uninitialized>
         <run_address>0x306</run_address>
         <size>0x6</size>
      </object_component>
      <object_component id="oc-1ee">
         <name>.common:whoami</name>
         <uninitialized>true</uninitialized>
         <run_address>0x328</run_address>
         <size>0x2</size>
      </object_component>
      <object_component id="oc-1e0">
         <name>.common:ay</name>
         <uninitialized>true</uninitialized>
         <run_address>0x30c</run_address>
         <size>0x4</size>
      </object_component>
      <object_component id="oc-1e1">
         <name>.common:az</name>
         <uninitialized>true</uninitialized>
         <run_address>0x310</run_address>
         <size>0x4</size>
      </object_component>
      <object_component id="oc-1ef">
         <name>.common:gz</name>
         <uninitialized>true</uninitialized>
         <run_address>0x314</run_address>
         <size>0x4</size>
      </object_component>
      <object_component id="oc-21e">
         <name>.common:pitch</name>
         <uninitialized>true</uninitialized>
         <run_address>0x318</run_address>
         <size>0x4</size>
      </object_component>
      <object_component id="oc-276">
         <name>.common:roll_char</name>
         <uninitialized>true</uninitialized>
         <run_address>0x324</run_address>
         <size>0x2</size>
      </object_component>
      <object_component id="oc-21f">
         <name>.common:pitch_char</name>
         <uninitialized>true</uninitialized>
         <run_address>0x322</run_address>
         <size>0x2</size>
      </object_component>
      <object_component id="oc-20b">
         <name>.common:yaw_char</name>
         <uninitialized>true</uninitialized>
         <run_address>0x32a</run_address>
         <size>0x2</size>
      </object_component>
      <object_component id="oc-279">
         <name>.common:ax_char</name>
         <uninitialized>true</uninitialized>
         <run_address>0x31c</run_address>
         <size>0x2</size>
      </object_component>
      <object_component id="oc-278">
         <name>.common:ay_char</name>
         <uninitialized>true</uninitialized>
         <run_address>0x31e</run_address>
         <size>0x2</size>
      </object_component>
      <object_component id="oc-277">
         <name>.common:az_char</name>
         <uninitialized>true</uninitialized>
         <run_address>0x320</run_address>
         <size>0x2</size>
      </object_component>
      <object_component id="oc-185">
         <name>.data</name>
         <load_address>0x32e</load_address>
         <run_address>0x32e</run_address>
         <size>0x26</size>
         <input_file_ref idref="fl-3"/>
      </object_component>
      <object_component id="oc-28b">
         <name>.data</name>
         <load_address>0x354</load_address>
         <run_address>0x354</run_address>
         <size>0x2</size>
         <input_file_ref idref="fl-29"/>
      </object_component>
      <object_component id="oc-f1">
         <name>.stack</name>
         <uninitialized>true</uninitialized>
         <run_address>0x3b0</run_address>
         <size>0x2</size>
         <input_file_ref idref="fl-1e"/>
      </object_component>
      <object_component id="oc-30e">
         <name>.stack</name>
         <uninitialized>true</uninitialized>
         <run_address>0x3b0</run_address>
         <size>0x0</size>
      </object_component>
      <object_component id="oc-153">
         <name>.text:main</name>
         <load_address>0xc000</load_address>
         <run_address>0xc000</run_address>
         <size>0x3cc</size>
         <input_file_ref idref="fl-3"/>
      </object_component>
      <object_component id="oc-295">
         <name>.text:atanf</name>
         <load_address>0xc3cc</load_address>
         <run_address>0xc3cc</run_address>
         <size>0x276</size>
         <input_file_ref idref="fl-46"/>
      </object_component>
      <object_component id="oc-1c9">
         <name>.text:Init_BMI160</name>
         <load_address>0xc642</load_address>
         <run_address>0xc642</run_address>
         <size>0x240</size>
         <input_file_ref idref="fl-3"/>
      </object_component>
      <object_component id="oc-218">
         <name>.text:atan2f</name>
         <load_address>0xc882</load_address>
         <run_address>0xc882</run_address>
         <size>0x240</size>
         <input_file_ref idref="fl-25"/>
      </object_component>
      <object_component id="oc-261">
         <name>.text:Initialization</name>
         <load_address>0xcac2</load_address>
         <run_address>0xcac2</run_address>
         <size>0x148</size>
         <input_file_ref idref="fl-3"/>
      </object_component>
      <object_component id="oc-212">
         <name>.text:sqrtf</name>
         <load_address>0xcc0a</load_address>
         <run_address>0xcc0a</run_address>
         <size>0x13c</size>
         <input_file_ref idref="fl-27"/>
      </object_component>
      <object_component id="oc-1f0">
         <name>.text</name>
         <load_address>0xcd46</load_address>
         <run_address>0xcd46</run_address>
         <size>0x132</size>
         <input_file_ref idref="fl-2c"/>
      </object_component>
      <object_component id="oc-1d0">
         <name>.text:Read_Accelorameter</name>
         <load_address>0xce78</load_address>
         <run_address>0xce78</run_address>
         <size>0xde</size>
         <input_file_ref idref="fl-3"/>
      </object_component>
      <object_component id="oc-192">
         <name>.text:Read_Gyroscope</name>
         <load_address>0xcf56</load_address>
         <run_address>0xcf56</run_address>
         <size>0xde</size>
         <input_file_ref idref="fl-3"/>
      </object_component>
      <object_component id="oc-1db">
         <name>.text</name>
         <load_address>0xd034</load_address>
         <run_address>0xd034</run_address>
         <size>0xc4</size>
         <input_file_ref idref="fl-30"/>
      </object_component>
      <object_component id="oc-20c">
         <name>.text:Uart_TransmitTxPack</name>
         <load_address>0xd0f8</load_address>
         <run_address>0xd0f8</run_address>
         <size>0xa0</size>
         <input_file_ref idref="fl-3"/>
      </object_component>
      <object_component id="oc-1f5">
         <name>.text</name>
         <load_address>0xd198</load_address>
         <run_address>0xd198</run_address>
         <size>0x9c</size>
         <input_file_ref idref="fl-2e"/>
      </object_component>
      <object_component id="oc-120">
         <name>.text:USCI0RX_ISR</name>
         <load_address>0xd234</load_address>
         <run_address>0xd234</run_address>
         <size>0x8e</size>
         <input_file_ref idref="fl-3"/>
      </object_component>
      <object_component id="oc-1c3">
         <name>.text:Init</name>
         <load_address>0xd2c2</load_address>
         <run_address>0xd2c2</run_address>
         <size>0x86</size>
         <input_file_ref idref="fl-3"/>
      </object_component>
      <object_component id="oc-205">
         <name>.text:Float_to_Char_array</name>
         <load_address>0xd348</load_address>
         <run_address>0xd348</run_address>
         <size>0x80</size>
         <input_file_ref idref="fl-3"/>
      </object_component>
      <object_component id="oc-11a">
         <name>.text:Port_2</name>
         <load_address>0xd3c8</load_address>
         <run_address>0xd3c8</run_address>
         <size>0x7c</size>
         <input_file_ref idref="fl-3"/>
      </object_component>
      <object_component id="oc-139">
         <name>.text:_auto_init</name>
         <load_address>0xd444</load_address>
         <run_address>0xd444</run_address>
         <size>0x6e</size>
         <input_file_ref idref="fl-4c"/>
      </object_component>
      <object_component id="oc-271">
         <name>.text</name>
         <load_address>0xd4b2</load_address>
         <run_address>0xd4b2</run_address>
         <size>0x68</size>
         <input_file_ref idref="fl-32"/>
      </object_component>
      <object_component id="oc-102">
         <name>.text:__TI_decompress_rle_core</name>
         <load_address>0xd51a</load_address>
         <run_address>0xd51a</run_address>
         <size>0x64</size>
         <input_file_ref idref="fl-21"/>
      </object_component>
      <object_component id="oc-19f">
         <name>.text:copy_in</name>
         <load_address>0xd57e</load_address>
         <run_address>0xd57e</run_address>
         <size>0x5a</size>
         <input_file_ref idref="fl-4d"/>
      </object_component>
      <object_component id="oc-1fa">
         <name>.text</name>
         <load_address>0xd5d8</load_address>
         <run_address>0xd5d8</run_address>
         <size>0x4a</size>
         <input_file_ref idref="fl-2d"/>
      </object_component>
      <object_component id="oc-227">
         <name>.text:SPI_Transceive</name>
         <load_address>0xd622</load_address>
         <run_address>0xd622</run_address>
         <size>0x48</size>
         <input_file_ref idref="fl-3"/>
      </object_component>
      <object_component id="oc-1d6">
         <name>.text</name>
         <load_address>0xd66a</load_address>
         <run_address>0xd66a</run_address>
         <size>0x36</size>
         <input_file_ref idref="fl-2f"/>
      </object_component>
      <object_component id="oc-281">
         <name>.text</name>
         <load_address>0xd6a0</load_address>
         <run_address>0xd6a0</run_address>
         <size>0x2c</size>
         <input_file_ref idref="fl-4a"/>
      </object_component>
      <object_component id="oc-286">
         <name>.text</name>
         <load_address>0xd6cc</load_address>
         <run_address>0xd6cc</run_address>
         <size>0x2c</size>
         <input_file_ref idref="fl-3d"/>
      </object_component>
      <object_component id="oc-126">
         <name>.text:Timer_A</name>
         <load_address>0xd6f8</load_address>
         <run_address>0xd6f8</run_address>
         <size>0x26</size>
         <input_file_ref idref="fl-3"/>
      </object_component>
      <object_component id="oc-6b">
         <name>.text:_c_int00_noargs_noexit</name>
         <load_address>0xd71e</load_address>
         <run_address>0xd71e</run_address>
         <size>0x1a</size>
         <input_file_ref idref="fl-1f"/>
      </object_component>
      <object_component id="oc-1e8">
         <name>.text:Uart_putchar</name>
         <load_address>0xd738</load_address>
         <run_address>0xd738</run_address>
         <size>0x18</size>
         <input_file_ref idref="fl-3"/>
      </object_component>
      <object_component id="oc-1e2">
         <name>.text:PackCRC</name>
         <load_address>0xd750</load_address>
         <run_address>0xd750</run_address>
         <size>0x16</size>
         <input_file_ref idref="fl-3"/>
      </object_component>
      <object_component id="oc-114">
         <name>.text:Port_1</name>
         <load_address>0xd766</load_address>
         <run_address>0xd766</run_address>
         <size>0x14</size>
         <input_file_ref idref="fl-3"/>
      </object_component>
      <object_component id="oc-231">
         <name>.text</name>
         <load_address>0xd77a</load_address>
         <run_address>0xd77a</run_address>
         <size>0x14</size>
         <input_file_ref idref="fl-50"/>
      </object_component>
      <object_component id="oc-189">
         <name>.text:SPI_Read</name>
         <load_address>0xd78e</load_address>
         <run_address>0xd78e</run_address>
         <size>0x12</size>
         <input_file_ref idref="fl-3"/>
      </object_component>
      <object_component id="oc-34">
         <name>.text:decompress:none:__TI_decompress_none</name>
         <load_address>0xd7a0</load_address>
         <run_address>0xd7a0</run_address>
         <size>0x12</size>
         <input_file_ref idref="fl-20"/>
      </object_component>
      <object_component id="oc-f5">
         <name>.text:memcpy</name>
         <load_address>0xd7b2</load_address>
         <run_address>0xd7b2</run_address>
         <size>0x12</size>
         <input_file_ref idref="fl-42"/>
      </object_component>
      <object_component id="oc-17c">
         <name>.text</name>
         <load_address>0xd7c4</load_address>
         <run_address>0xd7c4</run_address>
         <size>0x10</size>
         <input_file_ref idref="fl-28"/>
      </object_component>
      <object_component id="oc-29b">
         <name>.text</name>
         <load_address>0xd7d4</load_address>
         <run_address>0xd7d4</run_address>
         <size>0xa</size>
         <input_file_ref idref="fl-31"/>
      </object_component>
      <object_component id="oc-10f">
         <name>.text:_isr:__TI_ISR_TRAP</name>
         <load_address>0xd7de</load_address>
         <run_address>0xd7de</run_address>
         <size>0x8</size>
         <input_file_ref idref="fl-3c"/>
      </object_component>
      <object_component id="oc-1ff">
         <name>.text:SPI_Write</name>
         <load_address>0xd7e6</load_address>
         <run_address>0xd7e6</run_address>
         <size>0x6</size>
         <input_file_ref idref="fl-3"/>
      </object_component>
      <object_component id="oc-15b">
         <name>.text:abort</name>
         <load_address>0xd7ec</load_address>
         <run_address>0xd7ec</run_address>
         <size>0x6</size>
         <input_file_ref idref="fl-2a"/>
      </object_component>
      <object_component id="oc-3a">
         <name>.text:decompress:rle24:__TI_decompress_rle24</name>
         <load_address>0xd7f2</load_address>
         <run_address>0xd7f2</run_address>
         <size>0x6</size>
         <input_file_ref idref="fl-21"/>
      </object_component>
      <object_component id="oc-133">
         <name>.text:_system_pre_init</name>
         <load_address>0xd7f8</load_address>
         <run_address>0xd7f8</run_address>
         <size>0x4</size>
         <input_file_ref idref="fl-45"/>
      </object_component>
      <object_component id="oc-1a5">
         <name>.text:_system_post_cinit</name>
         <load_address>0xd7fc</load_address>
         <run_address>0xd7fc</run_address>
         <size>0x2</size>
         <input_file_ref idref="fl-53"/>
      </object_component>
      <object_component id="oc-30d">
         <name>.cinit..data.load</name>
         <load_address>0xd832</load_address>
         <run_address>0xd832</run_address>
         <size>0x11</size>
      </object_component>
      <object_component id="oc-30c">
         <name>.cinit..bss.load</name>
         <load_address>0xd844</load_address>
         <run_address>0xd844</run_address>
         <size>0xb</size>
      </object_component>
      <object_component id="oc-30a">
         <name>__TI_handler_table</name>
         <load_address>0xd850</load_address>
         <run_address>0xd850</run_address>
         <size>0x4</size>
      </object_component>
      <object_component id="oc-30b">
         <name>__TI_cinit_table</name>
         <load_address>0xd854</load_address>
         <run_address>0xd854</run_address>
         <size>0x8</size>
      </object_component>
      <object_component id="oc-2c3">
         <name>.const:aT</name>
         <load_address>0xd7fe</load_address>
         <run_address>0xd7fe</run_address>
         <size>0x14</size>
         <input_file_ref idref="fl-46"/>
      </object_component>
      <object_component id="oc-2bd">
         <name>.const:atanhi</name>
         <load_address>0xd812</load_address>
         <run_address>0xd812</run_address>
         <size>0x10</size>
         <input_file_ref idref="fl-46"/>
      </object_component>
      <object_component id="oc-2c0">
         <name>.const:atanlo</name>
         <load_address>0xd822</load_address>
         <run_address>0xd822</run_address>
         <size>0x10</size>
         <input_file_ref idref="fl-46"/>
      </object_component>
      <object_component id="oc-2d4">
         <name>.binit</name>
         <load_address>0xc000</load_address>
         <run_address>0xc000</run_address>
         <size>0x0</size>
      </object_component>
      <object_component id="oc-40">
         <name>.int00</name>
         <load_address>0xffe0</load_address>
         <run_address>0xffe0</run_address>
         <size>0x2</size>
         <input_file_ref idref="fl-33"/>
      </object_component>
      <object_component id="oc-41">
         <name>.int02</name>
         <load_address>0xffe4</load_address>
         <run_address>0xffe4</run_address>
         <size>0x2</size>
         <input_file_ref idref="fl-3"/>
      </object_component>
      <object_component id="oc-42">
         <name>.int03</name>
         <load_address>0xffe6</load_address>
         <run_address>0xffe6</run_address>
         <size>0x2</size>
         <input_file_ref idref="fl-3"/>
      </object_component>
      <object_component id="oc-43">
         <name>.int05</name>
         <load_address>0xffea</load_address>
         <run_address>0xffea</run_address>
         <size>0x2</size>
         <input_file_ref idref="fl-34"/>
      </object_component>
      <object_component id="oc-44">
         <name>.int06</name>
         <load_address>0xffec</load_address>
         <run_address>0xffec</run_address>
         <size>0x2</size>
         <input_file_ref idref="fl-35"/>
      </object_component>
      <object_component id="oc-45">
         <name>.int07</name>
         <load_address>0xffee</load_address>
         <run_address>0xffee</run_address>
         <size>0x2</size>
         <input_file_ref idref="fl-3"/>
      </object_component>
      <object_component id="oc-46">
         <name>.int08</name>
         <load_address>0xfff0</load_address>
         <run_address>0xfff0</run_address>
         <size>0x2</size>
         <input_file_ref idref="fl-3"/>
      </object_component>
      <object_component id="oc-47">
         <name>.int09</name>
         <load_address>0xfff2</load_address>
         <run_address>0xfff2</run_address>
         <size>0x2</size>
         <input_file_ref idref="fl-36"/>
      </object_component>
      <object_component id="oc-48">
         <name>.int10</name>
         <load_address>0xfff4</load_address>
         <run_address>0xfff4</run_address>
         <size>0x2</size>
         <input_file_ref idref="fl-37"/>
      </object_component>
      <object_component id="oc-49">
         <name>.int11</name>
         <load_address>0xfff6</load_address>
         <run_address>0xfff6</run_address>
         <size>0x2</size>
         <input_file_ref idref="fl-38"/>
      </object_component>
      <object_component id="oc-4a">
         <name>.int12</name>
         <load_address>0xfff8</load_address>
         <run_address>0xfff8</run_address>
         <size>0x2</size>
         <input_file_ref idref="fl-39"/>
      </object_component>
      <object_component id="oc-4b">
         <name>.int13</name>
         <load_address>0xfffa</load_address>
         <run_address>0xfffa</run_address>
         <size>0x2</size>
         <input_file_ref idref="fl-3a"/>
      </object_component>
      <object_component id="oc-4c">
         <name>.int14</name>
         <load_address>0xfffc</load_address>
         <run_address>0xfffc</run_address>
         <size>0x2</size>
         <input_file_ref idref="fl-3b"/>
      </object_component>
      <object_component id="oc-f4">
         <name>.reset</name>
         <load_address>0xfffe</load_address>
         <run_address>0xfffe</run_address>
         <size>0x2</size>
         <input_file_ref idref="fl-1e"/>
      </object_component>
      <object_component id="oc-169">
         <name>.debug_info</name>
         <load_address>0x0</load_address>
         <run_address>0x0</run_address>
         <size>0x84</size>
         <input_file_ref idref="fl-2"/>
      </object_component>
      <object_component id="oc-190">
         <name>.debug_info</name>
         <load_address>0x84</load_address>
         <run_address>0x84</run_address>
         <size>0xa42</size>
         <input_file_ref idref="fl-3"/>
      </object_component>
      <object_component id="oc-186">
         <name>.debug_info</name>
         <load_address>0xac6</load_address>
         <run_address>0xac6</run_address>
         <size>0x32c</size>
         <input_file_ref idref="fl-3"/>
      </object_component>
      <object_component id="oc-154">
         <name>.debug_info</name>
         <load_address>0xdf2</load_address>
         <run_address>0xdf2</run_address>
         <size>0x60b</size>
         <input_file_ref idref="fl-3"/>
      </object_component>
      <object_component id="oc-1c4">
         <name>.debug_info</name>
         <load_address>0x13fd</load_address>
         <run_address>0x13fd</run_address>
         <size>0xf6</size>
         <input_file_ref idref="fl-3"/>
      </object_component>
      <object_component id="oc-206">
         <name>.debug_info</name>
         <load_address>0x14f3</load_address>
         <run_address>0x14f3</run_address>
         <size>0x17c</size>
         <input_file_ref idref="fl-3"/>
      </object_component>
      <object_component id="oc-1ca">
         <name>.debug_info</name>
         <load_address>0x166f</load_address>
         <run_address>0x166f</run_address>
         <size>0x2e8</size>
         <input_file_ref idref="fl-3"/>
      </object_component>
      <object_component id="oc-1d1">
         <name>.debug_info</name>
         <load_address>0x1957</load_address>
         <run_address>0x1957</run_address>
         <size>0x1c5</size>
         <input_file_ref idref="fl-3"/>
      </object_component>
      <object_component id="oc-193">
         <name>.debug_info</name>
         <load_address>0x1b1c</load_address>
         <run_address>0x1b1c</run_address>
         <size>0x1bd</size>
         <input_file_ref idref="fl-3"/>
      </object_component>
      <object_component id="oc-200">
         <name>.debug_info</name>
         <load_address>0x1cd9</load_address>
         <run_address>0x1cd9</run_address>
         <size>0x153</size>
         <input_file_ref idref="fl-3"/>
      </object_component>
      <object_component id="oc-18a">
         <name>.debug_info</name>
         <load_address>0x1e2c</load_address>
         <run_address>0x1e2c</run_address>
         <size>0x153</size>
         <input_file_ref idref="fl-3"/>
      </object_component>
      <object_component id="oc-228">
         <name>.debug_info</name>
         <load_address>0x1f7f</load_address>
         <run_address>0x1f7f</run_address>
         <size>0x187</size>
         <input_file_ref idref="fl-3"/>
      </object_component>
      <object_component id="oc-1e9">
         <name>.debug_info</name>
         <load_address>0x2106</load_address>
         <run_address>0x2106</run_address>
         <size>0x11f</size>
         <input_file_ref idref="fl-3"/>
      </object_component>
      <object_component id="oc-20d">
         <name>.debug_info</name>
         <load_address>0x2225</load_address>
         <run_address>0x2225</run_address>
         <size>0x1ce</size>
         <input_file_ref idref="fl-3"/>
      </object_component>
      <object_component id="oc-1e4">
         <name>.debug_info</name>
         <load_address>0x23f3</load_address>
         <run_address>0x23f3</run_address>
         <size>0x159</size>
         <input_file_ref idref="fl-3"/>
      </object_component>
      <object_component id="oc-263">
         <name>.debug_info</name>
         <load_address>0x254c</load_address>
         <run_address>0x254c</run_address>
         <size>0x224</size>
         <input_file_ref idref="fl-3"/>
      </object_component>
      <object_component id="oc-116">
         <name>.debug_info</name>
         <load_address>0x2770</load_address>
         <run_address>0x2770</run_address>
         <size>0xfe</size>
         <input_file_ref idref="fl-3"/>
      </object_component>
      <object_component id="oc-11c">
         <name>.debug_info</name>
         <load_address>0x286e</load_address>
         <run_address>0x286e</run_address>
         <size>0x157</size>
         <input_file_ref idref="fl-3"/>
      </object_component>
      <object_component id="oc-122">
         <name>.debug_info</name>
         <load_address>0x29c5</load_address>
         <run_address>0x29c5</run_address>
         <size>0x108</size>
         <input_file_ref idref="fl-3"/>
      </object_component>
      <object_component id="oc-128">
         <name>.debug_info</name>
         <load_address>0x2acd</load_address>
         <run_address>0x2acd</run_address>
         <size>0x100</size>
         <input_file_ref idref="fl-3"/>
      </object_component>
      <object_component id="oc-27b">
         <name>.debug_info</name>
         <load_address>0x2bcd</load_address>
         <run_address>0x2bcd</run_address>
         <size>0xef</size>
         <input_file_ref idref="fl-3"/>
      </object_component>
      <object_component id="oc-f2">
         <name>.debug_info</name>
         <load_address>0x2cbc</load_address>
         <run_address>0x2cbc</run_address>
         <size>0xf6</size>
         <input_file_ref idref="fl-1e"/>
      </object_component>
      <object_component id="oc-6e">
         <name>.debug_info</name>
         <load_address>0x2db2</load_address>
         <run_address>0x2db2</run_address>
         <size>0x197</size>
         <input_file_ref idref="fl-1f"/>
      </object_component>
      <object_component id="oc-101">
         <name>.debug_info</name>
         <load_address>0x2f49</load_address>
         <run_address>0x2f49</run_address>
         <size>0x1b3</size>
         <input_file_ref idref="fl-20"/>
      </object_component>
      <object_component id="oc-37">
         <name>.debug_info</name>
         <load_address>0x30fc</load_address>
         <run_address>0x30fc</run_address>
         <size>0x1e0</size>
         <input_file_ref idref="fl-20"/>
      </object_component>
      <object_component id="oc-fc">
         <name>.debug_info</name>
         <load_address>0x32dc</load_address>
         <run_address>0x32dc</run_address>
         <size>0x46</size>
         <input_file_ref idref="fl-20"/>
      </object_component>
      <object_component id="oc-175">
         <name>.debug_info</name>
         <load_address>0x3322</load_address>
         <run_address>0x3322</run_address>
         <size>0x2c</size>
         <input_file_ref idref="fl-20"/>
      </object_component>
      <object_component id="oc-109">
         <name>.debug_info</name>
         <load_address>0x334e</load_address>
         <run_address>0x334e</run_address>
         <size>0x175</size>
         <input_file_ref idref="fl-21"/>
      </object_component>
      <object_component id="oc-106">
         <name>.debug_info</name>
         <load_address>0x34c3</load_address>
         <run_address>0x34c3</run_address>
         <size>0x23b</size>
         <input_file_ref idref="fl-21"/>
      </object_component>
      <object_component id="oc-3e">
         <name>.debug_info</name>
         <load_address>0x36fe</load_address>
         <run_address>0x36fe</run_address>
         <size>0x1b2</size>
         <input_file_ref idref="fl-21"/>
      </object_component>
      <object_component id="oc-10a">
         <name>.debug_info</name>
         <load_address>0x38b0</load_address>
         <run_address>0x38b0</run_address>
         <size>0x39</size>
         <input_file_ref idref="fl-21"/>
      </object_component>
      <object_component id="oc-170">
         <name>.debug_info</name>
         <load_address>0x38e9</load_address>
         <run_address>0x38e9</run_address>
         <size>0x2c</size>
         <input_file_ref idref="fl-22"/>
      </object_component>
      <object_component id="oc-2a6">
         <name>.debug_info</name>
         <load_address>0x3915</load_address>
         <run_address>0x3915</run_address>
         <size>0x1cb</size>
         <input_file_ref idref="fl-25"/>
      </object_component>
      <object_component id="oc-219">
         <name>.debug_info</name>
         <load_address>0x3ae0</load_address>
         <run_address>0x3ae0</run_address>
         <size>0x26f</size>
         <input_file_ref idref="fl-25"/>
      </object_component>
      <object_component id="oc-2a1">
         <name>.debug_info</name>
         <load_address>0x3d4f</load_address>
         <run_address>0x3d4f</run_address>
         <size>0x2c</size>
         <input_file_ref idref="fl-25"/>
      </object_component>
      <object_component id="oc-290">
         <name>.debug_info</name>
         <load_address>0x3d7b</load_address>
         <run_address>0x3d7b</run_address>
         <size>0x39</size>
         <input_file_ref idref="fl-26"/>
      </object_component>
      <object_component id="oc-28f">
         <name>.debug_info</name>
         <load_address>0x3db4</load_address>
         <run_address>0x3db4</run_address>
         <size>0x1d3</size>
         <input_file_ref idref="fl-27"/>
      </object_component>
      <object_component id="oc-215">
         <name>.debug_info</name>
         <load_address>0x3f87</load_address>
         <run_address>0x3f87</run_address>
         <size>0x203</size>
         <input_file_ref idref="fl-27"/>
      </object_component>
      <object_component id="oc-17d">
         <name>.debug_info</name>
         <load_address>0x418a</load_address>
         <run_address>0x418a</run_address>
         <size>0x127</size>
         <input_file_ref idref="fl-28"/>
      </object_component>
      <object_component id="oc-28c">
         <name>.debug_info</name>
         <load_address>0x42b1</load_address>
         <run_address>0x42b1</run_address>
         <size>0xf4</size>
         <input_file_ref idref="fl-29"/>
      </object_component>
      <object_component id="oc-15c">
         <name>.debug_info</name>
         <load_address>0x43a5</load_address>
         <run_address>0x43a5</run_address>
         <size>0x118</size>
         <input_file_ref idref="fl-2a"/>
      </object_component>
      <object_component id="oc-1f1">
         <name>.debug_info</name>
         <load_address>0x44bd</load_address>
         <run_address>0x44bd</run_address>
         <size>0x11a</size>
         <input_file_ref idref="fl-2c"/>
      </object_component>
      <object_component id="oc-1fc">
         <name>.debug_info</name>
         <load_address>0x45d7</load_address>
         <run_address>0x45d7</run_address>
         <size>0x126</size>
         <input_file_ref idref="fl-2d"/>
      </object_component>
      <object_component id="oc-1f6">
         <name>.debug_info</name>
         <load_address>0x46fd</load_address>
         <run_address>0x46fd</run_address>
         <size>0x11a</size>
         <input_file_ref idref="fl-2e"/>
      </object_component>
      <object_component id="oc-1d9">
         <name>.debug_info</name>
         <load_address>0x4817</load_address>
         <run_address>0x4817</run_address>
         <size>0x123</size>
         <input_file_ref idref="fl-2f"/>
      </object_component>
      <object_component id="oc-1de">
         <name>.debug_info</name>
         <load_address>0x493a</load_address>
         <run_address>0x493a</run_address>
         <size>0x11a</size>
         <input_file_ref idref="fl-30"/>
      </object_component>
      <object_component id="oc-29e">
         <name>.debug_info</name>
         <load_address>0x4a54</load_address>
         <run_address>0x4a54</run_address>
         <size>0x11a</size>
         <input_file_ref idref="fl-31"/>
      </object_component>
      <object_component id="oc-272">
         <name>.debug_info</name>
         <load_address>0x4b6e</load_address>
         <run_address>0x4b6e</run_address>
         <size>0x12e</size>
         <input_file_ref idref="fl-32"/>
      </object_component>
      <object_component id="oc-110">
         <name>.debug_info</name>
         <load_address>0x4c9c</load_address>
         <run_address>0x4c9c</run_address>
         <size>0x108</size>
         <input_file_ref idref="fl-3c"/>
      </object_component>
      <object_component id="oc-287">
         <name>.debug_info</name>
         <load_address>0x4da4</load_address>
         <run_address>0x4da4</run_address>
         <size>0x119</size>
         <input_file_ref idref="fl-3d"/>
      </object_component>
      <object_component id="oc-16f">
         <name>.debug_info</name>
         <load_address>0x4ebd</load_address>
         <run_address>0x4ebd</run_address>
         <size>0x16e</size>
         <input_file_ref idref="fl-42"/>
      </object_component>
      <object_component id="oc-f8">
         <name>.debug_info</name>
         <load_address>0x502b</load_address>
         <run_address>0x502b</run_address>
         <size>0x192</size>
         <input_file_ref idref="fl-42"/>
      </object_component>
      <object_component id="oc-135">
         <name>.debug_info</name>
         <load_address>0x51bd</load_address>
         <run_address>0x51bd</run_address>
         <size>0x149</size>
         <input_file_ref idref="fl-45"/>
      </object_component>
      <object_component id="oc-2cc">
         <name>.debug_info</name>
         <load_address>0x5306</load_address>
         <run_address>0x5306</run_address>
         <size>0x1c5</size>
         <input_file_ref idref="fl-46"/>
      </object_component>
      <object_component id="oc-2be">
         <name>.debug_info</name>
         <load_address>0x54cb</load_address>
         <run_address>0x54cb</run_address>
         <size>0xf8</size>
         <input_file_ref idref="fl-46"/>
      </object_component>
      <object_component id="oc-2c1">
         <name>.debug_info</name>
         <load_address>0x55c3</load_address>
         <run_address>0x55c3</run_address>
         <size>0xf8</size>
         <input_file_ref idref="fl-46"/>
      </object_component>
      <object_component id="oc-2c4">
         <name>.debug_info</name>
         <load_address>0x56bb</load_address>
         <run_address>0x56bb</run_address>
         <size>0xf0</size>
         <input_file_ref idref="fl-46"/>
      </object_component>
      <object_component id="oc-299">
         <name>.debug_info</name>
         <load_address>0x57ab</load_address>
         <run_address>0x57ab</run_address>
         <size>0x401</size>
         <input_file_ref idref="fl-46"/>
      </object_component>
      <object_component id="oc-282">
         <name>.debug_info</name>
         <load_address>0x5bac</load_address>
         <run_address>0x5bac</run_address>
         <size>0x119</size>
         <input_file_ref idref="fl-4a"/>
      </object_component>
      <object_component id="oc-1ac">
         <name>.debug_info</name>
         <load_address>0x5cc5</load_address>
         <run_address>0x5cc5</run_address>
         <size>0x3b7</size>
         <input_file_ref idref="fl-4c"/>
      </object_component>
      <object_component id="oc-13c">
         <name>.debug_info</name>
         <load_address>0x607c</load_address>
         <run_address>0x607c</run_address>
         <size>0x1c3</size>
         <input_file_ref idref="fl-4c"/>
      </object_component>
      <object_component id="oc-23b">
         <name>.debug_info</name>
         <load_address>0x623f</load_address>
         <run_address>0x623f</run_address>
         <size>0x39</size>
         <input_file_ref idref="fl-4c"/>
      </object_component>
      <object_component id="oc-240">
         <name>.debug_info</name>
         <load_address>0x6278</load_address>
         <run_address>0x6278</run_address>
         <size>0xcd</size>
         <input_file_ref idref="fl-4c"/>
      </object_component>
      <object_component id="oc-237">
         <name>.debug_info</name>
         <load_address>0x6345</load_address>
         <run_address>0x6345</run_address>
         <size>0x253</size>
         <input_file_ref idref="fl-4d"/>
      </object_component>
      <object_component id="oc-1a2">
         <name>.debug_info</name>
         <load_address>0x6598</load_address>
         <run_address>0x6598</run_address>
         <size>0x1b1</size>
         <input_file_ref idref="fl-4d"/>
      </object_component>
      <object_component id="oc-2ab">
         <name>.debug_info</name>
         <load_address>0x6749</load_address>
         <run_address>0x6749</run_address>
         <size>0x2c</size>
         <input_file_ref idref="fl-4d"/>
      </object_component>
      <object_component id="oc-232">
         <name>.debug_info</name>
         <load_address>0x6775</load_address>
         <run_address>0x6775</run_address>
         <size>0x11a</size>
         <input_file_ref idref="fl-50"/>
      </object_component>
      <object_component id="oc-1a6">
         <name>.debug_info</name>
         <load_address>0x688f</load_address>
         <run_address>0x688f</run_address>
         <size>0x146</size>
         <input_file_ref idref="fl-53"/>
      </object_component>
      <object_component id="oc-30f">
         <name>.debug_info</name>
         <load_address>0x69d5</load_address>
         <run_address>0x69d5</run_address>
         <size>0xa6</size>
      </object_component>
      <object_component id="oc-16c">
         <name>.debug_line</name>
         <load_address>0x0</load_address>
         <run_address>0x0</run_address>
         <size>0x20</size>
         <input_file_ref idref="fl-2"/>
      </object_component>
      <object_component id="oc-22f">
         <name>.debug_line</name>
         <load_address>0x20</load_address>
         <run_address>0x20</run_address>
         <size>0x116</size>
         <input_file_ref idref="fl-3"/>
      </object_component>
      <object_component id="oc-226">
         <name>.debug_line</name>
         <load_address>0x136</load_address>
         <run_address>0x136</run_address>
         <size>0x5b</size>
         <input_file_ref idref="fl-3"/>
      </object_component>
      <object_component id="oc-158">
         <name>.debug_line</name>
         <load_address>0x191</load_address>
         <run_address>0x191</run_address>
         <size>0xd0</size>
         <input_file_ref idref="fl-3"/>
      </object_component>
      <object_component id="oc-1c8">
         <name>.debug_line</name>
         <load_address>0x261</load_address>
         <run_address>0x261</run_address>
         <size>0x5d</size>
         <input_file_ref idref="fl-3"/>
      </object_component>
      <object_component id="oc-20a">
         <name>.debug_line</name>
         <load_address>0x2be</load_address>
         <run_address>0x2be</run_address>
         <size>0x65</size>
         <input_file_ref idref="fl-3"/>
      </object_component>
      <object_component id="oc-1ce">
         <name>.debug_line</name>
         <load_address>0x323</load_address>
         <run_address>0x323</run_address>
         <size>0x70</size>
         <input_file_ref idref="fl-3"/>
      </object_component>
      <object_component id="oc-1d5">
         <name>.debug_line</name>
         <load_address>0x393</load_address>
         <run_address>0x393</run_address>
         <size>0x4e</size>
         <input_file_ref idref="fl-3"/>
      </object_component>
      <object_component id="oc-197">
         <name>.debug_line</name>
         <load_address>0x3e1</load_address>
         <run_address>0x3e1</run_address>
         <size>0x50</size>
         <input_file_ref idref="fl-3"/>
      </object_component>
      <object_component id="oc-204">
         <name>.debug_line</name>
         <load_address>0x431</load_address>
         <run_address>0x431</run_address>
         <size>0x43</size>
         <input_file_ref idref="fl-3"/>
      </object_component>
      <object_component id="oc-18e">
         <name>.debug_line</name>
         <load_address>0x474</load_address>
         <run_address>0x474</run_address>
         <size>0x43</size>
         <input_file_ref idref="fl-3"/>
      </object_component>
      <object_component id="oc-22c">
         <name>.debug_line</name>
         <load_address>0x4b7</load_address>
         <run_address>0x4b7</run_address>
         <size>0x5e</size>
         <input_file_ref idref="fl-3"/>
      </object_component>
      <object_component id="oc-1ed">
         <name>.debug_line</name>
         <load_address>0x515</load_address>
         <run_address>0x515</run_address>
         <size>0x47</size>
         <input_file_ref idref="fl-3"/>
      </object_component>
      <object_component id="oc-211">
         <name>.debug_line</name>
         <load_address>0x55c</load_address>
         <run_address>0x55c</run_address>
         <size>0x6e</size>
         <input_file_ref idref="fl-3"/>
      </object_component>
      <object_component id="oc-1e7">
         <name>.debug_line</name>
         <load_address>0x5ca</load_address>
         <run_address>0x5ca</run_address>
         <size>0x52</size>
         <input_file_ref idref="fl-3"/>
      </object_component>
      <object_component id="oc-266">
         <name>.debug_line</name>
         <load_address>0x61c</load_address>
         <run_address>0x61c</run_address>
         <size>0x7f</size>
         <input_file_ref idref="fl-3"/>
      </object_component>
      <object_component id="oc-119">
         <name>.debug_line</name>
         <load_address>0x69b</load_address>
         <run_address>0x69b</run_address>
         <size>0x45</size>
         <input_file_ref idref="fl-3"/>
      </object_component>
      <object_component id="oc-11f">
         <name>.debug_line</name>
         <load_address>0x6e0</load_address>
         <run_address>0x6e0</run_address>
         <size>0x5d</size>
         <input_file_ref idref="fl-3"/>
      </object_component>
      <object_component id="oc-125">
         <name>.debug_line</name>
         <load_address>0x73d</load_address>
         <run_address>0x73d</run_address>
         <size>0x71</size>
         <input_file_ref idref="fl-3"/>
      </object_component>
      <object_component id="oc-12b">
         <name>.debug_line</name>
         <load_address>0x7ae</load_address>
         <run_address>0x7ae</run_address>
         <size>0x4d</size>
         <input_file_ref idref="fl-3"/>
      </object_component>
      <object_component id="oc-27e">
         <name>.debug_line</name>
         <load_address>0x7fb</load_address>
         <run_address>0x7fb</run_address>
         <size>0x5b</size>
         <input_file_ref idref="fl-3"/>
      </object_component>
      <object_component id="oc-168">
         <name>.debug_line</name>
         <load_address>0x856</load_address>
         <run_address>0x856</run_address>
         <size>0x2a</size>
         <input_file_ref idref="fl-1e"/>
      </object_component>
      <object_component id="oc-6c">
         <name>.debug_line</name>
         <load_address>0x880</load_address>
         <run_address>0x880</run_address>
         <size>0x4c</size>
         <input_file_ref idref="fl-1f"/>
      </object_component>
      <object_component id="oc-17b">
         <name>.debug_line</name>
         <load_address>0x8cc</load_address>
         <run_address>0x8cc</run_address>
         <size>0x8a</size>
         <input_file_ref idref="fl-20"/>
      </object_component>
      <object_component id="oc-36">
         <name>.debug_line</name>
         <load_address>0x956</load_address>
         <run_address>0x956</run_address>
         <size>0x50</size>
         <input_file_ref idref="fl-20"/>
      </object_component>
      <object_component id="oc-ff">
         <name>.debug_line</name>
         <load_address>0x9a6</load_address>
         <run_address>0x9a6</run_address>
         <size>0x3a</size>
         <input_file_ref idref="fl-20"/>
      </object_component>
      <object_component id="oc-178">
         <name>.debug_line</name>
         <load_address>0x9e0</load_address>
         <run_address>0x9e0</run_address>
         <size>0x8a</size>
         <input_file_ref idref="fl-20"/>
      </object_component>
      <object_component id="oc-183">
         <name>.debug_line</name>
         <load_address>0xa6a</load_address>
         <run_address>0xa6a</run_address>
         <size>0x20</size>
         <input_file_ref idref="fl-21"/>
      </object_component>
      <object_component id="oc-105">
         <name>.debug_line</name>
         <load_address>0xa8a</load_address>
         <run_address>0xa8a</run_address>
         <size>0x87</size>
         <input_file_ref idref="fl-21"/>
      </object_component>
      <object_component id="oc-3d">
         <name>.debug_line</name>
         <load_address>0xb11</load_address>
         <run_address>0xb11</run_address>
         <size>0x49</size>
         <input_file_ref idref="fl-21"/>
      </object_component>
      <object_component id="oc-10d">
         <name>.debug_line</name>
         <load_address>0xb5a</load_address>
         <run_address>0xb5a</run_address>
         <size>0x39</size>
         <input_file_ref idref="fl-21"/>
      </object_component>
      <object_component id="oc-173">
         <name>.debug_line</name>
         <load_address>0xb93</load_address>
         <run_address>0xb93</run_address>
         <size>0x8a</size>
         <input_file_ref idref="fl-22"/>
      </object_component>
      <object_component id="oc-2c9">
         <name>.debug_line</name>
         <load_address>0xc1d</load_address>
         <run_address>0xc1d</run_address>
         <size>0x2a</size>
         <input_file_ref idref="fl-25"/>
      </object_component>
      <object_component id="oc-21c">
         <name>.debug_line</name>
         <load_address>0xc47</load_address>
         <run_address>0xc47</run_address>
         <size>0x99</size>
         <input_file_ref idref="fl-25"/>
      </object_component>
      <object_component id="oc-2a4">
         <name>.debug_line</name>
         <load_address>0xce0</load_address>
         <run_address>0xce0</run_address>
         <size>0x8a</size>
         <input_file_ref idref="fl-25"/>
      </object_component>
      <object_component id="oc-293">
         <name>.debug_line</name>
         <load_address>0xd6a</load_address>
         <run_address>0xd6a</run_address>
         <size>0x8a</size>
         <input_file_ref idref="fl-26"/>
      </object_component>
      <object_component id="oc-2bc">
         <name>.debug_line</name>
         <load_address>0xdf4</load_address>
         <run_address>0xdf4</run_address>
         <size>0x89</size>
         <input_file_ref idref="fl-27"/>
      </object_component>
      <object_component id="oc-217">
         <name>.debug_line</name>
         <load_address>0xe7d</load_address>
         <run_address>0xe7d</run_address>
         <size>0xa6</size>
         <input_file_ref idref="fl-27"/>
      </object_component>
      <object_component id="oc-180">
         <name>.debug_line</name>
         <load_address>0xf23</load_address>
         <run_address>0xf23</run_address>
         <size>0x40</size>
         <input_file_ref idref="fl-28"/>
      </object_component>
      <object_component id="oc-2ba">
         <name>.debug_line</name>
         <load_address>0xf63</load_address>
         <run_address>0xf63</run_address>
         <size>0x2b</size>
         <input_file_ref idref="fl-29"/>
      </object_component>
      <object_component id="oc-160">
         <name>.debug_line</name>
         <load_address>0xf8e</load_address>
         <run_address>0xf8e</run_address>
         <size>0x3d</size>
         <input_file_ref idref="fl-2a"/>
      </object_component>
      <object_component id="oc-1f4">
         <name>.debug_line</name>
         <load_address>0xfcb</load_address>
         <run_address>0xfcb</run_address>
         <size>0xbb</size>
         <input_file_ref idref="fl-2c"/>
      </object_component>
      <object_component id="oc-1fb">
         <name>.debug_line</name>
         <load_address>0x1086</load_address>
         <run_address>0x1086</run_address>
         <size>0x5e</size>
         <input_file_ref idref="fl-2d"/>
      </object_component>
      <object_component id="oc-1f9">
         <name>.debug_line</name>
         <load_address>0x10e4</load_address>
         <run_address>0x10e4</run_address>
         <size>0x83</size>
         <input_file_ref idref="fl-2e"/>
      </object_component>
      <object_component id="oc-1d7">
         <name>.debug_line</name>
         <load_address>0x1167</load_address>
         <run_address>0x1167</run_address>
         <size>0x55</size>
         <input_file_ref idref="fl-2f"/>
      </object_component>
      <object_component id="oc-1dc">
         <name>.debug_line</name>
         <load_address>0x11bc</load_address>
         <run_address>0x11bc</run_address>
         <size>0x94</size>
         <input_file_ref idref="fl-30"/>
      </object_component>
      <object_component id="oc-29d">
         <name>.debug_line</name>
         <load_address>0x1250</load_address>
         <run_address>0x1250</run_address>
         <size>0x3f</size>
         <input_file_ref idref="fl-31"/>
      </object_component>
      <object_component id="oc-275">
         <name>.debug_line</name>
         <load_address>0x128f</load_address>
         <run_address>0x128f</run_address>
         <size>0x68</size>
         <input_file_ref idref="fl-32"/>
      </object_component>
      <object_component id="oc-113">
         <name>.debug_line</name>
         <load_address>0x12f7</load_address>
         <run_address>0x12f7</run_address>
         <size>0x3d</size>
         <input_file_ref idref="fl-3c"/>
      </object_component>
      <object_component id="oc-28a">
         <name>.debug_line</name>
         <load_address>0x1334</load_address>
         <run_address>0x1334</run_address>
         <size>0x4e</size>
         <input_file_ref idref="fl-3d"/>
      </object_component>
      <object_component id="oc-223">
         <name>.debug_line</name>
         <load_address>0x1382</load_address>
         <run_address>0x1382</run_address>
         <size>0x20</size>
         <input_file_ref idref="fl-42"/>
      </object_component>
      <object_component id="oc-f7">
         <name>.debug_line</name>
         <load_address>0x13a2</load_address>
         <run_address>0x13a2</run_address>
         <size>0x45</size>
         <input_file_ref idref="fl-42"/>
      </object_component>
      <object_component id="oc-137">
         <name>.debug_line</name>
         <load_address>0x13e7</load_address>
         <run_address>0x13e7</run_address>
         <size>0x3e</size>
         <input_file_ref idref="fl-45"/>
      </object_component>
      <object_component id="oc-2d2">
         <name>.debug_line</name>
         <load_address>0x1425</load_address>
         <run_address>0x1425</run_address>
         <size>0x2a</size>
         <input_file_ref idref="fl-46"/>
      </object_component>
      <object_component id="oc-2cb">
         <name>.debug_line</name>
         <load_address>0x144f</load_address>
         <run_address>0x144f</run_address>
         <size>0x2d</size>
         <input_file_ref idref="fl-46"/>
      </object_component>
      <object_component id="oc-2ce">
         <name>.debug_line</name>
         <load_address>0x147c</load_address>
         <run_address>0x147c</run_address>
         <size>0x2d</size>
         <input_file_ref idref="fl-46"/>
      </object_component>
      <object_component id="oc-2d0">
         <name>.debug_line</name>
         <load_address>0x14a9</load_address>
         <run_address>0x14a9</run_address>
         <size>0x2d</size>
         <input_file_ref idref="fl-46"/>
      </object_component>
      <object_component id="oc-298">
         <name>.debug_line</name>
         <load_address>0x14d6</load_address>
         <run_address>0x14d6</run_address>
         <size>0xc7</size>
         <input_file_ref idref="fl-46"/>
      </object_component>
      <object_component id="oc-285">
         <name>.debug_line</name>
         <load_address>0x159d</load_address>
         <run_address>0x159d</run_address>
         <size>0x4e</size>
         <input_file_ref idref="fl-4a"/>
      </object_component>
      <object_component id="oc-23a">
         <name>.debug_line</name>
         <load_address>0x15eb</load_address>
         <run_address>0x15eb</run_address>
         <size>0xa9</size>
         <input_file_ref idref="fl-4c"/>
      </object_component>
      <object_component id="oc-13e">
         <name>.debug_line</name>
         <load_address>0x1694</load_address>
         <run_address>0x1694</run_address>
         <size>0x91</size>
         <input_file_ref idref="fl-4c"/>
      </object_component>
      <object_component id="oc-23e">
         <name>.debug_line</name>
         <load_address>0x1725</load_address>
         <run_address>0x1725</run_address>
         <size>0x2e</size>
         <input_file_ref idref="fl-4c"/>
      </object_component>
      <object_component id="oc-243">
         <name>.debug_line</name>
         <load_address>0x1753</load_address>
         <run_address>0x1753</run_address>
         <size>0x8b</size>
         <input_file_ref idref="fl-4c"/>
      </object_component>
      <object_component id="oc-2aa">
         <name>.debug_line</name>
         <load_address>0x17de</load_address>
         <run_address>0x17de</run_address>
         <size>0x98</size>
         <input_file_ref idref="fl-4d"/>
      </object_component>
      <object_component id="oc-1a0">
         <name>.debug_line</name>
         <load_address>0x1876</load_address>
         <run_address>0x1876</run_address>
         <size>0x5f</size>
         <input_file_ref idref="fl-4d"/>
      </object_component>
      <object_component id="oc-2ae">
         <name>.debug_line</name>
         <load_address>0x18d5</load_address>
         <run_address>0x18d5</run_address>
         <size>0x2e</size>
         <input_file_ref idref="fl-4d"/>
      </object_component>
      <object_component id="oc-235">
         <name>.debug_line</name>
         <load_address>0x1903</load_address>
         <run_address>0x1903</run_address>
         <size>0x42</size>
         <input_file_ref idref="fl-50"/>
      </object_component>
      <object_component id="oc-1aa">
         <name>.debug_line</name>
         <load_address>0x1945</load_address>
         <run_address>0x1945</run_address>
         <size>0x3a</size>
         <input_file_ref idref="fl-53"/>
      </object_component>
      <object_component id="oc-16b">
         <name>.debug_abbrev</name>
         <load_address>0x0</load_address>
         <run_address>0x0</run_address>
         <size>0x1f</size>
         <input_file_ref idref="fl-2"/>
      </object_component>
      <object_component id="oc-22e">
         <name>.debug_abbrev</name>
         <load_address>0x1f</load_address>
         <run_address>0x1f</run_address>
         <size>0x114</size>
         <input_file_ref idref="fl-3"/>
      </object_component>
      <object_component id="oc-225">
         <name>.debug_abbrev</name>
         <load_address>0x133</load_address>
         <run_address>0x133</run_address>
         <size>0x29</size>
         <input_file_ref idref="fl-3"/>
      </object_component>
      <object_component id="oc-220">
         <name>.debug_abbrev</name>
         <load_address>0x15c</load_address>
         <run_address>0x15c</run_address>
         <size>0x62</size>
         <input_file_ref idref="fl-3"/>
      </object_component>
      <object_component id="oc-260">
         <name>.debug_abbrev</name>
         <load_address>0x1be</load_address>
         <run_address>0x1be</run_address>
         <size>0x50</size>
         <input_file_ref idref="fl-3"/>
      </object_component>
      <object_component id="oc-27a">
         <name>.debug_abbrev</name>
         <load_address>0x20e</load_address>
         <run_address>0x20e</run_address>
         <size>0x7a</size>
         <input_file_ref idref="fl-3"/>
      </object_component>
      <object_component id="oc-267">
         <name>.debug_abbrev</name>
         <load_address>0x288</load_address>
         <run_address>0x288</run_address>
         <size>0x6c</size>
         <input_file_ref idref="fl-3"/>
      </object_component>
      <object_component id="oc-268">
         <name>.debug_abbrev</name>
         <load_address>0x2f4</load_address>
         <run_address>0x2f4</run_address>
         <size>0x7a</size>
         <input_file_ref idref="fl-3"/>
      </object_component>
      <object_component id="oc-230">
         <name>.debug_abbrev</name>
         <load_address>0x36e</load_address>
         <run_address>0x36e</run_address>
         <size>0x7a</size>
         <input_file_ref idref="fl-3"/>
      </object_component>
      <object_component id="oc-270">
         <name>.debug_abbrev</name>
         <load_address>0x3e8</load_address>
         <run_address>0x3e8</run_address>
         <size>0x6c</size>
         <input_file_ref idref="fl-3"/>
      </object_component>
      <object_component id="oc-22d">
         <name>.debug_abbrev</name>
         <load_address>0x454</load_address>
         <run_address>0x454</run_address>
         <size>0x7c</size>
         <input_file_ref idref="fl-3"/>
      </object_component>
      <object_component id="oc-2a7">
         <name>.debug_abbrev</name>
         <load_address>0x4d0</load_address>
         <run_address>0x4d0</run_address>
         <size>0x6e</size>
         <input_file_ref idref="fl-3"/>
      </object_component>
      <object_component id="oc-26c">
         <name>.debug_abbrev</name>
         <load_address>0x53e</load_address>
         <run_address>0x53e</run_address>
         <size>0x6c</size>
         <input_file_ref idref="fl-3"/>
      </object_component>
      <object_component id="oc-280">
         <name>.debug_abbrev</name>
         <load_address>0x5aa</load_address>
         <run_address>0x5aa</run_address>
         <size>0x7a</size>
         <input_file_ref idref="fl-3"/>
      </object_component>
      <object_component id="oc-26b">
         <name>.debug_abbrev</name>
         <load_address>0x624</load_address>
         <run_address>0x624</run_address>
         <size>0x6e</size>
         <input_file_ref idref="fl-3"/>
      </object_component>
      <object_component id="oc-2b5">
         <name>.debug_abbrev</name>
         <load_address>0x692</load_address>
         <run_address>0x692</run_address>
         <size>0x6c</size>
         <input_file_ref idref="fl-3"/>
      </object_component>
      <object_component id="oc-188">
         <name>.debug_abbrev</name>
         <load_address>0x6fe</load_address>
         <run_address>0x6fe</run_address>
         <size>0x53</size>
         <input_file_ref idref="fl-3"/>
      </object_component>
      <object_component id="oc-198">
         <name>.debug_abbrev</name>
         <load_address>0x751</load_address>
         <run_address>0x751</run_address>
         <size>0x6f</size>
         <input_file_ref idref="fl-3"/>
      </object_component>
      <object_component id="oc-19a">
         <name>.debug_abbrev</name>
         <load_address>0x7c0</load_address>
         <run_address>0x7c0</run_address>
         <size>0x53</size>
         <input_file_ref idref="fl-3"/>
      </object_component>
      <object_component id="oc-19b">
         <name>.debug_abbrev</name>
         <load_address>0x813</load_address>
         <run_address>0x813</run_address>
         <size>0x53</size>
         <input_file_ref idref="fl-3"/>
      </object_component>
      <object_component id="oc-27d">
         <name>.debug_abbrev</name>
         <load_address>0x866</load_address>
         <run_address>0x866</run_address>
         <size>0x33</size>
         <input_file_ref idref="fl-3"/>
      </object_component>
      <object_component id="oc-167">
         <name>.debug_abbrev</name>
         <load_address>0x899</load_address>
         <run_address>0x899</run_address>
         <size>0x29</size>
         <input_file_ref idref="fl-1e"/>
      </object_component>
      <object_component id="oc-161">
         <name>.debug_abbrev</name>
         <load_address>0x8c2</load_address>
         <run_address>0x8c2</run_address>
         <size>0x58</size>
         <input_file_ref idref="fl-1f"/>
      </object_component>
      <object_component id="oc-17a">
         <name>.debug_abbrev</name>
         <load_address>0x91a</load_address>
         <run_address>0x91a</run_address>
         <size>0x5d</size>
         <input_file_ref idref="fl-20"/>
      </object_component>
      <object_component id="oc-fb">
         <name>.debug_abbrev</name>
         <load_address>0x977</load_address>
         <run_address>0x977</run_address>
         <size>0x74</size>
         <input_file_ref idref="fl-20"/>
      </object_component>
      <object_component id="oc-fe">
         <name>.debug_abbrev</name>
         <load_address>0x9eb</load_address>
         <run_address>0x9eb</run_address>
         <size>0x24</size>
         <input_file_ref idref="fl-20"/>
      </object_component>
      <object_component id="oc-177">
         <name>.debug_abbrev</name>
         <load_address>0xa0f</load_address>
         <run_address>0xa0f</run_address>
         <size>0x24</size>
         <input_file_ref idref="fl-20"/>
      </object_component>
      <object_component id="oc-182">
         <name>.debug_abbrev</name>
         <load_address>0xa33</load_address>
         <run_address>0xa33</run_address>
         <size>0x37</size>
         <input_file_ref idref="fl-21"/>
      </object_component>
      <object_component id="oc-181">
         <name>.debug_abbrev</name>
         <load_address>0xa6a</load_address>
         <run_address>0xa6a</run_address>
         <size>0x6d</size>
         <input_file_ref idref="fl-21"/>
      </object_component>
      <object_component id="oc-108">
         <name>.debug_abbrev</name>
         <load_address>0xad7</load_address>
         <run_address>0xad7</run_address>
         <size>0x66</size>
         <input_file_ref idref="fl-21"/>
      </object_component>
      <object_component id="oc-10c">
         <name>.debug_abbrev</name>
         <load_address>0xb3d</load_address>
         <run_address>0xb3d</run_address>
         <size>0x24</size>
         <input_file_ref idref="fl-21"/>
      </object_component>
      <object_component id="oc-172">
         <name>.debug_abbrev</name>
         <load_address>0xb61</load_address>
         <run_address>0xb61</run_address>
         <size>0x24</size>
         <input_file_ref idref="fl-22"/>
      </object_component>
      <object_component id="oc-2c8">
         <name>.debug_abbrev</name>
         <load_address>0xb85</load_address>
         <run_address>0xb85</run_address>
         <size>0x56</size>
         <input_file_ref idref="fl-25"/>
      </object_component>
      <object_component id="oc-2a0">
         <name>.debug_abbrev</name>
         <load_address>0xbdb</load_address>
         <run_address>0xbdb</run_address>
         <size>0x7f</size>
         <input_file_ref idref="fl-25"/>
      </object_component>
      <object_component id="oc-2a3">
         <name>.debug_abbrev</name>
         <load_address>0xc5a</load_address>
         <run_address>0xc5a</run_address>
         <size>0x24</size>
         <input_file_ref idref="fl-25"/>
      </object_component>
      <object_component id="oc-292">
         <name>.debug_abbrev</name>
         <load_address>0xc7e</load_address>
         <run_address>0xc7e</run_address>
         <size>0x24</size>
         <input_file_ref idref="fl-26"/>
      </object_component>
      <object_component id="oc-2bb">
         <name>.debug_abbrev</name>
         <load_address>0xca2</load_address>
         <run_address>0xca2</run_address>
         <size>0x54</size>
         <input_file_ref idref="fl-27"/>
      </object_component>
      <object_component id="oc-28e">
         <name>.debug_abbrev</name>
         <load_address>0xcf6</load_address>
         <run_address>0xcf6</run_address>
         <size>0x7f</size>
         <input_file_ref idref="fl-27"/>
      </object_component>
      <object_component id="oc-224">
         <name>.debug_abbrev</name>
         <load_address>0xd75</load_address>
         <run_address>0xd75</run_address>
         <size>0x3a</size>
         <input_file_ref idref="fl-28"/>
      </object_component>
      <object_component id="oc-2b9">
         <name>.debug_abbrev</name>
         <load_address>0xdaf</load_address>
[...]
         <name>gz</name>
         <value>0x314</value>
      </symbol>
      <symbol id="sm-174">
         <name>pitch</name>
         <value>0x318</value>
      </symbol>
      <symbol id="sm-175">
         <name>roll_char</name>
         <value>0x324</value>
      </symbol>
      <symbol id="sm-176">
         <name>pitch_char</name>
         <value>0x322</value>
      </symbol>
      <symbol id="sm-177">
         <name>yaw_char</name>
         <value>0x32a</value>
      </symbol>
      <symbol id="sm-178">
         <name>ax_char</name>
         <value>0x31c</value>
      </symbol>
      <symbol id="sm-179">
         <name>ay_char</name>
         <value>0x31e</value>
      </symbol>
      <symbol id="sm-17a">
         <name>az_char</name>
         <value>0x320</value>
      </symbol>
      <symbol id="sm-17b">
         <name>USCI0RX_ISR</name>
         <value>0xd234</value>
         <object_component_ref idref="oc-120"/>
      </symbol>
      <symbol id="sm-17c">
         <name>Init_BMI160</name>
         <value>0xc642</value>
         <object_component_ref idref="oc-1c9"/>
      </symbol>
      <symbol id="sm-17d">
         <name>timer_count</name>
         <value>0x33a</value>
         <object_component_ref idref="oc-185"/>
      </symbol>
      <symbol id="sm-17e">
         <name>PackCRC</name>
         <value>0xd750</value>
         <object_component_ref idref="oc-1e2"/>
      </symbol>
      <symbol id="sm-17f">
         <name>__TI_int08</name>
         <value>0xfff0</value>
         <object_component_ref idref="oc-46"/>
      </symbol>
      <symbol id="sm-180">
         <name>__TI_int07</name>
         <value>0xffee</value>
         <object_component_ref idref="oc-45"/>
      </symbol>
      <symbol id="sm-181">
         <name>__TI_int02</name>
         <value>0xffe4</value>
         <object_component_ref idref="oc-41"/>
      </symbol>
      <symbol id="sm-182">
         <name>__TI_int03</name>
         <value>0xffe6</value>
         <object_component_ref idref="oc-42"/>
      </symbol>
      <symbol id="sm-183">
         <name>Float_to_Char_array</name>
         <value>0xd348</value>
         <object_component_ref idref="oc-205"/>
      </symbol>
      <symbol id="sm-184">
         <name>SPI_Write</name>
         <value>0xd7e6</value>
         <object_component_ref idref="oc-1ff"/>
      </symbol>
      <symbol id="sm-185">
         <name>Port_1</name>
         <value>0xd766</value>
         <object_component_ref idref="oc-114"/>
      </symbol>
      <symbol id="sm-186">
         <name>Port_2</name>
         <value>0xd3c8</value>
         <object_component_ref idref="oc-11a"/>
      </symbol>
      <symbol id="sm-187">
         <name>gz_offset</name>
         <value>0x350</value>
         <object_component_ref idref="oc-185"/>
      </symbol>
      <symbol id="sm-188">
         <name>Z_Calibrate</name>
         <value>0x33e</value>
         <object_component_ref idref="oc-185"/>
      </symbol>
      <symbol id="sm-189">
         <name>Y_Calibrate</name>
         <value>0x342</value>
         <object_component_ref idref="oc-185"/>
      </symbol>
      <symbol id="sm-18a">
         <name>Init</name>
         <value>0xd2c2</value>
         <object_component_ref idref="oc-1c3"/>
      </symbol>
      <symbol id="sm-18b">
         <name>X_Calibrate</name>
         <value>0x340</value>
         <object_component_ref idref="oc-185"/>
      </symbol>
      <symbol id="sm-18c">
         <name>rx_State</name>
         <value>0x32f</value>
         <object_component_ref idref="oc-185"/>
      </symbol>
      <symbol id="sm-18d">
         <name>timer</name>
         <value>0x338</value>
         <object_component_ref idref="oc-185"/>
      </symbol>
      <symbol id="sm-18e">
         <name>main</name>
         <value>0xc000</value>
         <object_component_ref idref="oc-153"/>
      </symbol>
      <symbol id="sm-18f">
         <name>nomotion_gyro_counter</name>
         <value>0x33c</value>
         <object_component_ref idref="oc-185"/>
      </symbol>
      <symbol id="sm-190">
         <name>Read_Accelorameter</name>
         <value>0xce78</value>
         <object_component_ref idref="oc-1d0"/>
      </symbol>
      <symbol id="sm-191">
         <name>rx_ACK</name>
         <value>0x334</value>
         <object_component_ref idref="oc-185"/>
      </symbol>
      <symbol id="sm-192">
         <name>rx_CRC</name>
         <value>0x330</value>
         <object_component_ref idref="oc-185"/>
      </symbol>
      <symbol id="sm-193">
         <name>Uart_TransmitTxPack</name>
         <value>0xd0f8</value>
         <object_component_ref idref="oc-20c"/>
      </symbol>
      <symbol id="sm-194">
         <name>rx_LEN</name>
         <value>0x332</value>
         <object_component_ref idref="oc-185"/>
      </symbol>
      <symbol id="sm-195">
         <name>yaw</name>
         <value>0x348</value>
         <object_component_ref idref="oc-185"/>
      </symbol>
      <symbol id="sm-196">
         <name>SPI_Transceive</name>
         <value>0xd622</value>
         <object_component_ref idref="oc-227"/>
      </symbol>
      <symbol id="sm-197">
         <name>g_Rate</name>
         <value>0x34c</value>
         <object_component_ref idref="oc-185"/>
      </symbol>
      <symbol id="sm-198">
         <name>Initialization</name>
         <value>0xcac2</value>
         <object_component_ref idref="oc-261"/>
      </symbol>
      <symbol id="sm-199">
         <name>read</name>
         <value>0x336</value>
         <object_component_ref idref="oc-185"/>
      </symbol>
      <symbol id="sm-19a">
         <name>SPI_Read</name>
         <value>0xd78e</value>
         <object_component_ref idref="oc-189"/>
      </symbol>
      <symbol id="sm-19b">
         <name>Read_Gyroscope</name>
         <value>0xcf56</value>
         <object_component_ref idref="oc-192"/>
      </symbol>
      <symbol id="sm-19c">
         <name>Uart_putchar</name>
         <value>0xd738</value>
         <object_component_ref idref="oc-1e8"/>
      </symbol>
      <symbol id="sm-19d">
         <name>Timer_A</name>
         <value>0xd6f8</value>
         <object_component_ref idref="oc-126"/>
      </symbol>
      <symbol id="sm-19e">
         <name>ax</name>
         <value>0x344</value>
         <object_component_ref idref="oc-185"/>
      </symbol>
      <symbol id="sm-19f">
         <name>rx_CMD</name>
         <value>0x331</value>
         <object_component_ref idref="oc-185"/>
      </symbol>
      <symbol id="sm-1a0">
         <name>rec_LEN</name>
         <value>0x333</value>
         <object_component_ref idref="oc-185"/>
      </symbol>
      <symbol id="sm-1a1">
         <name>uart_rx_received</name>
         <value>0x335</value>
         <object_component_ref idref="oc-185"/>
      </symbol>
      <symbol id="sm-1a2">
         <name>rx_REC</name>
         <value>0x32e</value>
         <object_component_ref idref="oc-185"/>
      </symbol>
      <symbol id="sm-1aa">
         <name>_stack</name>
         <value>0x3b0</value>
         <object_component_ref idref="oc-f1"/>
      </symbol>
      <symbol id="sm-1ab">
         <name>_reset_vector</name>
         <value>0xfffe</value>
         <object_component_ref idref="oc-f4"/>
      </symbol>
      <symbol id="sm-1b5">
         <name>_c_int00_noargs_noexit</name>
         <value>0xd71e</value>
         <object_component_ref idref="oc-6b"/>
      </symbol>
      <symbol id="sm-1cb">
         <name>__TI_decompress_none</name>
         <value>0xd7a0</value>
         <object_component_ref idref="oc-34"/>
      </symbol>
      <symbol id="sm-1ed">
         <name>__TI_decompress_rle24</name>
         <value>0xd7f2</value>
         <object_component_ref idref="oc-3a"/>
      </symbol>
      <symbol id="sm-233">
         <name>atan2f</name>
         <value>0xc882</value>
         <object_component_ref idref="oc-218"/>
      </symbol>
      <symbol id="sm-255">
         <name>sqrtf</name>
         <value>0xcc0a</value>
         <object_component_ref idref="oc-212"/>
      </symbol>
      <symbol id="sm-25e">
         <name>__mspabi_func_epilog_2</name>
         <value>0xd7ce</value>
         <object_component_ref idref="oc-17c"/>
      </symbol>
      <symbol id="sm-25f">
         <name>__mspabi_func_epilog_3</name>
         <value>0xd7cc</value>
         <object_component_ref idref="oc-17c"/>
      </symbol>
      <symbol id="sm-260">
         <name>__mspabi_func_epilog_1</name>
         <value>0xd7d0</value>
         <object_component_ref idref="oc-17c"/>
      </symbol>
      <symbol id="sm-261">
         <name>__mspabi_func_epilog_6</name>
         <value>0xd7c6</value>
         <object_component_ref idref="oc-17c"/>
      </symbol>
      <symbol id="sm-262">
         <name>__mspabi_func_epilog_7</name>
         <value>0xd7c4</value>
         <object_component_ref idref="oc-17c"/>
      </symbol>
      <symbol id="sm-263">
         <name>__mspabi_func_epilog_4</name>
         <value>0xd7ca</value>
         <object_component_ref idref="oc-17c"/>
      </symbol>
      <symbol id="sm-264">
         <name>__mspabi_func_epilog_5</name>
         <value>0xd7c8</value>
         <object_component_ref idref="oc-17c"/>
      </symbol>
      <symbol id="sm-26b">
         <name>errno</name>
         <value>0x354</value>
         <object_component_ref idref="oc-28b"/>
      </symbol>
      <symbol id="sm-275">
         <name>C$$EXIT</name>
         <value>0xd7ec</value>
         <object_component_ref idref="oc-15b"/>
      </symbol>
      <symbol id="sm-276">
         <name>abort</name>
         <value>0xd7ec</value>
         <object_component_ref idref="oc-15b"/>
      </symbol>
      <symbol id="sm-292">
         <name>__mspabi_subf</name>
         <value>0xcd46</value>
         <object_component_ref idref="oc-1f0"/>
      </symbol>
      <symbol id="sm-293">
         <name>__mspabi_addf</name>
         <value>0xcd4c</value>
         <object_component_ref idref="oc-1f0"/>
      </symbol>
      <symbol id="sm-2a3">
         <name>__mspabi_cmpf</name>
         <value>0xd5d8</value>
         <object_component_ref idref="oc-1fa"/>
      </symbol>
      <symbol id="sm-2b5">
         <name>__mspabi_divf</name>
         <value>0xd198</value>
         <object_component_ref idref="oc-1f5"/>
      </symbol>
      <symbol id="sm-2c2">
         <name>__mspabi_fltif</name>
         <value>0xd66a</value>
         <object_component_ref idref="oc-1d6"/>
      </symbol>
      <symbol id="sm-2d9">
         <name>__mspabi_mpyf</name>
         <value>0xd034</value>
         <object_component_ref idref="oc-1db"/>
      </symbol>
      <symbol id="sm-2e2">
         <name>__mspabi_negf</name>
         <value>0xd7d4</value>
         <object_component_ref idref="oc-29b"/>
      </symbol>
      <symbol id="sm-2f4">
         <name>__mspabi_fixfi</name>
         <value>0xd4b2</value>
         <object_component_ref idref="oc-271"/>
      </symbol>
      <symbol id="sm-2f7">
         <name>__TI_int00</name>
         <value>0xffe0</value>
         <object_component_ref idref="oc-40"/>
      </symbol>
      <symbol id="sm-2fa">
         <name>__TI_int05</name>
         <value>0xffea</value>
         <object_component_ref idref="oc-43"/>
      </symbol>
      <symbol id="sm-2fd">
         <name>__TI_int06</name>
         <value>0xffec</value>
         <object_component_ref idref="oc-44"/>
      </symbol>
      <symbol id="sm-300">
         <name>__TI_int09</name>
         <value>0xfff2</value>
         <object_component_ref idref="oc-47"/>
      </symbol>
      <symbol id="sm-303">
         <name>__TI_int10</name>
         <value>0xfff4</value>
         <object_component_ref idref="oc-48"/>
      </symbol>
      <symbol id="sm-306">
         <name>__TI_int11</name>
         <value>0xfff6</value>
         <object_component_ref idref="oc-49"/>
      </symbol>
      <symbol id="sm-309">
         <name>__TI_int12</name>
         <value>0xfff8</value>
         <object_component_ref idref="oc-4a"/>
      </symbol>
      <symbol id="sm-30c">
         <name>__TI_int13</name>
         <value>0xfffa</value>
         <object_component_ref idref="oc-4b"/>
      </symbol>
      <symbol id="sm-30f">
         <name>__TI_int14</name>
         <value>0xfffc</value>
         <object_component_ref idref="oc-4c"/>
      </symbol>
      <symbol id="sm-317">
         <name>__TI_ISR_TRAP</name>
         <value>0xd7de</value>
         <object_component_ref idref="oc-10f"/>
      </symbol>
      <symbol id="sm-31f">
         <name>__mspabi_slli</name>
         <value>0xd6cc</value>
         <object_component_ref idref="oc-286"/>
      </symbol>
      <symbol id="sm-320">
         <name>__mspabi_slli_9</name>
         <value>0xd6e4</value>
         <object_component_ref idref="oc-286"/>
      </symbol>
      <symbol id="sm-321">
         <name>__mspabi_slli_8</name>
         <value>0xd6e6</value>
         <object_component_ref idref="oc-286"/>
      </symbol>
      <symbol id="sm-322">
         <name>__mspabi_slli_7</name>
         <value>0xd6e8</value>
         <object_component_ref idref="oc-286"/>
      </symbol>
      <symbol id="sm-323">
         <name>__mspabi_slli_6</name>
         <value>0xd6ea</value>
         <object_component_ref idref="oc-286"/>
      </symbol>
      <symbol id="sm-324">
         <name>__mspabi_slli_5</name>
         <value>0xd6ec</value>
         <object_component_ref idref="oc-286"/>
      </symbol>
      <symbol id="sm-325">
         <name>__mspabi_slli_4</name>
         <value>0xd6ee</value>
         <object_component_ref idref="oc-286"/>
      </symbol>
      <symbol id="sm-326">
         <name>__mspabi_slli_3</name>
         <value>0xd6f0</value>
         <object_component_ref idref="oc-286"/>
      </symbol>
      <symbol id="sm-327">
         <name>__mspabi_slli_2</name>
         <value>0xd6f2</value>
         <object_component_ref idref="oc-286"/>
      </symbol>
      <symbol id="sm-328">
         <name>__mspabi_slli_1</name>
         <value>0xd6f4</value>
         <object_component_ref idref="oc-286"/>
      </symbol>
      <symbol id="sm-329">
         <name>__mspabi_slli_15</name>
         <value>0xd6d8</value>
         <object_component_ref idref="oc-286"/>
      </symbol>
      <symbol id="sm-32a">
         <name>__mspabi_slli_14</name>
         <value>0xd6da</value>
         <object_component_ref idref="oc-286"/>
      </symbol>
      <symbol id="sm-32b">
         <name>__mspabi_slli_13</name>
         <value>0xd6dc</value>
         <object_component_ref idref="oc-286"/>
      </symbol>
      <symbol id="sm-32c">
         <name>__mspabi_slli_12</name>
         <value>0xd6de</value>
         <object_component_ref idref="oc-286"/>
      </symbol>
      <symbol id="sm-32d">
         <name>__mspabi_slli_11</name>
         <value>0xd6e0</value>
         <object_component_ref idref="oc-286"/>
      </symbol>
      <symbol id="sm-32e">
         <name>__mspabi_slli_10</name>
         <value>0xd6e2</value>
         <object_component_ref idref="oc-286"/>
      </symbol>
      <symbol id="sm-340">
         <name>memcpy</name>
         <value>0xd7b2</value>
         <object_component_ref idref="oc-f5"/>
      </symbol>
      <symbol id="sm-34b">
         <name>_system_pre_init</name>
         <value>0xd7f8</value>
         <object_component_ref idref="oc-133"/>
      </symbol>
      <symbol id="sm-382">
         <name>atanf</name>
         <value>0xc3cc</value>
         <object_component_ref idref="oc-295"/>
      </symbol>
      <symbol id="sm-38d">
         <name>__mspabi_srai</name>
         <value>0xd6a0</value>
         <object_component_ref idref="oc-281"/>
      </symbol>
      <symbol id="sm-38e">
         <name>__mspabi_srai_8</name>
         <value>0xd6ba</value>
         <object_component_ref idref="oc-281"/>
      </symbol>
      <symbol id="sm-38f">
         <name>__mspabi_srai_9</name>
         <value>0xd6b8</value>
         <object_component_ref idref="oc-281"/>
      </symbol>
      <symbol id="sm-390">
         <name>__mspabi_srai_6</name>
         <value>0xd6be</value>
         <object_component_ref idref="oc-281"/>
      </symbol>
      <symbol id="sm-391">
         <name>__mspabi_srai_7</name>
         <value>0xd6bc</value>
         <object_component_ref idref="oc-281"/>
      </symbol>
      <symbol id="sm-392">
         <name>__mspabi_srai_4</name>
         <value>0xd6c2</value>
         <object_component_ref idref="oc-281"/>
      </symbol>
      <symbol id="sm-393">
         <name>__mspabi_srai_5</name>
         <value>0xd6c0</value>
         <object_component_ref idref="oc-281"/>
      </symbol>
      <symbol id="sm-394">
         <name>__mspabi_srai_2</name>
         <value>0xd6c6</value>
         <object_component_ref idref="oc-281"/>
      </symbol>
      <symbol id="sm-395">
         <name>__mspabi_srai_3</name>
         <value>0xd6c4</value>
         <object_component_ref idref="oc-281"/>
      </symbol>
      <symbol id="sm-396">
         <name>__mspabi_srai_1</name>
         <value>0xd6c8</value>
         <object_component_ref idref="oc-281"/>
      </symbol>
      <symbol id="sm-397">
         <name>__mspabi_srai_15</name>
         <value>0xd6ac</value>
         <object_component_ref idref="oc-281"/>
      </symbol>
      <symbol id="sm-398">
         <name>__mspabi_srai_14</name>
         <value>0xd6ae</value>
         <object_component_ref idref="oc-281"/>
      </symbol>
      <symbol id="sm-399">
         <name>__mspabi_srai_13</name>
         <value>0xd6b0</value>
         <object_component_ref idref="oc-281"/>
      </symbol>
      <symbol id="sm-39a">
         <name>__mspabi_srai_12</name>
         <value>0xd6b2</value>
         <object_component_ref idref="oc-281"/>
      </symbol>
      <symbol id="sm-39b">
         <name>__mspabi_srai_11</name>
         <value>0xd6b4</value>
         <object_component_ref idref="oc-281"/>
      </symbol>
      <symbol id="sm-39c">
         <name>__mspabi_srai_10</name>
         <value>0xd6b6</value>
         <object_component_ref idref="oc-281"/>
      </symbol>
      <symbol id="sm-3b9">
         <name>_auto_init</name>
         <value>0xd444</value>
         <object_component_ref idref="oc-139"/>
      </symbol>
      <symbol id="sm-3cf">
         <name>copy_in</name>
         <value>0xd57e</value>
         <object_component_ref idref="oc-19f"/>
      </symbol>
      <symbol id="sm-3db">
         <name>__mspabi_mpyi_sw</name>
         <value>0xd77a</value>
         <object_component_ref idref="oc-231"/>
      </symbol>
      <symbol id="sm-3dc">
         <name>__mspabi_mpyi</name>
         <value>0xd77a</value>
         <object_component_ref idref="oc-231"/>
      </symbol>
      <symbol id="sm-3e7">
         <name>_system_post_cinit</name>
         <value>0xd7fc</value>
         <object_component_ref idref="oc-1a5"/>
      </symbol>
      <symbol id="sm-3ea">
         <name>__TI_BINIT_Base</name>
         <value>0x0</value>
      </symbol>
      <symbol id="sm-3eb">
         <name>__TI_BINIT_Limit</name>
         <value>0x0</value>
      </symbol>
      <symbol id="sm-3ec">
         <name>__TI_INITARRAY_Base</name>
         <value>0x0</value>
      </symbol>
      <symbol id="sm-3ed">
         <name>__TI_INITARRAY_Limit</name>
         <value>0x0</value>
      </symbol>
   </symbol_table>
   <title>Link successful</title>
</link_info>
