******************************************************************************
                  MSP430 Linker PC v15.12.3                    
******************************************************************************
>> Linked Mon Apr 03 14:29:00 2017

OUTPUT FILE NAME:   <BMI160_Complete.out>
ENTRY POINT SYMBOL: "_c_int00_noargs_noexit"  address: 0000d71e


MEMORY CONFIGURATION

         name            origin    length      used     unused   attr    fill
----------------------  --------  ---------  --------  --------  ----  --------
  SFR                   00000000   00000010  00000000  00000010  RWIX
  PERIPHERALS_8BIT      00000010   000000f0  00000000  000000f0  RWIX
  PERIPHERALS_16BIT     00000100   00000100  00000000  00000100  RWIX
  RAM                   00000200   00000200  000001a5  0000005b  RWIX
  INFOD                 00001000   00000040  00000000  00000040  RWIX
  INFOC                 00001040   00000040  00000000  00000040  RWIX
  INFOB                 00001080   00000040  00000000  00000040  RWIX
  INFOA                 000010c0   00000040  00000000  00000040  RWIX
  FLASH                 0000c000   00003fde  0000185c  00002782  RWIX
  BSLSIGNATURE          0000ffde   00000002  00000002  00000000  RWIX  ffff 
  INT00                 0000ffe0   00000002  00000002  00000000  RWIX
  INT01                 0000ffe2   00000002  00000000  00000002  RWIX
  INT02                 0000ffe4   00000002  00000002  00000000  RWIX
  INT03                 0000ffe6   00000002  00000002  00000000  RWIX
  INT04                 0000ffe8   00000002  00000000  00000002  RWIX
  INT05                 0000ffea   00000002  00000002  00000000  RWIX
  INT06                 0000ffec   00000002  00000002  00000000  RWIX
  INT07                 0000ffee   00000002  00000002  00000000  RWIX
  INT08                 0000fff0   00000002  00000002  00000000  RWIX
  INT09                 0000fff2   00000002  00000002  00000000  RWIX
  INT10                 0000fff4   00000002  00000002  00000000  RWIX
  INT11                 0000fff6   00000002  00000002  00000000  RWIX
  INT12                 0000fff8   00000002  00000002  00000000  RWIX
  INT13                 0000fffa   00000002  00000002  00000000  RWIX
  INT14                 0000fffc   00000002  00000002  00000000  RWIX
  RESET                 0000fffe   00000002  00000002  00000000  RWIX


SECTION ALLOCATION MAP

 output                                  attributes/
section   page    origin      length       input sections
--------  ----  ----------  ----------   ----------------
.bss       0    00000200    0000012d     UNINITIALIZED
                  00000200    00000100     (.common:rxPackArray)
                  00000300    00000006     (.common:accelorameter_raw)
                  00000306    00000006     (.common:gyroscope_raw)
                  0000030c    00000004     (.common:ay)
                  00000310    00000004     (.common:az)
                  00000314    00000004     (.common:gz)
                  00000318    00000004     (.common:pitch)
                  0000031c    00000002     (.common:ax_char)
                  0000031e    00000002     (.common:ay_char)
                  00000320    00000002     (.common:az_char)
                  00000322    00000002     (.common:pitch_char)
                  00000324    00000002     (.common:roll_char)
                  00000326    00000002     (.common:sensor)
                  00000328    00000002     (.common:whoami)
                  0000032a    00000002     (.common:yaw_char)
                  0000032c    00000001     (.common:received_ch)

.data      0    0000032e    00000028     UNINITIALIZED
                  0000032e    00000026     main.obj (.data)
                  00000354    00000002     rts430_eabi.lib : errno.obj (.data)

.stack     0    000003b0    00000050     UNINITIALIZED
                  000003b0    00000002     rts430_eabi.lib : boot.obj (.stack)
                  000003b2    0000004e     --HOLE--

.text      0    0000c000    000017fe     
                  0000c000    000003cc     main.obj (.text:main)
                  0000c3cc    00000276     rts430_eabi.lib : s_atanf.obj (.text:atanf)
                  0000c642    00000240     main.obj (.text:Init_BMI160)
                  0000c882    00000240     rts430_eabi.lib : e_atan2f.obj (.text:atan2f)
                  0000cac2    00000148     main.obj (.text:Initialization)
                  0000cc0a    0000013c     rts430_eabi.lib : e_sqrtf.obj (.text:sqrtf)
                  0000cd46    00000132                     : fs_add.obj (.text)
                  0000ce78    000000de     main.obj (.text:Read_Accelorameter)
                  0000cf56    000000de     main.obj (.text:Read_Gyroscope)
                  0000d034    000000c4     rts430_eabi.lib : fs_mpy.obj (.text)
                  0000d0f8    000000a0     main.obj (.text:Uart_TransmitTxPack)
                  0000d198    0000009c     rts430_eabi.lib : fs_div.obj (.text)
                  0000d234    0000008e     main.obj (.text:USCI0RX_ISR)
                  0000d2c2    00000086     main.obj (.text:Init)
                  0000d348    00000080     main.obj (.text:Float_to_Char_array)
                  0000d3c8    0000007c     main.obj (.text:Port_2)
                  0000d444    0000006e     rts430_eabi.lib : autoinit.obj (.text:_auto_init)
                  0000d4b2    00000068                     : fs_toi.obj (.text)
                  0000d51a    00000064                     : copy_decompress_rle.obj (.text:__TI_decompress_rle_core)
                  0000d57e    0000005a                     : cpy_tbl.obj (.text:copy_in)
                  0000d5d8    0000004a                     : fs_cmp.obj (.text)
                  0000d622    00000048     main.obj (.text:SPI_Transceive)
                  0000d66a    00000036     rts430_eabi.lib : fs_itof.obj (.text)
                  0000d6a0    0000002c                     : asr16.obj (.text)
                  0000d6cc    0000002c                     : lsl16.obj (.text)
                  0000d6f8    00000026     main.obj (.text:Timer_A)
                  0000d71e    0000001a     rts430_eabi.lib : boot_special.obj (.text:_c_int00_noargs_noexit)
                  0000d738    00000018     main.obj (.text:Uart_putchar)
                  0000d750    00000016     main.obj (.text:PackCRC)
                  0000d766    00000014     main.obj (.text:Port_1)
                  0000d77a    00000014     rts430_eabi.lib : mult16.obj (.text)
                  0000d78e    00000012     main.obj (.text:SPI_Read)
                  0000d7a0    00000012     rts430_eabi.lib : copy_decompress_none.obj (.text:decompress:none:__TI_decompress_none)
                  0000d7b2    00000012                     : memcpy.obj (.text:memcpy)
                  0000d7c4    00000010                     : epilog.obj (.text)
                  0000d7d4    0000000a                     : fs_neg.obj (.text)
                  0000d7de    00000008                     : isr_trap.obj (.text:_isr:__TI_ISR_TRAP)
                  0000d7e6    00000006     main.obj (.text:SPI_Write)
                  0000d7ec    00000006     rts430_eabi.lib : exit.obj (.text:abort)
                  0000d7f2    00000006                     : copy_decompress_rle.obj (.text:decompress:rle24:__TI_decompress_rle24)
                  0000d7f8    00000004                     : pre_init.obj (.text:_system_pre_init)
                  0000d7fc    00000002                     : startup.obj (.text:_system_post_cinit)

.binit     0    0000c000    00000000     

.const     0    0000d7fe    00000034     
                  0000d7fe    00000014     rts430_eabi.lib : s_atanf.obj (.const:aT)
                  0000d812    00000010                     : s_atanf.obj (.const:atanhi)
                  0000d822    00000010                     : s_atanf.obj (.const:atanlo)

.cinit     0    0000d832    0000002a     
                  0000d832    00000011     (.cinit..data.load) [load image, compression = rle]
                  0000d843    00000001     --HOLE-- [fill = 0]
                  0000d844    0000000b     (.cinit..bss.load) [load image, compression = rle]
                  0000d84f    00000001     --HOLE-- [fill = 0]
                  0000d850    00000004     (__TI_handler_table)
                  0000d854    00000008     (__TI_cinit_table)

.init_array 
*          0    0000c000    00000000     UNINITIALIZED

TRAPINT    0    0000ffe0    00000002     
                  0000ffe0    00000002     rts430_eabi.lib : int00.obj (.int00)

PORT1      0    0000ffe4    00000002     
                  0000ffe4    00000002     main.obj (.int02)

PORT2      0    0000ffe6    00000002     
                  0000ffe6    00000002     main.obj (.int03)

$fill000   0    0000ffde    00000002     
                  0000ffde    00000002     --HOLE-- [fill = ffff]

ADC10      0    0000ffea    00000002     
                  0000ffea    00000002     rts430_eabi.lib : int05.obj (.int05)

USCIAB0TX 
*          0    0000ffec    00000002     
                  0000ffec    00000002     rts430_eabi.lib : int06.obj (.int06)

USCIAB0RX 
*          0    0000ffee    00000002     
                  0000ffee    00000002     main.obj (.int07)

TIMER0_A1 
*          0    0000fff0    00000002     
                  0000fff0    00000002     main.obj (.int08)

TIMER0_A0 
*          0    0000fff2    00000002     
                  0000fff2    00000002     rts430_eabi.lib : int09.obj (.int09)

WDT        0    0000fff4    00000002     
                  0000fff4    00000002     rts430_eabi.lib : int10.obj (.int10)

COMPARATORA 
*          0    0000fff6    00000002     
                  0000fff6    00000002     rts430_eabi.lib : int11.obj (.int11)

TIMER1_A1 
*          0    0000fff8    00000002     
                  0000fff8    00000002     rts430_eabi.lib : int12.obj (.int12)

TIMER1_A0 
*          0    0000fffa    00000002     
                  0000fffa    00000002     rts430_eabi.lib : int13.obj (.int13)

NMI        0    0000fffc    00000002     
                  0000fffc    00000002     rts430_eabi.lib : int14.obj (.int14)

.reset     0    0000fffe    00000002     
                  0000fffe    00000002     rts430_eabi.lib : boot.obj (.reset)

MODULE SUMMARY

       Module                     code   ro data   rw data
       ------                     ----   -------   -------
    .\
       main.obj                   3208   8         339    
    +--+--------------------------+------+---------+---------+
       Total:                     3208   8         339    
                                                          
    C:\ti\ccsv6\tools\compiler\msp430_15.12.3.LTS\lib\rts430_eabi.lib
       s_atanf.obj                630    52        0      
       e_atan2f.obj               576    0         0      
       e_sqrtf.obj                316    0         0      
       fs_add.obj                 306    0         0      
       fs_mpy.obj                 196    0         0      
       fs_div.obj                 156    0         0      
       autoinit.obj               110    0         0      
       copy_decompress_rle.obj    106    0         0      
       fs_toi.obj                 104    0         0      
       cpy_tbl.obj                90     0         0      
       fs_cmp.obj                 74     0         0      
       fs_itof.obj                54     0         0      
       asr16.obj                  44     0         0      
       lsl16.obj                  44     0         0      
       boot_special.obj           26     0         0      
       mult16.obj                 20     0         0      
       copy_decompress_none.obj   18     0         0      
       memcpy.obj                 18     0         0      
       epilog.obj                 16     0         0      
       fs_neg.obj                 10     0         0      
       isr_trap.obj               8      0         0      
       exit.obj                   6      0         0      
       pre_init.obj               4      0         0      
       boot.obj                   0      2         0      
       errno.obj                  0      0         2      
       int00.obj                  0      2         0      
       int05.obj                  0      2         0      
       int06.obj                  0      2         0      
       int09.obj                  0      2         0      
       int10.obj                  0      2         0      
       int11.obj                  0      2         0      
       int12.obj                  0      2         0      
       int13.obj                  0      2         0      
       int14.obj                  0      2         0      
       startup.obj                2      0         0      
    +--+--------------------------+------+---------+---------+
       Total:                     2934   72        2      
                                                          
       Stack:                     0      0         80     
       Linker Generated:          0      40        0      
    +--+--------------------------+------+---------+---------+
       Grand Total:               6142   120       421    


LINKER GENERATED COPY TABLES

__TI_cinit_table @ 0000d854 records: 2, size/record: 4, table size: 8
	.data: load addr=0000d832, load size=00000011 bytes, run addr=0000032e, run size=00000028 bytes, compression=rle
	.bss: load addr=0000d844, load size=0000000b bytes, run addr=00000200, run size=0000012d bytes, compression=rle


LINKER GENERATED HANDLER TABLE

__TI_handler_table @ 0000d850 records: 2, size/record: 2, table size: 4
	index: 0, handler: __TI_decompress_rle24
	index: 1, handler: __TI_decompress_none


GLOBAL SYMBOLS: SORTED ALPHABETICALLY BY Name 

address   name                    
-------   ----                    
0000004a  ADC10AE0                
000001b0  ADC10CTL0               
000001b2  ADC10CTL1               
00000048  ADC10DTC0               
00000049  ADC10DTC1               
000001b4  ADC10MEM                
000001bc  ADC10SA                 
00000057  BCSCTL1                 
00000058  BCSCTL2                 
00000053  BCSCTL3                 
0000d7ec  C$$EXIT                 
00000059  CACTL1                  
0000005a  CACTL2                  
000010fb  CALBC1_12MHZ            
000010f9  CALBC1_16MHZ            
000010ff  CALBC1_1MHZ             
000010fd  CALBC1_8MHZ             
000010fa  CALDCO_12MHZ            
000010f8  CALDCO_16MHZ            
000010fe  CALDCO_1MHZ             
000010fc  CALDCO_8MHZ             
0000005b  CAPD                    
00000056  DCOCTL                  
00000128  FCTL1                   
0000012a  FCTL2                   
0000012c  FCTL3                   
0000d348  Float_to_Char_array     
00000000  IE1                     
00000001  IE2                     
00000002  IFG1                    
00000003  IFG2                    
0000d2c2  Init                    
0000c642  Init_BMI160             
0000cac2  Initialization          
00000022  P1DIR                   
00000025  P1IE                    
00000024  P1IES                   
00000023  P1IFG                   
00000020  P1IN                    
00000021  P1OUT                   
00000027  P1REN                   
00000026  P1SEL                   
00000041  P1SEL2                  
0000002a  P2DIR                   
0000002d  P2IE                    
0000002c  P2IES                   
0000002b  P2IFG                   
00000028  P2IN                    
00000029  P2OUT                   
0000002f  P2REN                   
0000002e  P2SEL                   
00000042  P2SEL2                  
0000001a  P3DIR                   
00000018  P3IN                    
00000019  P3OUT                   
00000010  P3REN                   
0000001b  P3SEL                   
00000043  P3SEL2                  
0000d750  PackCRC                 
0000d766  Port_1                  
0000d3c8  Port_2                  
0000ce78  Read_Accelorameter      
0000cf56  Read_Gyroscope          
0000d78e  SPI_Read                
0000d622  SPI_Transceive          
0000d7e6  SPI_Write               
00000172  TA0CCR0                 
00000174  TA0CCR1                 
00000176  TA0CCR2                 
00000162  TA0CCTL0                
00000164  TA0CCTL1                
00000166  TA0CCTL2                
00000160  TA0CTL                  
0000012e  TA0IV                   
00000170  TA0R                    
00000192  TA1CCR0                 
00000194  TA1CCR1                 
00000196  TA1CCR2                 
00000182  TA1CCTL0                
00000184  TA1CCTL1                
00000186  TA1CCTL2                
00000180  TA1CTL                  
0000011e  TA1IV                   
00000190  TA1R                    
000010db  TLV_ADC10_1_LEN         
000010da  TLV_ADC10_1_TAG         
000010c0  TLV_CHECKSUM            
000010f7  TLV_DCO_30_LEN          
000010f6  TLV_DCO_30_TAG          
0000d6f8  Timer_A                 
0000005d  UCA0ABCTL               
00000062  UCA0BR0                 
00000063  UCA0BR1                 
00000060  UCA0CTL0                
00000061  UCA0CTL1                
0000005f  UCA0IRRCTL              
0000005e  UCA0IRTCTL              
00000064  UCA0MCTL                
00000066  UCA0RXBUF               
00000065  UCA0STAT                
00000067  UCA0TXBUF               
0000006a  UCB0BR0                 
0000006b  UCB0BR1                 
00000068  UCB0CTL0                
00000069  UCB0CTL1                
0000006c  UCB0I2CIE               
00000118  UCB0I2COA               
0000011a  UCB0I2CSA               
0000006e  UCB0RXBUF               
0000006d  UCB0STAT                
0000006f  UCB0TXBUF               
0000d234  USCI0RX_ISR             
0000d0f8  Uart_TransmitTxPack     
0000d738  Uart_putchar            
00000120  WDTCTL                  
00000340  X_Calibrate             
00000342  Y_Calibrate             
0000033e  Z_Calibrate             
00000400  __STACK_END             
00000050  __STACK_SIZE            
UNDEFED   __TI_BINIT_Base         
UNDEFED   __TI_BINIT_Limit        
0000d854  __TI_CINIT_Base         
0000d85c  __TI_CINIT_Limit        
0000d850  __TI_Handler_Table_Base 
0000d854  __TI_Handler_Table_Limit
UNDEFED   __TI_INITARRAY_Base     
UNDEFED   __TI_INITARRAY_Limit    
0000d7de  __TI_ISR_TRAP           
0000d7a0  __TI_decompress_none    
0000d7f2  __TI_decompress_rle24   
0000ffe0  __TI_int00              
0000ffe4  __TI_int02              
0000ffe6  __TI_int03              
0000ffea  __TI_int05              
0000ffec  __TI_int06              
0000ffee  __TI_int07              
0000fff0  __TI_int08              
0000fff2  __TI_int09              
0000fff4  __TI_int10              
0000fff6  __TI_int11              
0000fff8  __TI_int12              
0000fffa  __TI_int13              
0000fffc  __TI_int14              
ffffffff  __TI_pprof_out_hndl     
ffffffff  __TI_prof_data_size     
ffffffff  __TI_prof_data_start    
ffffffff  __c_args__              
0000cd4c  __mspabi_addf           
0000d5d8  __mspabi_cmpf           
0000d198  __mspabi_divf           
0000d4b2  __mspabi_fixfi          
0000d66a  __mspabi_fltif          
0000d7d0  __mspabi_func_epilog_1  
0000d7ce  __mspabi_func_epilog_2  
0000d7cc  __mspabi_func_epilog_3  
0000d7ca  __mspabi_func_epilog_4  
0000d7c8  __mspabi_func_epilog_5  
0000d7c6  __mspabi_func_epilog_6  
0000d7c4  __mspabi_func_epilog_7  
0000d034  __mspabi_mpyf           
0000d77a  __mspabi_mpyi           
0000d77a  __mspabi_mpyi_sw        
0000d7d4  __mspabi_negf           
0000d6cc  __mspabi_slli           
0000d6f4  __mspabi_slli_1         
0000d6e2  __mspabi_slli_10        
0000d6e0  __mspabi_slli_11        
0000d6de  __mspabi_slli_12        
0000d6dc  __mspabi_slli_13        
0000d6da  __mspabi_slli_14        
0000d6d8  __mspabi_slli_15        
0000d6f2  __mspabi_slli_2         
0000d6f0  __mspabi_slli_3         
0000d6ee  __mspabi_slli_4         
0000d6ec  __mspabi_slli_5         
0000d6ea  __mspabi_slli_6         
0000d6e8  __mspabi_slli_7         
0000d6e6  __mspabi_slli_8         
0000d6e4  __mspabi_slli_9         
0000d6a0  __mspabi_srai           
0000d6c8  __mspabi_srai_1         
0000d6b6  __mspabi_srai_10        
0000d6b4  __mspabi_srai_11        
0000d6b2  __mspabi_srai_12        
0000d6b0  __mspabi_srai_13        
0000d6ae  __mspabi_srai_14        
0000d6ac  __mspabi_srai_15        
0000d6c6  __mspabi_srai_2         
0000d6c4  __mspabi_srai_3         
0000d6c2  __mspabi_srai_4         
0000d6c0  __mspabi_srai_5         
0000d6be  __mspabi_srai_6         
0000d6bc  __mspabi_srai_7         
0000d6ba  __mspabi_srai_8         
0000d6b8  __mspabi_srai_9         
0000cd46  __mspabi_subf           
0000d444  _auto_init              
0000d71e  _c_int00_noargs_noexit  
0000fffe  _reset_vector           
000003b0  _stack                  
0000d7fc  _system_post_cinit      
0000d7f8  _system_pre_init        
0000d7ec  abort                   
00000300  accelorameter_raw       
0000c882  atan2f                  
0000c3cc  atanf                   
00000344  ax                      
0000031c  ax_char                 
0000030c  ay                      
0000031e  ay_char                 
00000310  az                      
00000320  az_char                 
0000d57e  copy_in                 
00000354  errno                   
0000034c  g_Rate                  
00000306  gyroscope_raw           
00000314  gz                      
00000350  gz_offset               
0000c000  main                    
0000d7b2  memcpy                  
0000033c  nomotion_gyro_counter   
00000318  pitch                   
00000322  pitch_char              
00000336  read                    
00000333  rec_LEN                 
0000032c  received_ch             
00000324  roll_char               
00000200  rxPackArray             
00000334  rx_ACK                  
00000331  rx_CMD                  
00000330  rx_CRC                  
00000332  rx_LEN                  
0000032e  rx_REC                  
0000032f  rx_State                
00000326  sensor                  
0000cc0a  sqrtf                   
00000338  timer                   
0000033a  timer_count             
00000335  uart_rx_received        
00000328  whoami                  
00000348  yaw                     
0000032a  yaw_char                


GLOBAL SYMBOLS: SORTED BY Symbol Address 

address   name                    
-------   ----                    
00000000  IE1                     
00000001  IE2                     
00000002  IFG1                    
00000003  IFG2                    
00000010  P3REN                   
00000018  P3IN                    
00000019  P3OUT                   
0000001a  P3DIR                   
0000001b  P3SEL                   
00000020  P1IN                    
00000021  P1OUT                   
00000022  P1DIR                   
00000023  P1IFG                   
00000024  P1IES                   
00000025  P1IE                    
00000026  P1SEL                   
00000027  P1REN                   
00000028  P2IN                    
00000029  P2OUT                   
0000002a  P2DIR                   
0000002b  P2IFG                   
0000002c  P2IES                   
0000002d  P2IE                    
0000002e  P2SEL                   
0000002f  P2REN                   
00000041  P1SEL2                  
00000042  P2SEL2                  
00000043  P3SEL2                  
00000048  ADC10DTC0               
00000049  ADC10DTC1               
0000004a  ADC10AE0                
00000050  __STACK_SIZE            
00000053  BCSCTL3                 
00000056  DCOCTL                  
00000057  BCSCTL1                 
00000058  BCSCTL2                 
00000059  CACTL1                  
0000005a  CACTL2                  
0000005b  CAPD                    
0000005d  UCA0ABCTL               
0000005e  UCA0IRTCTL              
0000005f  UCA0IRRCTL              
00000060  UCA0CTL0                
00000061  UCA0CTL1                
00000062  UCA0BR0                 
00000063  UCA0BR1                 
00000064  UCA0MCTL                
00000065  UCA0STAT                
00000066  UCA0RXBUF               
00000067  UCA0TXBUF               
00000068  UCB0CTL0                
00000069  UCB0CTL1                
0000006a  UCB0BR0                 
0000006b  UCB0BR1                 
0000006c  UCB0I2CIE               
0000006d  UCB0STAT                
0000006e  UCB0RXBUF               
0000006f  UCB0TXBUF               
00000118  UCB0I2COA               
0000011a  UCB0I2CSA               
0000011e  TA1IV                   
00000120  WDTCTL                  
00000128  FCTL1                   
0000012a  FCTL2                   
0000012c  FCTL3                   
0000012e  TA0IV                   
00000160  TA0CTL                  
00000162  TA0CCTL0                
00000164  TA0CCTL1                
00000166  TA0CCTL2                
00000170  TA0R                    
00000172  TA0CCR0                 
00000174  TA0CCR1                 
00000176  TA0CCR2                 
00000180  TA1CTL                  
00000182  TA1CCTL0                
00000184  TA1CCTL1                
00000186  TA1CCTL2                
00000190  TA1R                    
00000192  TA1CCR0                 
00000194  TA1CCR1                 
00000196  TA1CCR2                 
000001b0  ADC10CTL0               
000001b2  ADC10CTL1               
000001b4  ADC10MEM                
000001bc  ADC10SA                 
00000200  rxPackArray             
00000300  accelorameter_raw       
00000306  gyroscope_raw           
0000030c  ay                      
00000310  az                      
00000314  gz                      
00000318  pitch                   
0000031c  ax_char                 
0000031e  ay_char                 
00000320  az_char                 
00000322  pitch_char              
00000324  roll_char               
00000326  sensor                  
00000328  whoami                  
0000032a  yaw_char                
0000032c  received_ch             
0000032e  rx_REC                  
0000032f  rx_State                
00000330  rx_CRC                  
00000331  rx_CMD                  
00000332  rx_LEN                  
00000333  rec_LEN                 
00000334  rx_ACK                  
00000335  uart_rx_received        
00000336  read                    
00000338  timer                   
0000033a  timer_count             
0000033c  nomotion_gyro_counter   
0000033e  Z_Calibrate             
00000340  X_Calibrate             
00000342  Y_Calibrate             
00000344  ax                      
00000348  yaw                     
0000034c  g_Rate                  
00000350  gz_offset               
00000354  errno                   
000003b0  _stack                  
00000400  __STACK_END             
000010c0  TLV_CHECKSUM            
000010da  TLV_ADC10_1_TAG         
000010db  TLV_ADC10_1_LEN         
000010f6  TLV_DCO_30_TAG          
000010f7  TLV_DCO_30_LEN          
000010f8  CALDCO_16MHZ            
000010f9  CALBC1_16MHZ            
000010fa  CALDCO_12MHZ            
000010fb  CALBC1_12MHZ            
000010fc  CALDCO_8MHZ             
000010fd  CALBC1_8MHZ             
000010fe  CALDCO_1MHZ             
000010ff  CALBC1_1MHZ             
0000c000  main                    
0000c3cc  atanf                   
0000c642  Init_BMI160             
0000c882  atan2f                  
0000cac2  Initialization          
0000cc0a  sqrtf                   
0000cd46  __mspabi_subf           
0000cd4c  __mspabi_addf           
0000ce78  Read_Accelorameter      
0000cf56  Read_Gyroscope          
0000d034  __mspabi_mpyf           
0000d0f8  Uart_TransmitTxPack     
0000d198  __mspabi_divf           
0000d234  USCI0RX_ISR             
0000d2c2  Init                    
0000d348  Float_to_Char_array     
0000d3c8  Port_2                  
0000d444  _auto_init              
0000d4b2  __mspabi_fixfi          
0000d57e  copy_in                 
0000d5d8  __mspabi_cmpf           
0000d622  SPI_Transceive          
0000d66a  __mspabi_fltif          
0000d6a0  __mspabi_srai           
0000d6ac  __mspabi_srai_15        
0000d6ae  __mspabi_srai_14        
0000d6b0  __mspabi_srai_13        
0000d6b2  __mspabi_srai_12        
0000d6b4  __mspabi_srai_11        
0000d6b6  __mspabi_srai_10        
0000d6b8  __mspabi_srai_9         
0000d6ba  __mspabi_srai_8         
0000d6bc  __mspabi_srai_7         
0000d6be  __mspabi_srai_6         
0000d6c0  __mspabi_srai_5         
0000d6c2  __mspabi_srai_4         
0000d6c4  __mspabi_srai_3         
0000d6c6  __mspabi_srai_2         
0000d6c8  __mspabi_srai_1         
0000d6cc  __mspabi_slli           
0000d6d8  __mspabi_slli_15        
0000d6da  __mspabi_slli_14        
0000d6dc  __mspabi_slli_13        
0000d6de  __mspabi_slli_12        
0000d6e0  __mspabi_slli_11        
0000d6e2  __mspabi_slli_10        
0000d6e4  __mspabi_slli_9         
0000d6e6  __mspabi_slli_8         
0000d6e8  __mspabi_slli_7         
0000d6ea  __mspabi_slli_6         
0000d6ec  __mspabi_slli_5         
0000d6ee  __mspabi_slli_4         
0000d6f0  __mspabi_slli_3         
0000d6f2  __mspabi_slli_2         
0000d6f4  __mspabi_slli_1         
0000d6f8  Timer_A                 
0000d71e  _c_int00_noargs_noexit  
0000d738  Uart_putchar            
0000d750  PackCRC                 
0000d766  Port_1                  
0000d77a  __mspabi_mpyi           
0000d77a  __mspabi_mpyi_sw        
0000d78e  SPI_Read                
0000d7a0  __TI_decompress_none    
0000d7b2  memcpy                  
0000d7c4  __mspabi_func_epilog_7  
0000d7c6  __mspabi_func_epilog_6  
0000d7c8  __mspabi_func_epilog_5  
0000d7ca  __mspabi_func_epilog_4  
0000d7cc  __mspabi_func_epilog_3  
0000d7ce  __mspabi_func_epilog_2  
0000d7d0  __mspabi_func_epilog_1  
0000d7d4  __mspabi_negf           
0000d7de  __TI_ISR_TRAP           
0000d7e6  SPI_Write               
0000d7ec  C$$EXIT                 
0000d7ec  abort                   
0000d7f2  __TI_decompress_rle24   
0000d7f8  _system_pre_init        
0000d7fc  _system_post_cinit      
0000d850  __TI_Handler_Table_Base 
0000d854  __TI_CINIT_Base         
0000d854  __TI_Handler_Table_Limit
0000d85c  __TI_CINIT_Limit        
0000ffe0  __TI_int00              
0000ffe4  __TI_int02              
0000ffe6  __TI_int03              
0000ffea  __TI_int05              
0000ffec  __TI_int06              
0000ffee  __TI_int07              
0000fff0  __TI_int08              
0000fff2  __TI_int09              
0000fff4  __TI_int10              
0000fff6  __TI_int11              
0000fff8  __TI_int12              
0000fffa  __TI_int13              
0000fffc  __TI_int14              
0000fffe  _reset_vector           
ffffffff  __TI_pprof_out_hndl     
ffffffff  __TI_prof_data_size     
ffffffff  __TI_prof_data_start    
ffffffff  __c_args__              
UNDEFED   __TI_BINIT_Base         
UNDEFED   __TI_BINIT_Limit        
UNDEFED   __TI_INITARRAY_Base     
UNDEFED   __TI_INITARRAY_Limit    

[243 symbols]
